******************************************************************************
                  TI ARM Linker PC v20.2.7                     
******************************************************************************
>> Linked Sat Apr 19 23:47:33 2025

OUTPUT FILE NAME:   <smart_ir_hub.out>
ENTRY POINT SYMBOL: "_c_int00_noargs"  address: 20005079


MEMORY CONFIGURATION

         name            origin    length      used     unused   attr    fill
----------------------  --------  ---------  --------  --------  ----  --------
  SRAM_CODE             20004000   00012fff  00001502  00011afd  RW X
  SRAM_DATA             20017000   00019000  00000809  000187f7  RW X


SEGMENT ALLOCATION MAP

run origin  load origin   length   init length attrs members
----------  ----------- ---------- ----------- ----- -------
20004000    20004000    00001508   00001508    r-x
  20004000    20004000    00000400   00000400    r-- .intvecs
  20004400    20004400    00000e3e   00000e3e    r-x .text
  20005240    20005240    00000294   00000294    r-- .const
  200054d8    200054d8    00000030   00000030    r-- .cinit
20017000    20017000    00000009   00000000    rw-
  20017000    20017000    00000008   00000000    rw- .bss
  20017008    20017008    00000001   00000000    rw- .data
2002f800    2002f800    00000800   00000000    rw-
  2002f800    2002f800    00000800   00000000    rw- .stack


SECTION ALLOCATION MAP

 output                                  attributes/
section   page    origin      length       input sections
--------  ----  ----------  ----------   ----------------
.intvecs   0    20004000    00000400     
                  20004000    00000400     startup_ccs.obj (.intvecs)

.init_array 
*          0    20004000    00000000     UNINITIALIZED

.text      0    20004400    00000e3e     
                  20004400    00000240     ir_uart.obj (.text)
                  20004640    000001fc     peripheral_test.obj (.text)
                  2000483c    00000178     driverlib.a : prcm.obj (.text:PRCMCC3200MCUInit)
                  200049b4    000000a8                 : interrupt.obj (.text:IntEnable)
                  20004a5c    0000009c     rtsv7M4_T_le_eabi.lib : memcpy_t2.asm.obj (.text)
                  20004af8    00000094     driverlib.a : prcm.obj (.text:PRCMPeripheralClockGet)
                  20004b8c    00000088                 : pin.obj (.text:PinConfigSet)
                  20004c14    00000076                 : uart.obj (.text:UARTConfigSetExpClk)
                  20004c8a    00000002     --HOLE-- [fill = 0]
                  20004c8c    00000070                 : timer.obj (.text:TimerIntRegister)
                  20004cfc    00000068     rtsv7M4_T_le_eabi.lib : copy_decompress_lzss.c.obj (.text:decompress:lzss:__TI_decompress_lzss)
                  20004d64    00000058     driverlib.a : prcm.obj (.text:PRCMPeripheralReset)
                  20004dbc    00000054                 : interrupt.obj (.text:IntPrioritySet)
                  20004e10    00000044                 : timer.obj (.text:TimerConfigure)
                  20004e54    00000044     rtsv7M4_T_le_eabi.lib : autoinit.c.obj (.text:__TI_auto_init_nobinit_nopinit:__TI_auto_init_nobinit_nopinit)
                  20004e98    00000040     driverlib.a : pin.obj (.text:PinModeSet)
                  20004ed8    0000003c                 : prcm.obj (.text:PRCMPeripheralClkEnable)
                  20004f14    00000036                 : gpio.obj (.text:GPIODirModeSet)
                  20004f4a    00000030                 : pin.obj (.text:PinTypeGPIO)
                  20004f7a    00000002     --HOLE-- [fill = 0]
                  20004f7c    00000030                 : uart.obj (.text:UARTDisable)
                  20004fac    0000002c                 : prcm.obj (.text:PRCMSysResetCauseGet)
                  20004fd8    0000002a                 : timer.obj (.text:TimerLoadSet)
                  20005002    0000002a                 : timer.obj (.text:TimerPrescaleSet)
                  2000502c    00000028                 : prcm.obj (.text:PRCMPeripheralClkDisable)
                  20005054    00000024                 : uart.obj (.text:UARTEnable)
                  20005078    00000024     rtsv7M4_T_le_eabi.lib : boot_cortex_m.c.obj (.text:_c_int00_noargs:_c_int00_noargs)
                  2000509c    00000020     driverlib.a : gpio.obj (.text:GPIOPinWrite)
                  200050bc    00000020                 : interrupt.obj (.text:IntRegister)
                  200050dc    00000020     main.obj (.text)
                  200050fc    0000001e     driverlib.a : timer.obj (.text:TimerEnable)
                  2000511a    0000001e                 : timer.obj (.text:TimerIntStatus)
                  20005138    0000001e                 : uart.obj (.text:UARTCharPut)
                  20005156    0000001c     rtsv7M4_T_le_eabi.lib : copy_zero_init.c.obj (.text:decompress:ZI:__TI_zero_init_nomemset:__TI_zero_init_nomemset)
                  20005172    0000001a     driverlib.a : pin.obj (.text:PinTypeUART)
                  2000518c    00000018                 : timer.obj (.text:TimerIntEnable)
                  200051a4    00000016                 : prcm.obj (.text:PRCMHIBRegRead)
                  200051ba    00000016                 : prcm.obj (.text:PRCMHIBRegWrite)
                  200051d0    00000014                 : cpu.obj (.text:CPUcpsie)
                  200051e4    00000014                 : interrupt.obj (.text:IntVTableBaseSet)
                  200051f8    00000012                 : timer.obj (.text:TimerIntClear)
                  2000520a    0000000e     rtsv7M4_T_le_eabi.lib : copy_decompress_none.c.obj (.text:decompress:none:__TI_decompress_none)
                  20005218    0000000e     startup_ccs.obj (.text)
                  20005226    0000000a     driverlib.a : interrupt.obj (.text:IntMasterEnable)
                  20005230    00000006                 : utils.obj (.text:UtilsDelay)
                  20005236    00000004     rtsv7M4_T_le_eabi.lib : pre_init.c.obj (.text:_system_pre_init)
                  2000523a    00000004                           : exit.c.obj (.text:abort:abort)

.const     0    20005240    00000294     
                  20005240    00000100     driverlib.a : pin.obj (.const:g_ulPinToPadMap)
                  20005340    000000d4                 : interrupt.obj (.const:g_pulRegs)
                  20005414    000000a8                 : prcm.obj (.const:PRCM_PeriphRegsList)
                  200054bc    00000018                 : interrupt.obj (.const:g_pulEnRegs)

.cinit     0    200054d8    00000030     
                  200054d8    0000000c     (__TI_handler_table)
                  200054e4    00000004     --HOLE-- [fill = 0]
                  200054e8    00000008     (.cinit..bss.load) [load image, compression = zero_init]
                  200054f0    00000005     (.cinit..data.load) [load image, compression = lzss]
                  200054f5    00000003     --HOLE-- [fill = 0]
                  200054f8    00000010     (__TI_cinit_table)

.bss       0    20017000    00000008     UNINITIALIZED
                  20017000    00000004     ir_uart.obj (.bss)
                  20017004    00000004     (.common:g_ulTimerInts)

.data      0    20017008    00000001     UNINITIALIZED
                  20017008    00000001     peripheral_test.obj (.data)

.stack     0    2002f800    00000800     UNINITIALIZED
                  2002f800    00000004     rtsv7M4_T_le_eabi.lib : boot_cortex_m.c.obj (.stack)
                  2002f804    000007fc     --HOLE--

__llvm_prf_cnts 
*          0    20017000    00000000     UNINITIALIZED

MODULE SUMMARY

       Module                       code   ro data   rw data
       ------                       ----   -------   -------
    .\
       startup_ccs.obj              14     1024      0      
       ir_uart.obj                  576    0         4      
       peripheral_test.obj          508    0         5      
       main.obj                     32     0         0      
    +--+----------------------------+------+---------+---------+
       Total:                       1130   1024      9      
                                                            
    C:/ti/CC3200SDK_1.5.0/cc3200-sdk/driverlib/ccs/Release/driverlib.a
       prcm.obj                     800    168       0      
       interrupt.obj                314    236       0      
       pin.obj                      274    256       0      
       timer.obj                    366    0         0      
       uart.obj                     232    0         0      
       gpio.obj                     86     0         0      
       cpu.obj                      20     0         0      
       utils.obj                    6      0         0      
    +--+----------------------------+------+---------+---------+
       Total:                       2098   660       0      
                                                            
    C:\ti\ccsv8\tools\compiler\ti-cgt-arm_20.2.7.LTS\lib\rtsv7M4_T_le_eabi.lib
       memcpy_t2.asm.obj            156    0         0      
       copy_decompress_lzss.c.obj   104    0         0      
       autoinit.c.obj               68     0         0      
       boot_cortex_m.c.obj          36     0         0      
       copy_zero_init.c.obj         28     0         0      
       copy_decompress_none.c.obj   14     0         0      
       exit.c.obj                   4      0         0      
       pre_init.c.obj               4      0         0      
    +--+----------------------------+------+---------+---------+
       Total:                       414    0         0      
                                                            
       Stack:                       0      0         2048   
       Linker Generated:            0      41        0      
    +--+----------------------------+------+---------+---------+
       Grand Total:                 3642   1725      2057   


LINKER GENERATED COPY TABLES

__TI_cinit_table @ 200054f8 records: 2, size/record: 8, table size: 16
	.bss: load addr=200054e8, load size=00000008 bytes, run addr=20017000, run size=00000008 bytes, compression=zero_init
	.data: load addr=200054f0, load size=00000005 bytes, run addr=20017008, run size=00000001 bytes, compression=lzss


LINKER GENERATED HANDLER TABLE

__TI_handler_table @ 200054d8 records: 3, size/record: 4, table size: 12
	index: 0, handler: __TI_decompress_lzss
	index: 1, handler: __TI_decompress_none
	index: 2, handler: __TI_zero_init


GLOBAL SYMBOLS: SORTED ALPHABETICALLY BY Name 

address   name                          
-------   ----                          
2000523b  C$$EXIT                       
200051d1  CPUcpsie                      
2000445d  ClearTerm                     
20004f15  GPIODirModeSet                
2000509d  GPIOPinWrite                  
2000443f  InitTerm                      
2000449b  InitUART                      
200049b5  IntEnable                     
20005227  IntMasterEnable               
20004dbd  IntPrioritySet                
200050bd  IntRegister                   
200051e5  IntVTableBaseSet              
2000441d  Message                       
2000483d  PRCMCC3200MCUInit             
200051a5  PRCMHIBRegRead                
200051bb  PRCMHIBRegWrite               
2000502d  PRCMPeripheralClkDisable      
20004ed9  PRCMPeripheralClkEnable       
20004af9  PRCMPeripheralClockGet        
20004d65  PRCMPeripheralReset           
20004fad  PRCMSysResetCauseGet          
20004b8d  PinConfigSet                  
20004e99  PinModeSet                    
200046a3  PinMuxConfig                  
20004f4b  PinTypeGPIO                   
20005173  PinTypeUART                   
20005219  ResetISR                      
2000479d  TEST_Timer                    
200047f1  TEST_UART                     
200046eb  Test_LED                      
20004771  Test_TimerAIntHandler         
20004e11  TimerConfigure                
200050fd  TimerEnable                   
200051f9  TimerIntClear                 
2000518d  TimerIntEnable                
20004c8d  TimerIntRegister              
2000511b  TimerIntStatus                
20004fd9  TimerLoadSet                  
20005003  TimerPrescaleSet              
20004759  Timer_IF_InterruptClear       
20004657  TurnONLED                     
20005139  UARTCharPut                   
20004c15  UARTConfigSetExpClk           
20004f7d  UARTDisable                   
20005055  UARTEnable                    
20004401  UARTPinMuxConfig              
20004467  UARTPrintHeaderInfo           
20005231  UtilsDelay                    
20030000  __STACK_END                   
00000800  __STACK_SIZE                  
200054f8  __TI_CINIT_Base               
20005508  __TI_CINIT_Limit              
200054d8  __TI_Handler_Table_Base       
200054e4  __TI_Handler_Table_Limit      
20004e55  __TI_auto_init_nobinit_nopinit
20004cfd  __TI_decompress_lzss          
2000520b  __TI_decompress_none          
ffffffff  __TI_pprof_out_hndl           
ffffffff  __TI_prof_data_size           
ffffffff  __TI_prof_data_start          
200054d8  __TI_static_base__            
20005157  __TI_zero_init_nomemset       
20004a5d  __aeabi_memcpy                
20004a5d  __aeabi_memcpy4               
20004a5d  __aeabi_memcpy8               
ffffffff  __binit__                     
ffffffff  __c_args__                    
UNDEFED   __mpu_init                    
2002f800  __stack                       
20017000  __start___llvm_prf_cnts       
20017000  __stop___llvm_prf_cnts        
20005079  _c_int00_noargs               
UNDEFED   _system_post_cinit            
20005237  _system_pre_init              
2000523b  abort                         
ffffffff  binit                         
20004641  delay_ms                      
20004000  g_pfnVectors                  
20017004  g_ulTimerInts                 
20017008  led_state                     
200050dd  main                          
20004a5d  memcpy                        


GLOBAL SYMBOLS: SORTED BY Symbol Address 

address   name                          
-------   ----                          
00000800  __STACK_SIZE                  
20004000  g_pfnVectors                  
20004401  UARTPinMuxConfig              
2000441d  Message                       
2000443f  InitTerm                      
2000445d  ClearTerm                     
20004467  UARTPrintHeaderInfo           
2000449b  InitUART                      
20004641  delay_ms                      
20004657  TurnONLED                     
200046a3  PinMuxConfig                  
200046eb  Test_LED                      
20004759  Timer_IF_InterruptClear       
20004771  Test_TimerAIntHandler         
2000479d  TEST_Timer                    
200047f1  TEST_UART                     
2000483d  PRCMCC3200MCUInit             
200049b5  IntEnable                     
20004a5d  __aeabi_memcpy                
20004a5d  __aeabi_memcpy4               
20004a5d  __aeabi_memcpy8               
20004a5d  memcpy                        
20004af9  PRCMPeripheralClockGet        
20004b8d  PinConfigSet                  
20004c15  UARTConfigSetExpClk           
20004c8d  TimerIntRegister              
20004cfd  __TI_decompress_lzss          
20004d65  PRCMPeripheralReset           
20004dbd  IntPrioritySet                
20004e11  TimerConfigure                
20004e55  __TI_auto_init_nobinit_nopinit
20004e99  PinModeSet                    
20004ed9  PRCMPeripheralClkEnable       
20004f15  GPIODirModeSet                
20004f4b  PinTypeGPIO                   
20004f7d  UARTDisable                   
20004fad  PRCMSysResetCauseGet          
20004fd9  TimerLoadSet                  
20005003  TimerPrescaleSet              
2000502d  PRCMPeripheralClkDisable      
20005055  UARTEnable                    
20005079  _c_int00_noargs               
2000509d  GPIOPinWrite                  
200050bd  IntRegister                   
200050dd  main                          
200050fd  TimerEnable                   
2000511b  TimerIntStatus                
20005139  UARTCharPut                   
20005157  __TI_zero_init_nomemset       
20005173  PinTypeUART                   
2000518d  TimerIntEnable                
200051a5  PRCMHIBRegRead                
200051bb  PRCMHIBRegWrite               
200051d1  CPUcpsie                      
200051e5  IntVTableBaseSet              
200051f9  TimerIntClear                 
2000520b  __TI_decompress_none          
20005219  ResetISR                      
20005227  IntMasterEnable               
20005231  UtilsDelay                    
20005237  _system_pre_init              
2000523b  C$$EXIT                       
2000523b  abort                         
200054d8  __TI_Handler_Table_Base       
200054d8  __TI_static_base__            
200054e4  __TI_Handler_Table_Limit      
200054f8  __TI_CINIT_Base               
20005508  __TI_CINIT_Limit              
20017000  __start___llvm_prf_cnts       
20017000  __stop___llvm_prf_cnts        
20017004  g_ulTimerInts                 
20017008  led_state                     
2002f800  __stack                       
20030000  __STACK_END                   
ffffffff  __TI_pprof_out_hndl           
ffffffff  __TI_prof_data_size           
ffffffff  __TI_prof_data_start          
ffffffff  __binit__                     
ffffffff  __c_args__                    
ffffffff  binit                         
UNDEFED   __mpu_init                    
UNDEFED   _system_post_cinit            

[82 symbols]
