******************************************************************************
                  TI ARM Linker PC v20.2.7                     
******************************************************************************
>> Linked Sun Apr 20 13:34:50 2025

OUTPUT FILE NAME:   <smart_ir_hub.out>
ENTRY POINT SYMBOL: "_c_int00"  address: 2000faf5


MEMORY CONFIGURATION

         name            origin    length      used     unused   attr    fill
----------------------  --------  ---------  --------  --------  ----  --------
  SRAM_CODE             20004000   00012fff  00010090  00002f6f  RW X
  SRAM_DATA             20017000   00019000  0000ba61  0000d59f  RW X


SEGMENT ALLOCATION MAP

run origin  load origin   length   init length attrs members
----------  ----------- ---------- ----------- ----- -------
20004000    20004000    00010098   00010098    r-x
  20004000    20004000    0000030c   0000030c    r-- .resetVecs
  20004310    20004310    0000d68a   0000d68a    r-x .text
  2001199c    2001199c    0000251a   0000251a    r-- .const
  20013eb8    20013eb8    000001e0   000001e0    r-- .cinit
20017000    20017000    00009a64   00000000    rw-
  20017000    20017000    00009641   00000000    rw- .bss
  20020644    20020644    00000420   00000000    rw- .data
2002e000    2002e000    00002000   00000000    rw-
  2002e000    2002e000    00002000   00000000    rw- .stack


SECTION ALLOCATION MAP

 output                                  attributes/
section   page    origin      length       input sections
--------  ----  ----------  ----------   ----------------
.init_array 
*          0    20004000    00000000     UNINITIALIZED

.text      0    20004310    0000d68a     
                  20004310    00000edc     ir_wifi.obj (.text)
                  200051ec    00000a4e     rtsv7M4_T_le_eabi.lib : _printfi.c.obj (.text:__TI_printfi)
                  20005c3a    00000002                           : _lock.c.obj (.text:_nop)
                  20005c3c    00000590     simplelink.a : driver.obj (.text:_SlDrvMsgRead)
                  200061cc    00000540     ti_rtos.a : osi_tirtos.obj (.text)
                  2000670c    00000004     rtsv7M4_T_le_eabi.lib : exit.c.obj (.text:abort:abort)
                  20006710    00000430     sysbios.aem4 : BIOS.obj (.text:ti_sysbios_family_arm_m3_Hwi_excDumpRegs__I)
                  20006b40    00000390     ir_gpio_if.obj (.text)
                  20006ed0    0000034c     ti.targets.arm.rtsarm.aem4 : System.oem4 (.text:xdc_runtime_System_doPrint__I)
                  2000721c    00000004     app_pem4.oem4 (.text:ti_sysbios_BIOS_RtsGateProxy_enter__E)
                  20007220    0000031c     sysbios.aem4 : BIOS.obj (.text:ti_sysbios_knl_Semaphore_pend__E)
                  2000753c    00000280     simplelink.a : wlan.obj (.text:sl_WlanConnect)
                  200077bc    0000027c     ir_uart.obj (.text)
                  20007a38    0000026c     sysbios.aem4 : BIOS.obj (.text:ti_sysbios_heaps_HeapMem_free__E)
                  20007ca4    00000268     rtsv7M4_T_le_eabi.lib : _printfi.c.obj (.text:_pconv_a)
                  20007f0c    00000004     app_pem4.oem4 (.text:ti_sysbios_BIOS_RtsGateProxy_leave__E)
                  20007f10    00000250     sysbios.aem4 : BIOS.obj (.text:ti_sysbios_heaps_HeapMem_alloc__E)
                  20008160    00000248     simplelink.a : driver.obj (.text:_SlDrvRxHdrRead)
                  200083a8    00000234     sysbios.aem4 : BIOS.obj (.text:ti_sysbios_knl_Task_Instance_finalize__E)
                  200085dc    00000004     app_pem4.oem4 (.text:ti_sysbios_family_arm_m3_Hwi_delete)
                  200085e0    00000208     sysbios.aem4 : BIOS.obj (.text:ti_sysbios_knl_Task_sleep__E)
                  200087e8    000001f4                  : BIOS.obj (.text:ti_sysbios_family_arm_m3_Hwi_excHandlerMax__I)
                  200089dc    000001d0     simplelink.a : driver.obj (.text:_SlDrvReleasePoolObj)
                  20008bac    000001cc     rtsv7M4_T_le_eabi.lib : _printfi.c.obj (.text:_pconv_g)
                  20008d78    000001c0     sysbios.aem4 : BIOS.obj (.text:ti_sysbios_knl_Task_Instance_init__E)
                  20008f38    000001b6     rtsv7M4_T_le_eabi.lib : fd_add_t2.asm.obj (.text)
                  200090ee    00000002                           : div0.asm.obj (.text)
                  200090f0    000001b0     simplelink.a : netapp.obj (.text:sl_NetAppPingStart)
                  200092a0    0000019c                  : driver.obj (.text:_SlDrvMsgWrite)
                  2000943c    00000004     app_pem4.oem4 (.text:ti_sysbios_family_arm_m3_TaskSupport_Module__startupDone__S)
                  20009440    0000019c     sysbios.aem4 : BIOS.obj (.text:ti_sysbios_knl_Task_Module_startup__E)
                  200095dc    00000190     simplelink.a : driver.obj (.text:_SlDrvDriverCBInit)
                  2000976c    00000190                  : driver.obj (.text:_SlDrvWaitForPoolObj)
                  200098fc    00000178     driverlib.a : prcm.obj (.text:PRCMCC3200MCUInit)
                  20009a74    00000004     app_pem4.oem4 (.text:ti_sysbios_heaps_HeapMem_Module_GateProxy_enter__E)
                  20009a78    00000174     sysbios.aem4 : BIOS.obj (.text:ti_sysbios_family_arm_m3_Hwi_excBusFault__I)
                  20009bec    00000170     simplelink.a : driver.obj (.text:_SlFindAndSetActiveObj)
                  20009d5c    00000004     app_pem4.oem4 (.text:ti_sysbios_heaps_HeapMem_Module_GateProxy_leave__E)
                  20009d60    00000164     sysbios.aem4 : BIOS.obj (.text:ti_sysbios_family_arm_m3_Hwi_excUsageFault__I)
                  20009ec4    00000004     app_pem4.oem4 (.text:ti_sysbios_knl_Clock_TimerProxy_getMaxTicks__E)
                  20009ec8    00000160     sysbios.aem4 : BIOS.obj (.text:ti_sysbios_knl_Mailbox_Instance_init__E)
                  2000a028    00000150     simplelink.a : cc_pal.obj (.text:spi_Open)
                  2000a178    00000148     sysbios.aem4 : BIOS.obj (.text:ti_sysbios_family_arm_m3_Hwi_excMemFault__I)
                  2000a2c0    00000144     simplelink.a : netapp.obj (.text:sl_NetAppDnsGetHostByName)
                  2000a404    00000004     app_pem4.oem4 (.text:ti_sysbios_knl_Mailbox_delete)
                  2000a408    00000140     sysbios.aem4 : BIOS.obj (.text:ti_sysbios_knl_Semaphore_post__E)
                  2000a548    0000013c     simplelink.a : driver.obj (.text:_SlDrvMsgReadCmdCtx)
                  2000a684    0000013c     rtsv7M4_T_le_eabi.lib : _printfi.c.obj (.text:_pconv_e)
                  2000a7c0    0000013c     sysbios.aem4 : BIOS.obj (.text:ti_sysbios_heaps_HeapMem_Instance_init__E)
                  2000a8fc    00000004     app_pem4.oem4 (.text:ti_sysbios_knl_Queue_destruct)
                  2000a900    0000013c     sysbios.aem4 : BIOS.obj (.text:ti_sysbios_knl_Clock_workFunc__E)
                  2000aa3c    00000004     app_pem4.oem4 (.text:ti_sysbios_knl_Semaphore_delete)
                  2000aa40    00000138     sysbios.aem4 : BIOS.obj (.text:ti_sysbios_family_arm_m3_Hwi_dispatchC__I)
                  2000ab78    00000138     ti.targets.arm.rtsarm.aem4 : LoggerBuf.oem4 (.text:xdc_runtime_LoggerBuf_write8__E)
                  2000acb0    00000136     rtsv7M4_T_le_eabi.lib : fd_div_t2.asm.obj (.text)
                  2000ade6    00000002     app_pem4.oem4 (.text:ti_sysbios_BIOS_nullFunc__I)
                  2000ade8    00000124     simplelink.a : driver.obj (.text:_SlDrvDriverCBDeinit)
                  2000af0c    00000120     rtsv7M4_T_le_eabi.lib : _printfi.c.obj (.text:fcvt)
                  2000b02c    00000004     app_pem4.oem4 (.text:ti_sysbios_knl_Semaphore_destruct)
                  2000b030    0000011c     sysbios.aem4 : BIOS.obj (.text:ti_sysbios_knl_Swi_run__I)
                  2000b14c    00000118     ti.targets.arm.rtsarm.aem4 : Error.oem4 (.text:xdc_runtime_Error_policyDefault__E)
                  2000b264    00000104     simplelink.a : netapp.obj (.text:_SlDrvNetAppEventHandler)
                  2000b368    00000100     ti.targets.arm.rtsarm.aem4 : Core-mem.oem4 (.text:xdc_runtime_Core_createObject__I)
                  2000b468    000000fc     rtsv7M4_T_le_eabi.lib : fd_mul_t2.asm.obj (.text)
                  2000b564    000000f8     ti.targets.arm.rtsarm.aem4 : Startup.oem4 (.text:xdc_runtime_Startup_startMods__I)
                  2000b65c    000000f8     app_pem4.oem4 (.text:xdc_runtime_System_printfExtend__I)
                  2000b754    000000f0     simplelink.a : device.obj (.text:sl_Start)
                  2000b844    000000f0                  : device.obj (.text:sl_Stop)
                  2000b934    000000f0     driverlib.a : udma.obj (.text:uDMAChannelTransferSet)
                  2000ba24    000000e8     simplelink.a : driver.obj (.text:_SlAsyncEventGenericHandler)
                  2000bb0c    000000e8                  : driver.obj (.text:_SlDrvMsgReadSpawnCtx)
                  2000bbf4    000000e4                  : netapp.obj (.text:sl_NetAppMDNSRegisterUnregisterService)
                  2000bcd8    000000dc                  : driver.obj (.text:_SlDrvClassifyRxMsg)
                  2000bdb4    000000dc                  : cc_pal.obj (.text:spi_Read)
                  2000be90    000000d4     ti.targets.arm.rtsarm.aem4 : LoggerBuf.oem4 (.text:xdc_runtime_LoggerBuf_write4__E)
                  2000bf64    000000d0     rtsv7M4_T_le_eabi.lib : s_scalbn.c.obj (.text:scalbn)
                  2000c034    00000004     app_pem4.oem4 (.text:ti_sysbios_knl_Task_delete)
                  2000c038    000000d0     sysbios.aem4 : BIOS.obj (.text:ti_sysbios_family_arm_m3_Hwi_Module_startup__E)
                  2000c108    000000d0                  : m3_Hwi_asm.obj (.text:ti_sysbios_family_arm_m3_Hwi_dispatch__I)
                  2000c1d8    000000cc     simplelink.a : netapp.obj (.text:_sl_HandleAsync_DnsGetHostByService)
                  2000c2a4    000000cc                  : device.obj (.text:sl_DevGet)
                  2000c370    000000cc     sysbios.aem4 : BIOS.obj (.text:ti_sysbios_knl_Task_schedule__I)
                  2000c43c    000000cc     ti.targets.arm.rtsarm.aem4 : Core-smem.oem4 (.text:xdc_runtime_Core_constructObject__I)
                  2000c508    000000c4     simplelink.a : driver.obj (.text:_SlRemoveFromList)
                  2000c5cc    000000c0                  : driver.obj (.text:_SlDrvCmdOp)
                  2000c68c    00000004     ti.targets.arm.rtsarm.aem4 : Error.oem4 (.text:xdc_runtime_Error_getSite__E)
                  2000c690    000000c0     sysbios.aem4 : BIOS.obj (.text:ti_sysbios_knl_Task_exit__E)
                  2000c750    000000bc                  : BIOS.obj (.text:ti_sysbios_family_arm_m3_Hwi_excDebugMon__I)
                  2000c80c    00000004     app_pem4.oem4 (.text:xdc_runtime_LoggerBuf_Module_GateProxy_enter__E)
                  2000c810    000000bc     sysbios.aem4 : BIOS.obj (.text:ti_sysbios_family_arm_m3_Hwi_excHardFault__I)
                  2000c8cc    00000004     app_pem4.oem4 (.text:xdc_runtime_LoggerBuf_Module_GateProxy_leave__E)
                  2000c8d0    000000bc     sysbios.aem4 : BIOS.obj (.text:ti_sysbios_knl_Task_startCore__E)
                  2000c98c    00000004     app_pem4.oem4 (.text:xdc_runtime_System_Module_GateProxy_enter__E)
                  2000c990    000000b4     sysbios.aem4 : BIOS.obj (.text:ti_sysbios_gates_GateMutex_enter__E)
                  2000ca44    00000004     app_pem4.oem4 (.text:xdc_runtime_System_Module_GateProxy_leave__E)
                  2000ca48    000000b4     sysbios.aem4 : BIOS.obj (.text:ti_sysbios_knl_Task_checkStacks__E)
                  2000cafc    00000004     ti.targets.arm.rtsarm.aem4 : System.oem4 (.text:xdc_runtime_System_aprintf_va__F)
                  2000cb00    000000b4     sysbios.aem4 : BIOS.obj (.text:ti_sysbios_knl_Task_yield__E)
                  2000cbb4    000000b1     rtsv7M4_T_le_eabi.lib : _printfi.c.obj (.text:_ltostr)
                  2000cc65    00000001     --HOLE-- [fill = 0]
                  2000cc66    00000002     app_pem4.oem4 (.text:xdc_runtime_Startup_reset__I)
                  2000cc68    000000ac     sysbios.aem4 : BIOS.obj (.text:ti_sysbios_knl_Swi_post__E)
                  2000cd14    000000a8     driverlib.a : interrupt.obj (.text:IntEnable)
                  2000cdbc    00000004     ti.targets.arm.rtsarm.aem4 : System.oem4 (.text:xdc_runtime_System_printf_va__F)
                  2000cdc0    000000a8     sysbios.aem4 : BIOS.obj (.text:ti_sysbios_knl_Task_blockI__E)
                  2000ce68    000000a8                  : BIOS.obj (.text:ti_sysbios_knl_Task_postInit__I)
                  2000cf10    000000a0     driverlib.a : spi.obj (.text:SPIConfigSetExpClk)
                  2000cfb0    000000a0     simplelink.a : driver.obj (.text:_SlDriverHandleError)
                  2000d050    000000a0     auto_init.aem4 : auto_init.oem4 (.text)
                  2000d0f0    000000a0     ti.targets.arm.rtsarm.aem4 : Text.oem4 (.text:xdc_runtime_Text_putMod__E)
                  2000d190    0000009c     rtsv7M4_T_le_eabi.lib : memcpy_t2.asm.obj (.text)
                  2000d22c    00000004     --HOLE-- [fill = 0]
                  2000d230    0000009c     sysbios.aem4 : BIOS.obj (.text:ti_sysbios_knl_Semaphore_Instance_init__E)
                  2000d2cc    0000009c     ti.targets.arm.rtsarm.aem4 : LoggerBuf.oem4 (.text:xdc_runtime_LoggerBuf_setFilterLevel__E)
                  2000d368    0000009a     simplelink.a : device.obj (.text:_SlDrvDeviceEventHandler)
                  2000d402    00000002     --HOLE-- [fill = 0]
                  2000d404    0000009a     ti.targets.arm.rtsarm.aem4 : Text.oem4 (.text:xdc_runtime_Text_putSite__E)
                  2000d49e    00000002     --HOLE-- [fill = 0]
                  2000d4a0    00000098     simplelink.a : netcfg.obj (.text:sl_NetCfgSet)
                  2000d538    00000098                  : wlan.obj (.text:sl_WlanSet)
                  2000d5d0    00000098     sysbios.aem4 : BIOS.obj (.text:ti_sysbios_knl_Mailbox_post__E)
                  2000d668    00000096     rtsv7M4_T_le_eabi.lib : ull_div_t2.asm.obj (.text)
                  2000d6fe    00000002     --HOLE-- [fill = 0]
                  2000d700    00000094     driverlib.a : prcm.obj (.text:PRCMPeripheralClockGet)
                  2000d794    00000004     --HOLE-- [fill = 0]
                  2000d798    00000094     sysbios.aem4 : BIOS.obj (.text:ti_sysbios_family_arm_m3_Hwi_Instance_init__E)
                  2000d82c    00000090     simplelink.a : netapp.obj (.text:_sl_HandleAsync_DnsGetHostByName)
                  2000d8bc    00000090                  : netapp.obj (.text:_sl_HandleAsync_PingResponse)
                  2000d94c    00000090                  : wlan.obj (.text:sl_WlanPolicySet)
                  2000d9dc    00000004     --HOLE-- [fill = 0]
                  2000d9e0    00000090     sysbios.aem4 : BIOS.obj (.text:ti_sysbios_knl_Task_unblockI__E)
                  2000da70    0000008c     simplelink.a : cc_pal.obj (.text:SetupDMAReceive)
                  2000dafc    0000008c                  : cc_pal.obj (.text:SetupDMASend)
                  2000db88    0000008c                  : driver.obj (.text:_SlDrvIsTimeoutExpired)
                  2000dc14    0000008c                  : device.obj (.text:_sl_HandleAsync_InitComplete)
                  2000dca0    0000008c     main.obj (.text)
                  2000dd2c    0000008c     simplelink.a : cc_pal.obj (.text:spi_Write)
                  2000ddb8    00000088     driverlib.a : pin.obj (.text:PinConfigSet)
                  2000de40    00000088     sysbios.aem4 : BIOS.obj (.text:ti_sysbios_family_arm_m3_Hwi_initNVIC__E)
                  2000dec8    00000088                  : BIOS.obj (.text:ti_sysbios_knl_Mailbox_Module_startup__E)
                  2000df50    00000088                  : BIOS.obj (.text:ti_sysbios_knl_Mailbox_pend__E)
                  2000dfd8    00000086     rtsv7M4_T_le_eabi.lib : fd_cmp_t2.asm.obj (.text:__aeabi_cdcmple)
                  2000e05e    00000086                           : fd_cmp_t2.asm.obj (.text:__aeabi_cdrcmple)
                  2000e0e4    00000084     simplelink.a : cc_pal.obj (.text:NwpPowerOnPreamble)
                  2000e168    00000084                  : wlan.obj (.text:sl_WlanRxFilterSet)
                  2000e1ec    00000004     --HOLE-- [fill = 0]
                  2000e1f0    00000084     sysbios.aem4 : BIOS.obj (.text:ti_sysbios_family_arm_m3_Hwi_postInit__I)
                  2000e274    00000082     driverlib.a : gpio.obj (.text:GPIOIntTypeSet)
                  2000e2f6    00000002     --HOLE-- [fill = 0]
                  2000e2f8    00000080     simplelink.a : socket.obj (.text:_sl_HandleAsync_Connect)
                  2000e378    00000080                  : cc_pal.obj (.text:spi_Read_CPU)
                  2000e3f8    00000080                  : cc_pal.obj (.text:spi_Write_CPU)
                  2000e478    0000007a     rtsv7M4_T_le_eabi.lib : memset_t2.asm.obj (.text)
                  2000e4f2    00000002     --HOLE-- [fill = 0]
                  2000e4f4    00000078     simplelink.a : cc_pal.obj (.text:spi_Close)
                  2000e56c    00000076     driverlib.a : uart.obj (.text:UARTConfigSetExpClk)
                  2000e5e2    00000002     --HOLE-- [fill = 0]
                  2000e5e4    00000074     ti.targets.arm.rtsarm.aem4 : LoggerBuf.oem4 (.text:xdc_runtime_LoggerBuf_getFilterLevel__E)
                  2000e658    00000070     sysbios.aem4 : BIOS.obj (.text:ti_sysbios_family_arm_m3_TimestampProvider_get64__E)
                  2000e6c8    00000070                  : BIOS.obj (.text:ti_sysbios_knl_Mailbox_Instance_finalize__E)
                  2000e738    0000006e     rtsv7M4_T_le_eabi.lib : _printfi.c.obj (.text:_mcpy)
                  2000e7a6    00000002     --HOLE-- [fill = 0]
                  2000e7a8    0000006d     ti.targets.arm.rtsarm.aem4 : System.oem4 (.text:xdc_runtime_System_formatNum__I)
                  2000e815    00000003     --HOLE-- [fill = 0]
                  2000e818    0000006c     simplelink.a : driver.obj (.text:_SlDrvCmdSend)
                  2000e884    0000006c                  : netapp.obj (.text:_sl_NetAppSendTokenValue)
                  2000e8f0    0000006c     sysbios.aem4 : BIOS.obj (.text:ti_sysbios_knl_Swi_restoreHwi__E)
                  2000e95c    0000006c     ti.targets.arm.rtsarm.aem4 : Error.oem4 (.text:xdc_runtime_Error_print__E)
                  2000e9c8    0000006c                                : Memory.oem4 (.text:xdc_runtime_Memory_alloc__E)
                  2000ea34    00000068     rtsv7M4_T_le_eabi.lib : copy_decompress_lzss.c.obj (.text:decompress:lzss:__TI_decompress_lzss)
                  2000ea9c    00000066     ti.targets.arm.rtsarm.aem4 : Core-mem.oem4 (.text:xdc_runtime_Core_deleteObject__I)
                  2000eb02    00000002     --HOLE-- [fill = 0]
                  2000eb04    00000064     simplelink.a : socket.obj (.text:_sl_HandleAsync_Accept)
                  2000eb68    00000064                  : netapp.obj (.text:sl_NetAppMDNSUnRegisterService)
                  2000ebcc    00000064     app_pem4.oem4 (.text:ti_sysbios_family_arm_m3_Hwi_create)
                  2000ec30    00000064     app_pem4.oem4 (.text:ti_sysbios_knl_Mailbox_create)
                  2000ec94    00000064     driverlib.a : udma.obj (.text:uDMAChannelAttributeDisable)
                  2000ecf8    00000064                 : udma.obj (.text:uDMAChannelAttributeEnable)
                  2000ed5c    00000060     simplelink.a : wlan.obj (.text:sl_WlanProfileDel)
                  2000edbc    00000060                  : wlan.obj (.text:sl_WlanSetMode)
                  2000ee1c    00000004     --HOLE-- [fill = 0]
                  2000ee20    00000060     sysbios.aem4 : BIOS.obj (.text:ti_sysbios_knl_Clock_logTick__E)
                  2000ee80    0000005c     rtsv7M4_T_le_eabi.lib : s_frexp.c.obj (.text:frexp)
                  2000eedc    00000004     --HOLE-- [fill = 0]
                  2000eee0    0000005c     sysbios.aem4 : BIOS.obj (.text:ti_sysbios_knl_Swi_schedule__I)
                  2000ef3c    0000005c     app_pem4.oem4 (.text:ti_sysbios_knl_Task_create)
                  2000ef98    0000005c     app_pem4.oem4 (.text:xdc_runtime_LoggerBuf_Object__create__S)
                  2000eff4    0000005b     ti.targets.arm.rtsarm.aem4 : Text.oem4 (.text:xdc_runtime_Text_putLab__E)
                  2000f04f    00000001     --HOLE-- [fill = 0]
                  2000f050    00000058     rtsv7M4_T_le_eabi.lib : hostwrite.c.obj (.text:HOSTwrite)
                  2000f0a8    00000058     driverlib.a : interrupt.obj (.text:IntPendClear)
                  2000f100    00000058                 : prcm.obj (.text:PRCMPeripheralReset)
                  2000f158    00000058     sysbios.aem4 : BIOS.obj (.text:ti_sysbios_family_arm_m3_Timer_setPeriod__E)
                  2000f1b0    00000056     rtsv7M4_T_le_eabi.lib : _printfi.c.obj (.text:_pconv_f)
                  2000f206    00000054                           : _ltoa.c.obj (.text:__TI_ltoa)
                  2000f25a    00000002     --HOLE-- [fill = 0]
                  2000f25c    00000054     simplelink.a : socket.obj (.text:_sl_HandleAsync_Select)
                  2000f2b0    00000054     sysbios.aem4 : BIOS.obj (.text:ti_sysbios_family_arm_m3_Timer_start__E)
                  2000f304    00000054     ti.targets.arm.rtsarm.aem4 : Assert.oem4 (.text:xdc_runtime_Assert_raise__I)
                  2000f358    00000052     rtsv7M4_T_le_eabi.lib : _printfi.c.obj (.text:_ecpy)
                  2000f3aa    00000002     --HOLE-- [fill = 0]
                  2000f3ac    00000050     simplelink.a : driver.obj (.text:_SlDrvRxIrqHandler)
                  2000f3fc    00000050                  : device.obj (.text:_sl_HandleAsync_Stop)
                  2000f44c    00000050     ti.targets.arm.rtsarm.aem4 : Startup.oem4 (.text:xdc_runtime_Startup_exec__E)
                  2000f49c    00000050                                : Text.oem4 (.text:xdc_runtime_Text_visitRope2__I)
                  2000f4ec    0000004c     driverlib.a : spi.obj (.text:SPIIntEnable)
                  2000f538    0000004c     simplelink.a : driver.obj (.text:_SlDrvProtectAsyncRespSetting)
                  2000f584    0000004c     rtsv7M4_T_le_eabi.lib : atoi.c.obj (.text:atoi)
                  2000f5d0    0000004c                           : cpy_tbl.c.obj (.text:copy_in)
                  2000f61c    0000004c     sysbios.aem4 : m3_TaskSupport_asm.obj (.text:ti_sysbios_family_arm_m3_TaskSupport_buildTaskStack)
                  2000f668    0000004c                  : BIOS.obj (.text:ti_sysbios_heaps_HeapMem_getStats__E)
                  2000f6b4    00000004     --HOLE-- [fill = 0]
                  2000f6b8    0000004c                  : BIOS.obj (.text:ti_sysbios_knl_Swi_runLoop__I)
                  2000f704    00000004     --HOLE-- [fill = 0]
                  2000f708    0000004c                  : BIOS.obj (.text:ti_sysbios_knl_Task_allBlockedFunction__I)
                  2000f754    0000004c     driverlib.a : udma.obj (.text:uDMAChannelAssign)
                  2000f7a0    00000048                 : spi.obj (.text:SPIIntClear)
                  2000f7e8    00000048     simplelink.a : driver.obj (.text:_SlDrvBasicCmd)
                  2000f830    00000048     rtsv7M4_T_le_eabi.lib : fd_toi_t2.asm.obj (.text)
                  2000f878    00000048     sysbios.aem4 : BIOS.obj (.text:ti_sysbios_family_arm_m3_Hwi_disableInterrupt__E)
                  2000f8c0    00000048                  : BIOS.obj (.text:ti_sysbios_family_arm_m3_Hwi_enableInterrupt__E)
                  2000f908    00000048                  : BIOS.obj (.text:ti_sysbios_family_arm_m3_Hwi_excReserved__I)
                  2000f950    00000048                  : m3_Hwi_asm_switch.obj (.text:ti_sysbios_family_arm_m3_Hwi_initStacks__E)
                  2000f998    00000048                  : BIOS.obj (.text:ti_sysbios_family_arm_m3_Timer_initDevice__I)
                  2000f9e0    00000046     ti.targets.arm.rtsarm.aem4 : Core-params.oem4 (.text:xdc_runtime_Core_assignParams__I)
                  2000fa26    00000002     --HOLE-- [fill = 0]
                  2000fa28    00000044     driverlib.a : spi.obj (.text:SPIDmaMaskGet)
                  2000fa6c    00000044                 : timer.obj (.text:TimerConfigure)
                  2000fab0    00000044     simplelink.a : driver.obj (.text:_SlDrvHandleHttpServerEvents)
                  2000faf4    00000044     boot.aem4 : boot.oem4 (.text)
                  2000fb38    00000044     simplelink.a : cc_pal.obj (.text:cc_SetupTransfer)
                  2000fb7c    00000004     --HOLE-- [fill = 0]
                  2000fb80    00000044     sysbios.aem4 : BIOS.obj (.text:ti_sysbios_family_arm_m3_Hwi_getStackInfo__E)
                  2000fbc4    00000004     --HOLE-- [fill = 0]
                  2000fbc8    00000044                  : BIOS.obj (.text:ti_sysbios_knl_Mailbox_postInit__I)
                  2000fc0c    00000044     ti.targets.arm.rtsarm.aem4 : Error.oem4 (.text:xdc_runtime_Error_setX__E)
                  2000fc50    00000044                                : LoggerBuf.oem4 (.text:xdc_runtime_LoggerBuf_filterOutEvent__I)
                  2000fc94    00000044                                : SysMin.oem4 (.text:xdc_runtime_SysMin_flush__E)
                  2000fcd8    00000044                                : Text.oem4 (.text:xdc_runtime_Text_xprintf__I)
                  2000fd1c    00000040     driverlib.a : pin.obj (.text:PinModeSet)
                  2000fd5c    00000040     simplelink.a : driver.obj (.text:_SlDrvHandleNetAppEvents)
                  2000fd9c    00000040                  : driver.obj (.text:_SlDrvHandleWlanEvents)
                  2000fddc    00000040                  : driver.obj (.text:_SlDrvSyncObjWaitTimeout)
                  2000fe1c    00000040     rtsv7M4_T_le_eabi.lib : u_divt2.asm.obj (.text)
                  2000fe5c    00000004     --HOLE-- [fill = 0]
                  2000fe60    00000040     sysbios.aem4 : BIOS.obj (.text:ti_sysbios_family_arm_m3_Timer_Module_startup__E)
                  2000fea0    00000040     rtsv7M4_T_le_eabi.lib : vsnprintf.c.obj (.text:vsnprintf)
                  2000fee0    0000003e                           : _printfi.c.obj (.text:_fcpy)
                  2000ff1e    0000003e     app_pem4.oem4 (.text:realloc)
                  2000ff5c    0000003c     simplelink.a : netapp.obj (.text:CopyPingResultsToReport)
                  2000ff98    0000003c     driverlib.a : prcm.obj (.text:PRCMPeripheralClkEnable)
                  2000ffd4    0000003c     simplelink.a : cc_pal.obj (.text:simplelink_timerA2_start)
                  20010010    0000003c     sysbios.aem4 : BIOS.obj (.text:ti_sysbios_family_arm_m3_Hwi_excSvCall__I)
                  2001004c    00000004     --HOLE-- [fill = 0]
                  20010050    0000003c                  : BIOS.obj (.text:ti_sysbios_heaps_HeapMem_init__I)
                  2001008c    00000004     --HOLE-- [fill = 0]
                  20010090    0000003c                  : BIOS.obj (.text:ti_sysbios_knl_Swi_startup__E)
                  200100cc    0000003c     driverlib.a : udma.obj (.text:uDMAChannelControlSet)
                  20010108    0000003a     ti.targets.arm.rtsarm.aem4 : LoggerBuf.oem4 (.text:xdc_runtime_LoggerBuf_Instance_init__E)
                  20010142    00000002     --HOLE-- [fill = 0]
                  20010144    00000038     simplelink.a : cc_pal.obj (.text:NwpPowerOff)
                  2001017c    00000038     rtsv7M4_T_le_eabi.lib : trgmsg.c.obj (.text:__TI_writemsg)
                  200101b4    00000038     simplelink.a : wlan.obj (.text:sl_WlanDisconnect)
                  200101ec    00000004     --HOLE-- [fill = 0]
                  200101f0    00000038     sysbios.aem4 : BIOS.obj (.text:ti_sysbios_family_arm_m3_Hwi_excNoIsr__I)
                  20010228    00000038                  : BIOS.obj (.text:ti_sysbios_knl_Task_processVitalTaskFlag__I)
                  20010260    00000038     ti.targets.arm.rtsarm.aem4 : SysMin.oem4 (.text:xdc_runtime_SysMin_putch__E)
                  20010298    00000038                                : System.oem4 (.text:xdc_runtime_System_atexit__E)
                  200102d0    00000036     driverlib.a : gpio.obj (.text:GPIODirModeSet)
                  20010306    00000002     --HOLE-- [fill = 0]
                  20010308    00000034     simplelink.a : cc_pal.obj (.text:NwpPowerOn)
                  2001033c    00000034     driverlib.a : prcm.obj (.text:PRCMPeripheralStatusGet)
                  20010370    00000034                 : spi.obj (.text:SPIFIFOLevelSet)
                  200103a4    00000034     rtsv7M4_T_le_eabi.lib : trgmsg.c.obj (.text:__TI_readmsg)
                  200103d8    00000034     sysbios.aem4 : BIOS.obj (.text:ti_sysbios_family_arm_m3_Hwi_Instance_finalize__E)
                  2001040c    00000004     --HOLE-- [fill = 0]
                  20010410    00000034                  : BIOS.obj (.text:ti_sysbios_family_arm_m3_Hwi_excNmi__I)
                  20010444    00000004     --HOLE-- [fill = 0]
                  20010448    00000034                  : BIOS.obj (.text:ti_sysbios_family_arm_m3_Timer_periodicStub__I)
                  2001047c    00000004     --HOLE-- [fill = 0]
                  20010480    00000034                  : BIOS.obj (.text:ti_sysbios_hal_Hwi_checkStack)
                  200104b4    00000034     app_pem4.oem4 (.text:ti_sysbios_knl_Semaphore_create)
                  200104e8    00000034     ti.targets.arm.rtsarm.aem4 : Core-label.oem4 (.text:xdc_runtime_Core_assignLabel__I)
                  2001051c    00000033                                : Text.oem4 (.text:xdc_runtime_Text_printVisFxn__I)
                  2001054f    00000001     --HOLE-- [fill = 0]
                  20010550    00000032     sysbios.aem4 : BIOS.obj (.text:ti_sysbios_hal_Hwi_initStack)
                  20010582    00000006     driverlib.a : utils.obj (.text:UtilsDelay)
                  20010588    00000032     sysbios.aem4 : BIOS.obj (.text:ti_sysbios_knl_Semaphore_pendTimeout__I)
                  200105ba    00000030     driverlib.a : pin.obj (.text:PinTypeGPIO)
                  200105ea    00000002     --HOLE-- [fill = 0]
                  200105ec    00000030                 : uart.obj (.text:UARTDisable)
                  2001061c    00000030     rtsv7M4_T_le_eabi.lib : vsnprintf.c.obj (.text:_outs)
                  2001064c    00000030     app_pem4.oem4 (.text:ti_sysbios_BIOS_atExitFunc__I)
                  2001067c    00000004     --HOLE-- [fill = 0]
                  20010680    00000030     sysbios.aem4 : BIOS.obj (.text:ti_sysbios_family_arm_m3_TaskSupport_start__E)
                  200106b0    00000030     app_pem4.oem4 (.text:ti_sysbios_gates_GateHwi_Object__create__S)
                  200106e0    00000030     app_pem4.oem4 (.text:ti_sysbios_gates_GateMutex_Object__create__S)
                  20010710    00000030     app_pem4.oem4 (.text:ti_sysbios_heaps_HeapMem_Object__create__S)
                  20010740    00000030     app_pem4.oem4 (.text:ti_sysbios_knl_Semaphore_construct)
                  20010770    00000030     ti.targets.arm.rtsarm.aem4 : SysMin.oem4 (.text:xdc_runtime_SysMin_abort__E)
                  200107a0    00000030                                : System.oem4 (.text:xdc_runtime_System_processAtExit__E)
                  200107d0    0000002e     app_pem4.oem4 (.text:malloc)
                  200107fe    0000002e     rtsv7M4_T_le_eabi.lib : i_tofd_t2.asm.obj (.text)
                  2001082c    0000002c     simplelink.a : cc_pal.obj (.text:DmaSpiSwIntHandler)
                  20010858    0000002c     driverlib.a : prcm.obj (.text:PRCMSysResetCauseGet)
                  20010884    0000002c     app_pem4.oem4 (.text:ti_sysbios_knl_Clock_doTick__I)
                  200108b0    0000002c     app_pem4.oem4 (.text:ti_sysbios_knl_Queue_construct)
                  200108dc    00000004     --HOLE-- [fill = 0]
                  200108e0    0000002c     sysbios.aem4 : BIOS.obj (.text:ti_sysbios_knl_Task_restore__E)
                  2001090c    0000002c     ti.targets.arm.rtsarm.aem4 : Text.oem4 (.text:xdc_runtime_Text_cordText__E)
                  20010938    0000002a     driverlib.a : timer.obj (.text:TimerLoadSet)
                  20010962    0000002a                 : timer.obj (.text:TimerPrescaleSet)
                  2001098c    0000002a     ti.targets.arm.rtsarm.aem4 : System.oem4 (.text:xdc_runtime_System_putchar__I)
                  200109b6    00000002     --HOLE-- [fill = 0]
                  200109b8    00000028     driverlib.a : prcm.obj (.text:PRCMPeripheralClkDisable)
                  200109e0    00000028     simplelink.a : driver.obj (.text:_SlDrvObjGlobalLockWaitForever)
                  20010a08    00000028                  : driver.obj (.text:_SlDrvProtectionObjLockWaitForever)
                  20010a30    00000028     rtsv7M4_T_le_eabi.lib : memmov.c.obj (.text:memmove)
                  20010a58    00000028     sysbios.aem4 : BIOS.obj (.text:ti_sysbios_knl_Swi_Module_startup__E)
                  20010a80    00000028     ti.targets.arm.rtsarm.aem4 : LoggerBuf.oem4 (.text:xdc_runtime_LoggerBuf_Module_startup__E)
                  20010aa8    00000026     simplelink.a : cc_pal.obj (.text:NwpRegisterInterruptHandler)
                  20010ace    00000026     ir_networkcomon.obj (.text)
                  20010af4    00000026     ti.targets.arm.rtsarm.aem4 : System.oem4 (.text:xdc_runtime_System_avprintf__E)
                  20010b1a    00000024     driverlib.a : uart.obj (.text:UARTEnable)
                  20010b3e    00000002     --HOLE-- [fill = 0]
                  20010b40    00000024     simplelink.a : driver.obj (.text:_SlDrvGlobalObjUnLock)
                  20010b64    00000024                  : driver.obj (.text:_SlDrvProtectionObjUnLock)
                  20010b88    00000024                  : driver.obj (.text:_SlDrvSyncObjWaitForever)
                  20010bac    00000024     app_pem4.oem4 (.text:ti_sysbios_BIOS_errorRaiseHook__I)
                  20010bd0    00000024     app_pem4.oem4 (.text:ti_sysbios_BIOS_registerRTSLock__I)
                  20010bf4    00000024     app_pem4.oem4 (.text:ti_sysbios_BIOS_removeRTSLock__I)
                  20010c18    00000024     app_pem4.oem4 (.text:ti_sysbios_BIOS_startFunc__I)
                  20010c3c    00000004     --HOLE-- [fill = 0]
                  20010c40    00000024     sysbios.aem4 : BIOS.obj (.text:ti_sysbios_family_arm_m3_Hwi_doTaskRestore__I)
                  20010c64    00000004     --HOLE-- [fill = 0]
                  20010c68    00000024                  : BIOS.obj (.text:ti_sysbios_family_arm_m3_Timer_startup__E)
                  20010c8c    00000024     app_pem4.oem4 (.text:ti_sysbios_gates_GateMutex_Object__delete__S)
                  20010cb0    00000024     sysbios.aem4 : BIOS.obj (.text:ti_sysbios_knl_Clock_Module_startup__E)
                  20010cd4    00000024     app_pem4.oem4 (.text:ti_sysbios_knl_Semaphore_Object__delete__S)
                  20010cf8    00000024     ti.targets.arm.rtsarm.aem4 : System.oem4 (.text:xdc_runtime_System_vprintf__E)
                  20010d1c    00000022     driverlib.a : spi.obj (.text:SPIReset)
                  20010d3e    00000022                 : spi.obj (.text:SPIWordCountSet)
                  20010d60    00000022     app_pem4.oem4 (.text:xdc_runtime_SysMin_output__I)
                  20010d82    00000020     driverlib.a : gpio.obj (.text:GPIOPinWrite)
                  20010da2    00000002     --HOLE-- [fill = 0]
                  20010da4    00000020     simplelink.a : cc_pal.obj (.text:NwpPrePowerOffTimout0)
                  20010dc4    00000020                  : cc_pal.obj (.text:TimerGetCurrentTimestamp)
                  20010de4    00000020     app_pem4.oem4 (.text:ti_sysbios_BIOS_rtsLock__I)
                  20010e04    00000020     app_pem4.oem4 (.text:ti_sysbios_family_arm_m3_Hwi_Object__delete__S)
                  20010e24    00000020     sysbios.aem4 : m3_Hwi_asm.obj (.text:ti_sysbios_family_arm_m3_Hwi_excHandlerAsm__I)
                  20010e44    00000004     --HOLE-- [fill = 0]
                  20010e48    00000020                  : BIOS.obj (.text:ti_sysbios_family_arm_m3_Hwi_excHandler__I)
                  20010e68    00000020                  : BIOS.obj (.text:ti_sysbios_family_arm_m3_TimestampProvider_Module_startup__E)
                  20010e88    00000020     app_pem4.oem4 (.text:ti_sysbios_gates_GateHwi_Object__delete__S)
                  20010ea8    00000020     app_pem4.oem4 (.text:ti_sysbios_heaps_HeapMem_Object__delete__S)
                  20010ec8    00000020     sysbios.aem4 : BIOS.obj (.text:ti_sysbios_knl_Idle_run__E)
                  20010ee8    00000020     app_pem4.oem4 (.text:ti_sysbios_knl_Mailbox_Object__delete__S)
                  20010f08    00000020     app_pem4.oem4 (.text:ti_sysbios_knl_Semaphore_Object__destruct__S)
                  20010f28    00000020     app_pem4.oem4 (.text:ti_sysbios_knl_Task_Object__delete__S)
                  20010f48    00000020     app_pem4.oem4 (.text:xdc_runtime_LoggerBuf_Object__delete__S)
                  20010f68    00000020     ti.targets.arm.rtsarm.aem4 : LoggerBuf.oem4 (.text:xdc_runtime_LoggerBuf_reset__E)
                  20010f88    00000020                                : Registry.oem4 (.text:xdc_runtime_Registry_findById__E)
                  20010fa8    00000020                                : SysMin.oem4 (.text:xdc_runtime_SysMin_Module_startup__E)
                  20010fc8    0000001e     driverlib.a : timer.obj (.text:TimerEnable)
                  20010fe6    0000001e                 : uart.obj (.text:UARTCharPut)
                  20011004    0000001e     simplelink.a : driver.obj (.text:_SlDrvSyncObjSignal)
                  20011022    0000001e                  : cc_pal.obj (.text:cc_UDMAChannelSelect)
                  20011040    0000001e     sysbios.aem4 : m3_Hwi_asm_switch.obj (.text:ti_sysbios_family_xxx_Hwi_switchAndRunFunc)
                  2001105e    0000001c     driverlib.a : timer.obj (.text:TimerValueGet)
                  2001107a    0000001c                 : uart.obj (.text:UARTCharGetNonBlocking)
                  20011096    0000001c     simplelink.a : driver.obj (.text:_SlDrvStartMeasureTimeout)
                  200110b2    0000001c     rtsv7M4_T_le_eabi.lib : memccpy.c.obj (.text:memccpy)
                  200110ce    00000002     --HOLE-- [fill = 0]
                  200110d0    0000001c     sysbios.aem4 : BIOS.obj (.text:ti_sysbios_family_arm_m3_Hwi_setPriority__E)
                  200110ec    00000004     --HOLE-- [fill = 0]
                  200110f0    0000001c                  : BIOS.obj (.text:ti_sysbios_gates_GateMutex_Instance_init__E)
                  2001110c    0000001c     app_pem4.oem4 (.text:ti_sysbios_knl_Queue_Object__destruct__S)
                  20011128    0000001c     sysbios.aem4 : BIOS.obj (.text:ti_sysbios_knl_Task_enter__I)
                  20011144    0000001c     driverlib.a : udma.obj (.text:uDMAChannelEnable)
                  20011160    0000001c     ti.targets.arm.rtsarm.aem4 : Error.oem4 (.text:xdc_runtime_Error_raiseX__E)
                  2001117c    0000001c                                : Memory.oem4 (.text:xdc_runtime_Memory_valloc__E)
                  20011198    0000001c                                : SysMin.oem4 (.text:xdc_runtime_SysMin_exit__E)
                  200111b4    0000001c                                : System.oem4 (.text:xdc_runtime_System_abort__E)
                  200111d0    0000001a     driverlib.a : gpio.obj (.text:GPIOIntEnable)
                  200111ea    0000001a                 : pin.obj (.text:PinTypeUART)
                  20011204    0000001a                 : spi.obj (.text:SPIDmaDisable)
                  2001121e    0000001a                 : spi.obj (.text:SPIDmaEnable)
                  20011238    0000001a                 : spi.obj (.text:SPIFIFODisable)
                  20011252    0000001a                 : spi.obj (.text:SPIFIFOEnable)
                  2001126c    0000001a     app_pem4.oem4 (.text:free)
                  20011286    0000001a     app_pem4.oem4 (.text:ti_sysbios_family_arm_m3_Hwi_Handle__label__S)
                  200112a0    0000001a     sysbios.aem4 : m3_Hwi_asm.obj (.text:ti_sysbios_family_arm_m3_Hwi_pendSV__I)
                  200112ba    0000001a     app_pem4.oem4 (.text:ti_sysbios_gates_GateHwi_Handle__label__S)
                  200112d4    0000001a     app_pem4.oem4 (.text:ti_sysbios_gates_GateMutex_Handle__label__S)
                  200112ee    0000001a     app_pem4.oem4 (.text:ti_sysbios_heaps_HeapMem_Handle__label__S)
                  20011308    0000001a     app_pem4.oem4 (.text:ti_sysbios_knl_Swi_Handle__label__S)
                  20011322    0000001a     app_pem4.oem4 (.text:ti_sysbios_knl_Task_Handle__label__S)
                  2001133c    00000004     --HOLE-- [fill = 0]
                  20011340    0000001a     sysbios.aem4 : BIOS.obj (.text:ti_sysbios_knl_Task_sleepTimeout__I)
                  2001135a    0000001a     app_pem4.oem4 (.text:xdc_runtime_LoggerBuf_Handle__label__S)
                  20011374    0000001a     app_pem4.oem4 (.text:xdc_runtime_System_aprintf__E)
                  2001138e    0000001a     app_pem4.oem4 (.text:xdc_runtime_System_printf__E)
                  200113a8    00000018     driverlib.a : gpio.obj (.text:GPIOPinRead)
                  200113c0    00000018                 : spi.obj (.text:SPICSDisable)
                  200113d8    00000018                 : spi.obj (.text:SPICSEnable)
                  200113f0    00000018                 : spi.obj (.text:SPIDisable)
                  20011408    00000018                 : spi.obj (.text:SPIEnable)
                  20011420    00000018                 : uart.obj (.text:UARTCharsAvail)
                  20011438    00000018     rtsv7M4_T_le_eabi.lib : args_main.c.obj (.text:_args_main)
                  20011450    00000018                           : vsnprintf.c.obj (.text:_outc)
                  20011468    00000018     simplelink.a : device.obj (.text:_sl_GetStartResponseConvert)
                  20011480    00000018     app_pem4.oem4 (.text:ti_sysbios_BIOS_rtsUnlock__I)
                  20011498    00000018     app_pem4.oem4 (.text:ti_sysbios_family_arm_m3_Hwi_Module__startupDone__F)
                  200114b0    00000018     app_pem4.oem4 (.text:ti_sysbios_family_arm_m3_Timer_Module__startupDone__F)
                  200114c8    00000018     sysbios.aem4 : BIOS.obj (.text:ti_sysbios_gates_GateMutex_leave__E)
                  200114e0    00000018     ti.targets.arm.rtsarm.aem4 : Error.oem4 (.text:xdc_runtime_Error_check__E)
                  200114f8    00000018                                : System.oem4 (.text:xdc_runtime_System_exit__E)
                  20011510    00000018                                : Text.oem4 (.text:xdc_runtime_Text_ropeText__E)
                  20011528    00000016     driverlib.a : prcm.obj (.text:PRCMHIBRegRead)
                  2001153e    00000016                 : prcm.obj (.text:PRCMHIBRegWrite)
                  20011554    00000016     simplelink.a : driver.obj (.text:_SlDrvMemZero)
                  2001156a    00000016     rtsv7M4_T_le_eabi.lib : strchr.c.obj (.text:strchr)
                  20011580    00000016     app_pem4.oem4 (.text:ti_sysbios_BIOS_exitFunc__I)
                  20011596    00000014     driverlib.a : cpu.obj (.text:CPUcpsie)
                  200115aa    00000014                 : gpio.obj (.text:GPIOIntClear)
                  200115be    00000014     rtsv7M4_T_le_eabi.lib : strlen.c.obj (.text:strlen)
                  200115d2    00000002     --HOLE-- [fill = 0]
                  200115d4    00000014     app_pem4.oem4 (.text:ti_sysbios_family_arm_m3_Hwi_Object__get__S)
                  200115e8    00000014     sysbios.aem4 : BIOS.obj (.text:ti_sysbios_family_arm_m3_Hwi_switchFromBootStack__E)
                  200115fc    00000014     app_pem4.oem4 (.text:ti_sysbios_heaps_HeapMem_Object__get__S)
                  20011610    00000014     app_pem4.oem4 (.text:ti_sysbios_knl_Swi_Object__get__S)
                  20011624    00000014     app_pem4.oem4 (.text:xdc_runtime_LoggerBuf_Object__get__S)
                  20011638    00000012     sysbios.aem4 : BIOS.obj (.text:ti_sysbios_hal_Hwi_Module_startup__E)
                  2001164a    00000006     ti.targets.arm.rtsarm.aem4 : System.oem4 (.text:xdc_runtime_System_Module_startup__E)
                  20011650    00000012     sysbios.aem4 : BIOS.obj (.text:ti_sysbios_hal_Timer_Module_startup__E)
                  20011662    00000012     rtsv7M4_T_le_eabi.lib : wcslen.c.obj (.text:wcslen)
                  20011674    00000012     ti.targets.arm.rtsarm.aem4 : LoggerBuf.oem4 (.text:xdc_runtime_LoggerBuf_Instance_finalize__E)
                  20011686    00000012                                : LoggerBuf.oem4 (.text:xdc_runtime_LoggerBuf_write1__E)
                  20011698    00000012                                : LoggerBuf.oem4 (.text:xdc_runtime_LoggerBuf_write2__E)
                  200116aa    00000012     app_pem4.oem4 (.text:xdc_runtime_Startup_exec__I)
                  200116bc    00000010     simplelink.a : driver.obj (.text:_SlDrvDispatchHttpServerEvents)
                  200116cc    00000004     --HOLE-- [fill = 0]
                  200116d0    00000010     sysbios.aem4 : BIOS.obj (.text:ti_sysbios_BIOS_setThreadType__E)
                  200116e0    00000010                  : BIOS.obj (.text:ti_sysbios_BIOS_start__E)
                  200116f0    00000010                  : BIOS.obj (.text:ti_sysbios_family_arm_m3_Hwi_getHandle__E)
                  20011700    00000010                  : m3_TaskSupport_asm.obj (.text:ti_sysbios_family_arm_m3_TaskSupport_glue)
                  20011710    00000010                  : m3_TaskSupport_asm.obj (.text:ti_sysbios_family_arm_m3_TaskSupport_swap__E)
                  20011720    00000010                  : BIOS.obj (.text:ti_sysbios_gates_GateMutex_Instance_finalize__E)
                  20011730    00000010     app_pem4.oem4 (.text:ti_sysbios_knl_Mailbox_Object__get__S)
                  20011740    00000010     sysbios.aem4 : BIOS.obj (.text:ti_sysbios_knl_Semaphore_Instance_finalize__E)
                  20011750    00000010                  : BIOS.obj (.text:ti_sysbios_knl_Swi_disable__E)
                  20011760    00000010     app_pem4.oem4 (.text:ti_sysbios_knl_Task_Object__get__S)
                  20011770    00000010     sysbios.aem4 : BIOS.obj (.text:ti_sysbios_knl_Task_disable__E)
                  20011780    00000010     ti.targets.arm.rtsarm.aem4 : Gate.oem4 (.text:xdc_runtime_Gate_leaveSystem__E)
                  20011790    00000010                                : LoggerBuf.oem4 (.text:xdc_runtime_LoggerBuf_write0__E)
                  200117a0    00000010                                : Memory.oem4 (.text:xdc_runtime_Memory_free__E)
                  200117b0    00000010                                : SysMin.oem4 (.text:xdc_runtime_SysMin_ready__E)
                  200117c0    00000010                                : System.oem4 (.text:xdc_runtime_System_vsnprintf__E)
                  200117d0    00000010     app_pem4.oem4 (.text:xdc_runtime_Text_visitRope__I)
                  200117e0    0000000e     simplelink.a : driver.obj (.text:_SlDrvResetCmdExt)
                  200117ee    0000000e     rtsv7M4_T_le_eabi.lib : copy_decompress_none.c.obj (.text:decompress:none:__TI_decompress_none)
                  200117fc    00000004     --HOLE-- [fill = 0]
                  20011800    0000000e     sysbios.aem4 : BIOS.obj (.text:ti_sysbios_knl_Idle_loop__E)
                  2001180e    00000002     --HOLE-- [fill = 0]
                  20011810    0000000e                  : BIOS.obj (.text:ti_sysbios_knl_Queue_empty__E)
                  2001181e    00000002     --HOLE-- [fill = 0]
                  20011820    0000000c     simplelink.a : cc_pal.obj (.text:NwpMaskInterrupt)
                  2001182c    0000000c                  : cc_pal.obj (.text:NwpUnMaskInterrupt)
                  20011838    0000000c     rtsv7M4_T_le_eabi.lib : _lock.c.obj (.text:_register_lock)
                  20011844    0000000c                           : _lock.c.obj (.text:_register_unlock)
                  20011850    0000000c                           : s_copysign.c.obj (.text:copysign)
                  2001185c    0000000c                           : copy_zero_init.c.obj (.text:decompress:ZI:__TI_zero_init)
                  20011868    0000000c     app_pem4.oem4 (.text:ti_sysbios_family_arm_m3_Hwi_Params__init__S)
                  20011874    00000004     --HOLE-- [fill = 0]
                  20011878    0000000c     sysbios.aem4 : BIOS.obj (.text:ti_sysbios_family_arm_m3_Hwi_disableFxn__E)
                  20011884    00000004     --HOLE-- [fill = 0]
                  20011888    0000000c                  : BIOS.obj (.text:ti_sysbios_family_arm_m3_TaskSupport_checkStack__E)
                  20011894    00000004     --HOLE-- [fill = 0]
                  20011898    0000000c                  : BIOS.obj (.text:ti_sysbios_family_arm_m3_TaskSupport_getStackAlignment__E)
                  200118a4    00000004     --HOLE-- [fill = 0]
                  200118a8    0000000c                  : BIOS.obj (.text:ti_sysbios_gates_GateHwi_enter__E)
                  200118b4    0000000c     app_pem4.oem4 (.text:ti_sysbios_knl_Queue_Object__get__S)
                  200118c0    0000000c     app_pem4.oem4 (.text:ti_sysbios_knl_Semaphore_Params__init__S)
                  200118cc    0000000c     app_pem4.oem4 (.text:ti_sysbios_knl_Task_Params__init__S)
                  200118d8    0000000c     ti.targets.arm.rtsarm.aem4 : Error.oem4 (.text:xdc_runtime_Error_init__E)
                  200118e4    0000000c                                : Gate.oem4 (.text:xdc_runtime_Gate_enterSystem__E)
                  200118f0    0000000c                                : Memory.oem4 (.text:xdc_runtime_Memory_calloc__E)
                  200118fc    0000000c                                : Memory.oem4 (.text:xdc_runtime_Memory_getMaxDefaultTypeAlign__E)
                  20011908    0000000a     driverlib.a : interrupt.obj (.text:IntMasterEnable)
                  20011912    0000000a     app_pem4.oem4 (.text:xdc_runtime_IHeap_alloc)
                  2001191c    0000000a     app_pem4.oem4 (.text:xdc_runtime_IHeap_free)
                  20011926    0000000a     ti.targets.arm.rtsarm.aem4 : LoggerBuf.oem4 (.text:xdc_runtime_LoggerBuf_disable__E)
                  20011930    0000000a                                : LoggerBuf.oem4 (.text:xdc_runtime_LoggerBuf_enable__E)
                  2001193a    00000002     --HOLE-- [fill = 0]
                  2001193c    00000008     rtsv7M4_T_le_eabi.lib : errno.c.obj (.text:__aeabi_errno_addr)
                  20011944    00000004     --HOLE-- [fill = 0]
                  20011948    00000008     sysbios.aem4 : BIOS.obj (.text:ti_sysbios_family_arm_m3_Hwi_doSwiRestore__I)
                  20011950    00000008                  : BIOS.obj (.text:ti_sysbios_family_arm_m3_Hwi_startup__E)
                  20011958    00000006                  : BIOS.obj (.text:ti_sysbios_family_arm_m3_Hwi_restoreFxn__E)
                  2001195e    00000002     --HOLE-- [fill = 0]
                  20011960    00000006                  : BIOS.obj (.text:ti_sysbios_gates_GateHwi_leave__E)
                  20011966    00000002     --HOLE-- [fill = 0]
                  20011968    00000006                  : BIOS.obj (.text:ti_sysbios_heaps_HeapMem_isBlocking__E)
                  2001196e    00000002     --HOLE-- [fill = 0]
                  20011970    00000006                  : BIOS.obj (.text:ti_sysbios_knl_Queue_Instance_init__E)
                  20011976    00000002     --HOLE-- [fill = 0]
                  20011978    00000004                  : BIOS.obj (.text:ti_sysbios_family_arm_m3_Timer_getMaxTicks__E)
                  2001197c    00000004     --HOLE-- [fill = 0]
                  20011980    00000004                  : BIOS.obj (.text:ti_sysbios_gates_GateHwi_query__E)
                  20011984    00000004     --HOLE-- [fill = 0]
                  20011988    00000004                  : BIOS.obj (.text:ti_sysbios_gates_GateMutex_query__E)
                  2001198c    00000004     --HOLE-- [fill = 0]
                  20011990    00000004                  : BIOS.obj (.text:ti_sysbios_knl_Task_startup__E)
                  20011994    00000004     --HOLE-- [fill = 0]
                  20011998    00000002                  : BIOS.obj (.text:ti_sysbios_gates_GateHwi_Instance_init__E)

.const     0    2001199c    0000251a     
                  2001199c    000018cb     app_pem4.oem4 (.const:xdc_runtime_Text_charTab__A)
                  20013267    00000101     rtsv7M4_T_le_eabi.lib : ctype.c.obj (.const:.string:_ctypes_)
                  20013368    00000100     driverlib.a : pin.obj (.const:g_ulPinToPadMap)
                  20013468    000000b8     app_pem4.oem4 (.const:xdc_runtime_Text_nodeTab__A)
                  20013520    000000a8     driverlib.a : prcm.obj (.const:PRCM_PeriphRegsList)
                  200135c8    00000048     app_pem4.oem4 (.const:.string)
                  20013610    0000003c     simplelink.a : driver.obj (.const:OpcodeTranslateTable)
                  2001364c    0000003c     app_pem4.oem4 (.const:ti_sysbios_knl_Task_Object__PARAMS__C)
                  20013688    0000003c     app_pem4.oem4 (.const:xdc_runtime_LoggerBuf_Module__FXNS__C)
                  200136c4    00000038     simplelink.a : driver.obj (.const:_SlActionLookupTable)
                  200136fc    00000034     app_pem4.oem4 (.const:ti_sysbios_knl_Mailbox_Object__PARAMS__C)
                  20013730    00000030     app_pem4.oem4 (.const:ti_sysbios_family_arm_m3_Hwi_Object__PARAMS__C)
                  20013760    00000030     app_pem4.oem4 (.const:xdc_runtime_Startup_sfxnTab__A)
                  20013790    0000002c     ir_wifi.obj (.const:$P$T1$2)
                  200137bc    00000028     app_pem4.oem4 (.const:ti_sysbios_heaps_HeapMem_Module__FXNS__C)
                  200137e4    00000024     app_pem4.oem4 (.const:ti_sysbios_gates_GateHwi_Module__FXNS__C)
                  20013808    00000024     app_pem4.oem4 (.const:ti_sysbios_gates_GateMutex_Module__FXNS__C)
                  2001382c    00000024     app_pem4.oem4 (.const:ti_sysbios_heaps_HeapMem_Object__PARAMS__C)
                  20013850    00000024     app_pem4.oem4 (.const:ti_sysbios_knl_Semaphore_Object__PARAMS__C)
                  20013874    00000024     app_pem4.oem4 (.const:xdc_runtime_LoggerBuf_Object__PARAMS__C)
                  20013898    00000022     ir_wifi.obj (.const:.string:$P$T0$1)
                  200138ba    00000002     app_pem4.oem4 (.const:ti_sysbios_family_arm_m3_Hwi_Module__id__C)
                  200138bc    00000020     ir_wifi.obj (.const:$P$T4$5)
                  200138dc    00000020     ir_wifi.obj (.const:$P$T7$8)
                  200138fc    00000020     simplelink.a : driver.obj (.const:RxMsgClassLUT)
                  2001391c    00000020     app_pem4.oem4 (.const:ti_sysbios_family_arm_m3_Hwi_Object__DESC__C)
                  2001393c    00000020     app_pem4.oem4 (.const:ti_sysbios_gates_GateHwi_Object__DESC__C)
                  2001395c    00000020     app_pem4.oem4 (.const:ti_sysbios_gates_GateMutex_Object__DESC__C)
                  2001397c    00000020     app_pem4.oem4 (.const:ti_sysbios_heaps_HeapMem_Object__DESC__C)
                  2001399c    00000020     app_pem4.oem4 (.const:ti_sysbios_knl_Mailbox_Object__DESC__C)
                  200139bc    00000020     app_pem4.oem4 (.const:ti_sysbios_knl_Queue_Object__DESC__C)
                  200139dc    00000020     app_pem4.oem4 (.const:ti_sysbios_knl_Semaphore_Object__DESC__C)
                  200139fc    00000020     app_pem4.oem4 (.const:ti_sysbios_knl_Task_Object__DESC__C)
                  20013a1c    00000020     app_pem4.oem4 (.const:xdc_runtime_LoggerBuf_Object__DESC__C)
                  20013a3c    00000018     ir_wifi.obj (.const:.string:$P$T6$7)
                  20013a54    00000018     driverlib.a : interrupt.obj (.const:g_pulEnRegs)
                  20013a6c    00000018                 : interrupt.obj (.const:g_pulUnpendRegs)
                  20013a84    00000018                 : spi.obj (.const:g_ulSPIDmaMaskMap)
                  20013a9c    00000018     app_pem4.oem4 (.const:ti_sysbios_gates_GateHwi_Object__PARAMS__C)
                  20013ab4    00000018     app_pem4.oem4 (.const:ti_sysbios_gates_GateMutex_Object__PARAMS__C)
                  20013acc    00000018     app_pem4.oem4 (.const:ti_sysbios_knl_Queue_Object__PARAMS__C)
                  20013ae4    00000018     app_pem4.oem4 (.const:xdc_runtime_Startup_sfxnRts__A)
                  20013afc    00000016     ir_wifi.obj (.const:.string:$P$T11$12)
                  20013b12    00000002     app_pem4.oem4 (.const:ti_sysbios_family_arm_m3_Hwi_Module__loggerDefined__C)
                  20013b14    00000014     simplelink.a : driver.obj (.const:$P$T0$1)
                  20013b28    00000014     ir_wifi.obj (.const:$P$T2$3)
                  20013b3c    00000014     ir_wifi.obj (.const:$P$T5$6)
                  20013b50    00000014     ir_wifi.obj (.const:$P$T8$9)
                  20013b64    00000013     ir_wifi.obj (.const:.string:$P$T3$4)
                  20013b77    00000001     app_pem4.oem4 (.const:xdc_runtime_Error_policy__C)
                  20013b78    0000000c     ir_wifi.obj (.const:$P$T10$11)
                  20013b84    0000000c     ir_wifi.obj (.const:.string:$P$T9$10)
                  20013b90    0000000c     app_pem4.oem4 (.const:xdc_runtime_Startup_firstFxns__A)
                  20013b9c    00000008     simplelink.a : device.obj (.const:StartResponseLUT)
                  20013ba4    00000008                  : driver.obj (.const:g_H2NCnysPattern)
                  20013bac    00000008                  : driver.obj (.const:g_H2NSyncPattern)
                  20013bb4    00000008     app_pem4.oem4 (.const:ti_sysbios_family_arm_m3_Hwi_excHookFuncs__A)
                  20013bbc    00000008     app_pem4.oem4 (.const:ti_sysbios_knl_Idle_funcList__C)
                  20013bc4    00000008     app_pem4.oem4 (.const:xdc_runtime_Startup_firstFxns__C)
                  20013bcc    00000008     app_pem4.oem4 (.const:xdc_runtime_Startup_lastFxns__C)
                  20013bd4    00000004     simplelink.a : netapp.obj (.const:$P$T0$1)
                  20013bd8    00000004                  : wlan.obj (.const:$P$T0$1)
                  20013bdc    00000004                  : device.obj (.const:_SlDeviceGetCmdCtrl)
                  20013be0    00000004                  : netapp.obj (.const:_SlGetHostByNameCtrl)
                  20013be4    00000004                  : netapp.obj (.const:_SlNetAppSendTokenValueCmdCtrl)
                  20013be8    00000004                  : netcfg.obj (.const:_SlNetCfgSetCmdCtrl)
                  20013bec    00000004                  : wlan.obj (.const:_SlPolicySetCmdCtrl)
                  20013bf0    00000004                  : wlan.obj (.const:_SlProfileDelCmdCtrl)
                  20013bf4    00000004                  : netapp.obj (.const:_SlRegisterServiceCtrl)
                  20013bf8    00000004                  : wlan.obj (.const:_SlRxFilterSetCmdCtrl)
                  20013bfc    00000004                  : device.obj (.const:_SlStopCmdCtrl)
                  20013c00    00000004                  : wlan.obj (.const:_SlWlanCfgSetCmdCtrl)
                  20013c04    00000004                  : wlan.obj (.const:_SlWlanSetModeCmdCtrl)
                  20013c08    00000004                  : driver.obj (.const:httpServer_callbacks)
                  20013c0c    00000004                  : driver.obj (.const:netApp_callbacks)
                  20013c10    00000004     app_pem4.oem4 (.const:ti_sysbios_family_arm_m3_Hwi_E_NMI__C)
                  20013c14    00000004     app_pem4.oem4 (.const:ti_sysbios_family_arm_m3_Hwi_E_alreadyDefined__C)
                  20013c18    00000004     app_pem4.oem4 (.const:ti_sysbios_family_arm_m3_Hwi_E_busFault__C)
                  20013c1c    00000004     app_pem4.oem4 (.const:ti_sysbios_family_arm_m3_Hwi_E_debugMon__C)
                  20013c20    00000004     app_pem4.oem4 (.const:ti_sysbios_family_arm_m3_Hwi_E_hardFault__C)
                  20013c24    00000004     app_pem4.oem4 (.const:ti_sysbios_family_arm_m3_Hwi_E_memFault__C)
                  20013c28    00000004     app_pem4.oem4 (.const:ti_sysbios_family_arm_m3_Hwi_E_noIsr__C)
                  20013c2c    00000004     app_pem4.oem4 (.const:ti_sysbios_family_arm_m3_Hwi_E_reserved__C)
                  20013c30    00000004     app_pem4.oem4 (.const:ti_sysbios_family_arm_m3_Hwi_E_svCall__C)
                  20013c34    00000004     app_pem4.oem4 (.const:ti_sysbios_family_arm_m3_Hwi_E_usageFault__C)
                  20013c38    00000004     app_pem4.oem4 (.const:ti_sysbios_family_arm_m3_Hwi_LD_end__C)
                  20013c3c    00000004     app_pem4.oem4 (.const:ti_sysbios_family_arm_m3_Hwi_LM_begin__C)
                  20013c40    00000004     app_pem4.oem4 (.const:ti_sysbios_family_arm_m3_Hwi_Module__diagsEnabled__C)
                  20013c44    00000004     app_pem4.oem4 (.const:ti_sysbios_family_arm_m3_Hwi_Module__diagsIncluded__C)
                  20013c48    00000004     app_pem4.oem4 (.const:ti_sysbios_family_arm_m3_Hwi_Module__diagsMask__C)
                  20013c4c    00000004     app_pem4.oem4 (.const:ti_sysbios_family_arm_m3_Hwi_Module__loggerFxn1__C)
                  20013c50    00000004     app_pem4.oem4 (.const:ti_sysbios_family_arm_m3_Hwi_Module__loggerFxn8__C)
                  20013c54    00000004     app_pem4.oem4 (.const:ti_sysbios_family_arm_m3_Hwi_Module__loggerObj__C)
                  20013c58    00000004     app_pem4.oem4 (.const:ti_sysbios_family_arm_m3_Hwi_NUM_INTERRUPTS__C)
                  20013c5c    00000004     app_pem4.oem4 (.const:ti_sysbios_family_arm_m3_Hwi_Object__count__C)
                  20013c60    00000004     app_pem4.oem4 (.const:ti_sysbios_family_arm_m3_Hwi_ccr__C)
                  20013c64    00000004     app_pem4.oem4 (.const:ti_sysbios_family_arm_m3_Hwi_excHandlerFunc__C)
                  20013c68    00000004     app_pem4.oem4 (.const:ti_sysbios_family_arm_m3_Hwi_excHookFuncs__C)
                  20013c6c    00000004     app_pem4.oem4 (.const:ti_sysbios_family_arm_m3_Hwi_nullIsrFunc__C)
                  20013c70    00000004     app_pem4.oem4 (.const:ti_sysbios_family_arm_m3_Hwi_priGroup__C)
                  20013c74    00000004     app_pem4.oem4 (.const:ti_sysbios_family_arm_m3_TaskSupport_stackAlignment__C)
                  20013c78    00000004     app_pem4.oem4 (.const:ti_sysbios_family_arm_m3_Timer_E_cannotSupport__C)
                  20013c7c    00000004     app_pem4.oem4 (.const:ti_sysbios_family_arm_m3_Timer_startupNeeded__C)
                  20013c80    00000004     app_pem4.oem4 (.const:ti_sysbios_gates_GateMutex_A_badContext__C)
                  20013c84    00000004     app_pem4.oem4 (.const:ti_sysbios_gates_GateMutex_Instance_State_sem__O)
                  20013c88    00000004     app_pem4.oem4 (.const:ti_sysbios_gates_GateMutex_Module__diagsEnabled__C)
                  20013c8c    00000004     app_pem4.oem4 (.const:ti_sysbios_gates_GateMutex_Module__diagsIncluded__C)
                  20013c90    00000004     app_pem4.oem4 (.const:ti_sysbios_gates_GateMutex_Module__diagsMask__C)
                  20013c94    00000004     app_pem4.oem4 (.const:ti_sysbios_hal_Hwi_E_stackOverflow__C)
                  20013c98    00000004     app_pem4.oem4 (.const:ti_sysbios_heaps_HeapMem_A_align__C)
                  20013c9c    00000004     app_pem4.oem4 (.const:ti_sysbios_heaps_HeapMem_A_heapSize__C)
                  20013ca0    00000004     app_pem4.oem4 (.const:ti_sysbios_heaps_HeapMem_A_invalidFree__C)
                  20013ca4    00000004     app_pem4.oem4 (.const:ti_sysbios_heaps_HeapMem_A_zeroBlock__C)
                  20013ca8    00000004     app_pem4.oem4 (.const:ti_sysbios_heaps_HeapMem_E_memory__C)
                  20013cac    00000004     app_pem4.oem4 (.const:ti_sysbios_heaps_HeapMem_Module__diagsEnabled__C)
                  20013cb0    00000004     app_pem4.oem4 (.const:ti_sysbios_heaps_HeapMem_Module__diagsIncluded__C)
                  20013cb4    00000004     app_pem4.oem4 (.const:ti_sysbios_heaps_HeapMem_Module__diagsMask__C)
                  20013cb8    00000004     app_pem4.oem4 (.const:ti_sysbios_heaps_HeapMem_Module__gateObj__C)
                  20013cbc    00000004     app_pem4.oem4 (.const:ti_sysbios_heaps_HeapMem_Object__count__C)
                  20013cc0    00000004     app_pem4.oem4 (.const:ti_sysbios_heaps_HeapMem_reqAlign__C)
                  20013cc4    00000004     app_pem4.oem4 (.const:ti_sysbios_knl_Clock_LM_begin__C)
                  20013cc8    00000004     app_pem4.oem4 (.const:ti_sysbios_knl_Clock_LM_tick__C)
                  20013ccc    00000004     app_pem4.oem4 (.const:ti_sysbios_knl_Clock_LW_delayed__C)
                  20013cd0    00000004     app_pem4.oem4 (.const:ti_sysbios_knl_Clock_Module_State_clockQ__O)
                  20013cd4    00000004     app_pem4.oem4 (.const:ti_sysbios_knl_Clock_Module__diagsEnabled__C)
                  20013cd8    00000004     app_pem4.oem4 (.const:ti_sysbios_knl_Clock_Module__diagsIncluded__C)
                  20013cdc    00000004     app_pem4.oem4 (.const:ti_sysbios_knl_Clock_Module__diagsMask__C)
                  20013ce0    00000004     app_pem4.oem4 (.const:ti_sysbios_knl_Clock_Module__loggerFxn1__C)
                  20013ce4    00000004     app_pem4.oem4 (.const:ti_sysbios_knl_Clock_Module__loggerFxn2__C)
                  20013ce8    00000004     app_pem4.oem4 (.const:ti_sysbios_knl_Clock_Module__loggerObj__C)
                  20013cec    00000004     app_pem4.oem4 (.const:ti_sysbios_knl_Clock_tickPeriod__C)
                  20013cf0    00000004     app_pem4.oem4 (.const:ti_sysbios_knl_Idle_funcList__A)
                  20013cf4    00000004     app_pem4.oem4 (.const:ti_sysbios_knl_Mailbox_A_invalidBufSize__C)
                  20013cf8    00000004     app_pem4.oem4 (.const:ti_sysbios_knl_Mailbox_Instance_State_dataQue__O)
                  20013cfc    00000004     app_pem4.oem4 (.const:ti_sysbios_knl_Mailbox_Instance_State_dataSem__O)
                  20013d00    00000004     app_pem4.oem4 (.const:ti_sysbios_knl_Mailbox_Instance_State_freeQue__O)
                  20013d04    00000004     app_pem4.oem4 (.const:ti_sysbios_knl_Mailbox_Instance_State_freeSem__O)
                  20013d08    00000004     app_pem4.oem4 (.const:ti_sysbios_knl_Mailbox_Module__diagsEnabled__C)
                  20013d0c    00000004     app_pem4.oem4 (.const:ti_sysbios_knl_Mailbox_Module__diagsIncluded__C)
                  20013d10    00000004     app_pem4.oem4 (.const:ti_sysbios_knl_Mailbox_Module__diagsMask__C)
                  20013d14    00000004     app_pem4.oem4 (.const:ti_sysbios_knl_Mailbox_Object__count__C)
                  20013d18    00000004     app_pem4.oem4 (.const:ti_sysbios_knl_Mailbox_maxTypeAlign__C)
                  20013d1c    00000004     app_pem4.oem4 (.const:ti_sysbios_knl_Semaphore_A_badContext__C)
                  20013d20    00000004     app_pem4.oem4 (.const:ti_sysbios_knl_Semaphore_A_noEvents__C)
                  20013d24    00000004     app_pem4.oem4 (.const:ti_sysbios_knl_Semaphore_A_overflow__C)
                  20013d28    00000004     app_pem4.oem4 (.const:ti_sysbios_knl_Semaphore_A_pendTaskDisabled__C)
                  20013d2c    00000004     app_pem4.oem4 (.const:ti_sysbios_knl_Semaphore_Instance_State_pendQ__O)
                  20013d30    00000004     app_pem4.oem4 (.const:ti_sysbios_knl_Semaphore_LM_pend__C)
                  20013d34    00000004     app_pem4.oem4 (.const:ti_sysbios_knl_Semaphore_LM_post__C)
                  20013d38    00000004     app_pem4.oem4 (.const:ti_sysbios_knl_Semaphore_Module__diagsEnabled__C)
                  20013d3c    00000004     app_pem4.oem4 (.const:ti_sysbios_knl_Semaphore_Module__diagsIncluded__C)
                  20013d40    00000004     app_pem4.oem4 (.const:ti_sysbios_knl_Semaphore_Module__diagsMask__C)
                  20013d44    00000004     app_pem4.oem4 (.const:ti_sysbios_knl_Semaphore_Module__loggerFxn2__C)
                  20013d48    00000004     app_pem4.oem4 (.const:ti_sysbios_knl_Semaphore_Module__loggerFxn4__C)
                  20013d4c    00000004     app_pem4.oem4 (.const:ti_sysbios_knl_Semaphore_Module__loggerObj__C)
                  20013d50    00000004     app_pem4.oem4 (.const:ti_sysbios_knl_Swi_LD_end__C)
                  20013d54    00000004     app_pem4.oem4 (.const:ti_sysbios_knl_Swi_LM_begin__C)
                  20013d58    00000004     app_pem4.oem4 (.const:ti_sysbios_knl_Swi_LM_post__C)
                  20013d5c    00000004     app_pem4.oem4 (.const:ti_sysbios_knl_Swi_Module__diagsEnabled__C)
                  20013d60    00000004     app_pem4.oem4 (.const:ti_sysbios_knl_Swi_Module__diagsIncluded__C)
                  20013d64    00000004     app_pem4.oem4 (.const:ti_sysbios_knl_Swi_Module__diagsMask__C)
                  20013d68    00000004     app_pem4.oem4 (.const:ti_sysbios_knl_Swi_Module__loggerFxn1__C)
                  20013d6c    00000004     app_pem4.oem4 (.const:ti_sysbios_knl_Swi_Module__loggerFxn4__C)
                  20013d70    00000004     app_pem4.oem4 (.const:ti_sysbios_knl_Swi_Module__loggerObj__C)
                  20013d74    00000004     app_pem4.oem4 (.const:ti_sysbios_knl_Swi_Object__count__C)
                  20013d78    00000004     app_pem4.oem4 (.const:ti_sysbios_knl_Task_A_badPriority__C)
                  20013d7c    00000004     app_pem4.oem4 (.const:ti_sysbios_knl_Task_A_badTaskState__C)
                  20013d80    00000004     app_pem4.oem4 (.const:ti_sysbios_knl_Task_A_badThreadType__C)
                  20013d84    00000004     app_pem4.oem4 (.const:ti_sysbios_knl_Task_A_badTimeout__C)
                  20013d88    00000004     app_pem4.oem4 (.const:ti_sysbios_knl_Task_A_noPendElem__C)
                  20013d8c    00000004     app_pem4.oem4 (.const:ti_sysbios_knl_Task_A_sleepTaskDisabled__C)
                  20013d90    00000004     app_pem4.oem4 (.const:ti_sysbios_knl_Task_E_spOutOfBounds__C)
                  20013d94    00000004     app_pem4.oem4 (.const:ti_sysbios_knl_Task_E_stackOverflow__C)
                  20013d98    00000004     app_pem4.oem4 (.const:ti_sysbios_knl_Task_LD_block__C)
                  20013d9c    00000004     app_pem4.oem4 (.const:ti_sysbios_knl_Task_LD_exit__C)
                  20013da0    00000004     app_pem4.oem4 (.const:ti_sysbios_knl_Task_LD_ready__C)
                  20013da4    00000004     app_pem4.oem4 (.const:ti_sysbios_knl_Task_LM_sleep__C)
                  20013da8    00000004     app_pem4.oem4 (.const:ti_sysbios_knl_Task_LM_switch__C)
                  20013dac    00000004     app_pem4.oem4 (.const:ti_sysbios_knl_Task_LM_yield__C)
                  20013db0    00000004     app_pem4.oem4 (.const:ti_sysbios_knl_Task_Module_State_inactiveQ__O)
                  20013db4    00000004     app_pem4.oem4 (.const:ti_sysbios_knl_Task_Module__diagsEnabled__C)
                  20013db8    00000004     app_pem4.oem4 (.const:ti_sysbios_knl_Task_Module__diagsIncluded__C)
                  20013dbc    00000004     app_pem4.oem4 (.const:ti_sysbios_knl_Task_Module__diagsMask__C)
                  20013dc0    00000004     app_pem4.oem4 (.const:ti_sysbios_knl_Task_Module__loggerFxn2__C)
                  20013dc4    00000004     app_pem4.oem4 (.const:ti_sysbios_knl_Task_Module__loggerFxn4__C)
                  20013dc8    00000004     app_pem4.oem4 (.const:ti_sysbios_knl_Task_Module__loggerObj__C)
                  20013dcc    00000004     app_pem4.oem4 (.const:ti_sysbios_knl_Task_Object__count__C)
                  20013dd0    00000004     app_pem4.oem4 (.const:ti_sysbios_knl_Task_allBlockedFunc__C)
                  20013dd4    00000004     app_pem4.oem4 (.const:ti_sysbios_knl_Task_defaultStackHeap__C)
                  20013dd8    00000004     app_pem4.oem4 (.const:ti_sysbios_knl_Task_defaultStackSize__C)
                  20013ddc    00000004     app_pem4.oem4 (.const:ti_sysbios_knl_Task_numConstructedTasks__C)
                  20013de0    00000004     app_pem4.oem4 (.const:xdc_runtime_Assert_E_assertFailed__C)
                  20013de4    00000004     app_pem4.oem4 (.const:xdc_runtime_Core_A_initializedParams__C)
                  20013de8    00000004     app_pem4.oem4 (.const:xdc_runtime_Core_Module__diagsEnabled__C)
                  20013dec    00000004     app_pem4.oem4 (.const:xdc_runtime_Core_Module__diagsIncluded__C)
                  20013df0    00000004     app_pem4.oem4 (.const:xdc_runtime_Core_Module__diagsMask__C)
                  20013df4    00000004     app_pem4.oem4 (.const:xdc_runtime_Error_E_memory__C)
                  20013df8    00000004     app_pem4.oem4 (.const:xdc_runtime_Error_Module__diagsEnabled__C)
                  20013dfc    00000004     app_pem4.oem4 (.const:xdc_runtime_Error_Module__diagsIncluded__C)
                  20013e00    00000004     app_pem4.oem4 (.const:xdc_runtime_Error_Module__diagsMask__C)
                  20013e04    00000004     app_pem4.oem4 (.const:xdc_runtime_Error_Module__loggerFxn8__C)
                  20013e08    00000004     app_pem4.oem4 (.const:xdc_runtime_Error_Module__loggerObj__C)
                  20013e0c    00000004     app_pem4.oem4 (.const:xdc_runtime_Error_policyFxn__C)
                  20013e10    00000004     app_pem4.oem4 (.const:xdc_runtime_Error_raiseHook__C)
                  20013e14    00000004     app_pem4.oem4 (.const:xdc_runtime_IFilterLogger_Interface__BASE__C)
                  20013e18    00000004     app_pem4.oem4 (.const:xdc_runtime_IGateProvider_Interface__BASE__C)
                  20013e1c    00000004     app_pem4.oem4 (.const:xdc_runtime_IHeap_Interface__BASE__C)
                  20013e20    00000004     app_pem4.oem4 (.const:xdc_runtime_ILogger_Interface__BASE__C)
                  20013e24    00000004     app_pem4.oem4 (.const:xdc_runtime_IModule_Interface__BASE__C)
                  20013e28    00000004     app_pem4.oem4 (.const:xdc_runtime_Log_L_error__C)
                  20013e2c    00000004     app_pem4.oem4 (.const:xdc_runtime_LoggerBuf_E_badLevel__C)
                  20013e30    00000004     app_pem4.oem4 (.const:xdc_runtime_LoggerBuf_Module__gateObj__C)
                  20013e34    00000004     app_pem4.oem4 (.const:xdc_runtime_LoggerBuf_Object__count__C)
                  20013e38    00000004     app_pem4.oem4 (.const:xdc_runtime_LoggerBuf_statusLogger__C)
                  20013e3c    00000004     app_pem4.oem4 (.const:xdc_runtime_Memory_defaultHeapInstance__C)
                  20013e40    00000004     app_pem4.oem4 (.const:xdc_runtime_Startup_execImpl__C)
                  20013e44    00000004     app_pem4.oem4 (.const:xdc_runtime_Startup_maxPasses__C)
                  20013e48    00000004     app_pem4.oem4 (.const:xdc_runtime_Startup_sfxnRts__C)
                  20013e4c    00000004     app_pem4.oem4 (.const:xdc_runtime_Startup_sfxnTab__C)
                  20013e50    00000004     app_pem4.oem4 (.const:xdc_runtime_SysMin_bufSize__C)
                  20013e54    00000004     app_pem4.oem4 (.const:xdc_runtime_SysMin_outputFunc__C)
                  20013e58    00000004     app_pem4.oem4 (.const:xdc_runtime_System_Module__gateObj__C)
                  20013e5c    00000004     app_pem4.oem4 (.const:xdc_runtime_System_abortFxn__C)
                  20013e60    00000004     app_pem4.oem4 (.const:xdc_runtime_System_exitFxn__C)
                  20013e64    00000004     app_pem4.oem4 (.const:xdc_runtime_System_extendFxn__C)
                  20013e68    00000004     app_pem4.oem4 (.const:xdc_runtime_System_maxAtexitHandlers__C)
                  20013e6c    00000004     app_pem4.oem4 (.const:xdc_runtime_Text_charTab__C)
                  20013e70    00000004     app_pem4.oem4 (.const:xdc_runtime_Text_nameEmpty__C)
                  20013e74    00000004     app_pem4.oem4 (.const:xdc_runtime_Text_nameStatic__C)
                  20013e78    00000004     app_pem4.oem4 (.const:xdc_runtime_Text_nameUnknown__C)
                  20013e7c    00000004     app_pem4.oem4 (.const:xdc_runtime_Text_nodeTab__C)
                  20013e80    00000004     app_pem4.oem4 (.const:xdc_runtime_Text_visitRopeFxn__C)
                  20013e84    00000002     app_pem4.oem4 (.const:ti_sysbios_family_arm_m3_Timer_Module__id__C)
                  20013e86    00000002     app_pem4.oem4 (.const:ti_sysbios_family_arm_m3_TimestampProvider_configTimer__C)
                  20013e88    00000002     app_pem4.oem4 (.const:ti_sysbios_gates_GateMutex_Module__id__C)
                  20013e8a    00000002     app_pem4.oem4 (.const:ti_sysbios_hal_Hwi_Module__id__C)
                  20013e8c    00000002     app_pem4.oem4 (.const:ti_sysbios_heaps_HeapMem_Module__id__C)
                  20013e8e    00000002     app_pem4.oem4 (.const:ti_sysbios_knl_Clock_Module__id__C)
                  20013e90    00000002     app_pem4.oem4 (.const:ti_sysbios_knl_Clock_Module__loggerDefined__C)
                  20013e92    00000002     app_pem4.oem4 (.const:ti_sysbios_knl_Mailbox_Module__id__C)
                  20013e94    00000002     app_pem4.oem4 (.const:ti_sysbios_knl_Semaphore_Module__id__C)
                  20013e96    00000002     app_pem4.oem4 (.const:ti_sysbios_knl_Semaphore_Module__loggerDefined__C)
                  20013e98    00000002     app_pem4.oem4 (.const:ti_sysbios_knl_Swi_Module__id__C)
                  20013e9a    00000002     app_pem4.oem4 (.const:ti_sysbios_knl_Swi_Module__loggerDefined__C)
                  20013e9c    00000002     app_pem4.oem4 (.const:ti_sysbios_knl_Task_Module__id__C)
                  20013e9e    00000002     app_pem4.oem4 (.const:ti_sysbios_knl_Task_Module__loggerDefined__C)
                  20013ea0    00000002     app_pem4.oem4 (.const:xdc_runtime_Core_Module__id__C)
                  20013ea2    00000002     app_pem4.oem4 (.const:xdc_runtime_Error_Module__loggerDefined__C)
                  20013ea4    00000002     app_pem4.oem4 (.const:xdc_runtime_Error_maxDepth__C)
                  20013ea6    00000002     app_pem4.oem4 (.const:xdc_runtime_LoggerBuf_Module__id__C)
                  20013ea8    00000002     app_pem4.oem4 (.const:xdc_runtime_LoggerBuf_filterByLevel__C)
                  20013eaa    00000002     app_pem4.oem4 (.const:xdc_runtime_Memory_Module__id__C)
                  20013eac    00000002     app_pem4.oem4 (.const:xdc_runtime_SysMin_flushAtExit__C)
                  20013eae    00000002     app_pem4.oem4 (.const:xdc_runtime_Text_charCnt__C)
                  20013eb0    00000002     app_pem4.oem4 (.const:xdc_runtime_Text_isLoaded__C)
                  20013eb2    00000002     app_pem4.oem4 (.const:xdc_runtime_Text_registryModsLastId__C)
                  20013eb4    00000002     app_pem4.oem4 (.const:xdc_runtime_Text_unnamedModsLastId__C)

.cinit     0    20013eb8    000001e0     
                  20013eb8    000001bb     (.cinit..data.load) [load image, compression = lzss]
                  20014073    00000001     --HOLE-- [fill = 0]
                  20014074    0000000c     (__TI_handler_table)
[...]
20013b12  ti_sysbios_family_arm_m3_Hwi_Module__loggerDefined__C       
20013b77  xdc_runtime_Error_policy__C                                 
20013b90  xdc_runtime_Startup_firstFxns__A                            
20013bb4  ti_sysbios_family_arm_m3_Hwi_excHookFuncs__A                
20013bbc  ti_sysbios_knl_Idle_funcList__C                             
20013bc4  xdc_runtime_Startup_firstFxns__C                            
20013bcc  xdc_runtime_Startup_lastFxns__C                             
20013be4  _SlNetAppSendTokenValueCmdCtrl                              
20013c10  ti_sysbios_family_arm_m3_Hwi_E_NMI__C                       
20013c14  ti_sysbios_family_arm_m3_Hwi_E_alreadyDefined__C            
20013c18  ti_sysbios_family_arm_m3_Hwi_E_busFault__C                  
20013c1c  ti_sysbios_family_arm_m3_Hwi_E_debugMon__C                  
20013c20  ti_sysbios_family_arm_m3_Hwi_E_hardFault__C                 
20013c24  ti_sysbios_family_arm_m3_Hwi_E_memFault__C                  
20013c28  ti_sysbios_family_arm_m3_Hwi_E_noIsr__C                     
20013c2c  ti_sysbios_family_arm_m3_Hwi_E_reserved__C                  
20013c30  ti_sysbios_family_arm_m3_Hwi_E_svCall__C                    
20013c34  ti_sysbios_family_arm_m3_Hwi_E_usageFault__C                
20013c38  ti_sysbios_family_arm_m3_Hwi_LD_end__C                      
20013c3c  ti_sysbios_family_arm_m3_Hwi_LM_begin__C                    
20013c40  ti_sysbios_family_arm_m3_Hwi_Module__diagsEnabled__C        
20013c44  ti_sysbios_family_arm_m3_Hwi_Module__diagsIncluded__C       
20013c48  ti_sysbios_family_arm_m3_Hwi_Module__diagsMask__C           
20013c4c  ti_sysbios_family_arm_m3_Hwi_Module__loggerFxn1__C          
20013c50  ti_sysbios_family_arm_m3_Hwi_Module__loggerFxn8__C          
20013c54  ti_sysbios_family_arm_m3_Hwi_Module__loggerObj__C           
20013c58  ti_sysbios_family_arm_m3_Hwi_NUM_INTERRUPTS__C              
20013c5c  ti_sysbios_family_arm_m3_Hwi_Object__count__C               
20013c60  ti_sysbios_family_arm_m3_Hwi_ccr__C                         
20013c64  ti_sysbios_family_arm_m3_Hwi_excHandlerFunc__C              
20013c68  ti_sysbios_family_arm_m3_Hwi_excHookFuncs__C                
20013c6c  ti_sysbios_family_arm_m3_Hwi_nullIsrFunc__C                 
20013c70  ti_sysbios_family_arm_m3_Hwi_priGroup__C                    
20013c74  ti_sysbios_family_arm_m3_TaskSupport_stackAlignment__C      
20013c78  ti_sysbios_family_arm_m3_Timer_E_cannotSupport__C           
20013c7c  ti_sysbios_family_arm_m3_Timer_startupNeeded__C             
20013c80  ti_sysbios_gates_GateMutex_A_badContext__C                  
20013c84  ti_sysbios_gates_GateMutex_Instance_State_sem__O            
20013c88  ti_sysbios_gates_GateMutex_Module__diagsEnabled__C          
20013c8c  ti_sysbios_gates_GateMutex_Module__diagsIncluded__C         
20013c90  ti_sysbios_gates_GateMutex_Module__diagsMask__C             
20013c94  ti_sysbios_hal_Hwi_E_stackOverflow__C                       
20013c98  ti_sysbios_heaps_HeapMem_A_align__C                         
20013c9c  ti_sysbios_heaps_HeapMem_A_heapSize__C                      
20013ca0  ti_sysbios_heaps_HeapMem_A_invalidFree__C                   
20013ca4  ti_sysbios_heaps_HeapMem_A_zeroBlock__C                     
20013ca8  ti_sysbios_heaps_HeapMem_E_memory__C                        
20013cac  ti_sysbios_heaps_HeapMem_Module__diagsEnabled__C            
20013cb0  ti_sysbios_heaps_HeapMem_Module__diagsIncluded__C           
20013cb4  ti_sysbios_heaps_HeapMem_Module__diagsMask__C               
20013cb8  ti_sysbios_heaps_HeapMem_Module__gateObj__C                 
20013cbc  ti_sysbios_heaps_HeapMem_Object__count__C                   
20013cc0  ti_sysbios_heaps_HeapMem_reqAlign__C                        
20013cc4  ti_sysbios_knl_Clock_LM_begin__C                            
20013cc8  ti_sysbios_knl_Clock_LM_tick__C                             
20013ccc  ti_sysbios_knl_Clock_LW_delayed__C                          
20013cd0  ti_sysbios_knl_Clock_Module_State_clockQ__O                 
20013cd4  ti_sysbios_knl_Clock_Module__diagsEnabled__C                
20013cd8  ti_sysbios_knl_Clock_Module__diagsIncluded__C               
20013cdc  ti_sysbios_knl_Clock_Module__diagsMask__C                   
20013ce0  ti_sysbios_knl_Clock_Module__loggerFxn1__C                  
20013ce4  ti_sysbios_knl_Clock_Module__loggerFxn2__C                  
20013ce8  ti_sysbios_knl_Clock_Module__loggerObj__C                   
20013cec  ti_sysbios_knl_Clock_tickPeriod__C                          
20013cf0  ti_sysbios_knl_Idle_funcList__A                             
20013cf4  ti_sysbios_knl_Mailbox_A_invalidBufSize__C                  
20013cf8  ti_sysbios_knl_Mailbox_Instance_State_dataQue__O            
20013cfc  ti_sysbios_knl_Mailbox_Instance_State_dataSem__O            
20013d00  ti_sysbios_knl_Mailbox_Instance_State_freeQue__O            
20013d04  ti_sysbios_knl_Mailbox_Instance_State_freeSem__O            
20013d08  ti_sysbios_knl_Mailbox_Module__diagsEnabled__C              
20013d0c  ti_sysbios_knl_Mailbox_Module__diagsIncluded__C             
20013d10  ti_sysbios_knl_Mailbox_Module__diagsMask__C                 
20013d14  ti_sysbios_knl_Mailbox_Object__count__C                     
20013d18  ti_sysbios_knl_Mailbox_maxTypeAlign__C                      
20013d1c  ti_sysbios_knl_Semaphore_A_badContext__C                    
20013d20  ti_sysbios_knl_Semaphore_A_noEvents__C                      
20013d24  ti_sysbios_knl_Semaphore_A_overflow__C                      
20013d28  ti_sysbios_knl_Semaphore_A_pendTaskDisabled__C              
20013d2c  ti_sysbios_knl_Semaphore_Instance_State_pendQ__O            
20013d30  ti_sysbios_knl_Semaphore_LM_pend__C                         
20013d34  ti_sysbios_knl_Semaphore_LM_post__C                         
20013d38  ti_sysbios_knl_Semaphore_Module__diagsEnabled__C            
20013d3c  ti_sysbios_knl_Semaphore_Module__diagsIncluded__C           
20013d40  ti_sysbios_knl_Semaphore_Module__diagsMask__C               
20013d44  ti_sysbios_knl_Semaphore_Module__loggerFxn2__C              
20013d48  ti_sysbios_knl_Semaphore_Module__loggerFxn4__C              
20013d4c  ti_sysbios_knl_Semaphore_Module__loggerObj__C               
20013d50  ti_sysbios_knl_Swi_LD_end__C                                
20013d54  ti_sysbios_knl_Swi_LM_begin__C                              
20013d58  ti_sysbios_knl_Swi_LM_post__C                               
20013d5c  ti_sysbios_knl_Swi_Module__diagsEnabled__C                  
20013d60  ti_sysbios_knl_Swi_Module__diagsIncluded__C                 
20013d64  ti_sysbios_knl_Swi_Module__diagsMask__C                     
20013d68  ti_sysbios_knl_Swi_Module__loggerFxn1__C                    
20013d6c  ti_sysbios_knl_Swi_Module__loggerFxn4__C                    
20013d70  ti_sysbios_knl_Swi_Module__loggerObj__C                     
20013d74  ti_sysbios_knl_Swi_Object__count__C                         
20013d78  ti_sysbios_knl_Task_A_badPriority__C                        
20013d7c  ti_sysbios_knl_Task_A_badTaskState__C                       
20013d80  ti_sysbios_knl_Task_A_badThreadType__C                      
20013d84  ti_sysbios_knl_Task_A_badTimeout__C                         
20013d88  ti_sysbios_knl_Task_A_noPendElem__C                         
20013d8c  ti_sysbios_knl_Task_A_sleepTaskDisabled__C                  
20013d90  ti_sysbios_knl_Task_E_spOutOfBounds__C                      
20013d94  ti_sysbios_knl_Task_E_stackOverflow__C                      
20013d98  ti_sysbios_knl_Task_LD_block__C                             
20013d9c  ti_sysbios_knl_Task_LD_exit__C                              
20013da0  ti_sysbios_knl_Task_LD_ready__C                             
20013da4  ti_sysbios_knl_Task_LM_sleep__C                             
20013da8  ti_sysbios_knl_Task_LM_switch__C                            
20013dac  ti_sysbios_knl_Task_LM_yield__C                             
20013db0  ti_sysbios_knl_Task_Module_State_inactiveQ__O               
20013db4  ti_sysbios_knl_Task_Module__diagsEnabled__C                 
20013db8  ti_sysbios_knl_Task_Module__diagsIncluded__C                
20013dbc  ti_sysbios_knl_Task_Module__diagsMask__C                    
20013dc0  ti_sysbios_knl_Task_Module__loggerFxn2__C                   
20013dc4  ti_sysbios_knl_Task_Module__loggerFxn4__C                   
20013dc8  ti_sysbios_knl_Task_Module__loggerObj__C                    
20013dcc  ti_sysbios_knl_Task_Object__count__C                        
20013dd0  ti_sysbios_knl_Task_allBlockedFunc__C                       
20013dd4  ti_sysbios_knl_Task_defaultStackHeap__C                     
20013dd8  ti_sysbios_knl_Task_defaultStackSize__C                     
20013ddc  ti_sysbios_knl_Task_numConstructedTasks__C                  
20013de0  xdc_runtime_Assert_E_assertFailed__C                        
20013de4  xdc_runtime_Core_A_initializedParams__C                     
20013de8  xdc_runtime_Core_Module__diagsEnabled__C                    
20013dec  xdc_runtime_Core_Module__diagsIncluded__C                   
20013df0  xdc_runtime_Core_Module__diagsMask__C                       
20013df4  xdc_runtime_Error_E_memory__C                               
20013df8  xdc_runtime_Error_Module__diagsEnabled__C                   
20013dfc  xdc_runtime_Error_Module__diagsIncluded__C                  
20013e00  xdc_runtime_Error_Module__diagsMask__C                      
20013e04  xdc_runtime_Error_Module__loggerFxn8__C                     
20013e08  xdc_runtime_Error_Module__loggerObj__C                      
20013e0c  xdc_runtime_Error_policyFxn__C                              
20013e10  xdc_runtime_Error_raiseHook__C                              
20013e14  xdc_runtime_IFilterLogger_Interface__BASE__C                
20013e18  xdc_runtime_IGateProvider_Interface__BASE__C                
20013e1c  xdc_runtime_IHeap_Interface__BASE__C                        
20013e20  xdc_runtime_ILogger_Interface__BASE__C                      
20013e24  xdc_runtime_IModule_Interface__BASE__C                      
20013e28  xdc_runtime_Log_L_error__C                                  
20013e2c  xdc_runtime_LoggerBuf_E_badLevel__C                         
20013e30  xdc_runtime_LoggerBuf_Module__gateObj__C                    
20013e34  xdc_runtime_LoggerBuf_Object__count__C                      
20013e38  xdc_runtime_LoggerBuf_statusLogger__C                       
20013e3c  xdc_runtime_Memory_defaultHeapInstance__C                   
20013e40  xdc_runtime_Startup_execImpl__C                             
20013e44  xdc_runtime_Startup_maxPasses__C                            
20013e48  xdc_runtime_Startup_sfxnRts__C                              
20013e4c  xdc_runtime_Startup_sfxnTab__C                              
20013e50  xdc_runtime_SysMin_bufSize__C                               
20013e54  xdc_runtime_SysMin_outputFunc__C                            
20013e58  xdc_runtime_System_Module__gateObj__C                       
20013e5c  xdc_runtime_System_abortFxn__C                              
20013e60  xdc_runtime_System_exitFxn__C                               
20013e64  xdc_runtime_System_extendFxn__C                             
20013e68  xdc_runtime_System_maxAtexitHandlers__C                     
20013e6c  xdc_runtime_Text_charTab__C                                 
20013e70  xdc_runtime_Text_nameEmpty__C                               
20013e74  xdc_runtime_Text_nameStatic__C                              
20013e78  xdc_runtime_Text_nameUnknown__C                             
20013e7c  xdc_runtime_Text_nodeTab__C                                 
20013e80  xdc_runtime_Text_visitRopeFxn__C                            
20013e84  ti_sysbios_family_arm_m3_Timer_Module__id__C                
20013e86  ti_sysbios_family_arm_m3_TimestampProvider_configTimer__C   
20013e88  ti_sysbios_gates_GateMutex_Module__id__C                    
20013e8a  ti_sysbios_hal_Hwi_Module__id__C                            
20013e8c  ti_sysbios_heaps_HeapMem_Module__id__C                      
20013e8e  ti_sysbios_knl_Clock_Module__id__C                          
20013e90  ti_sysbios_knl_Clock_Module__loggerDefined__C               
20013e92  ti_sysbios_knl_Mailbox_Module__id__C                        
20013e94  ti_sysbios_knl_Semaphore_Module__id__C                      
20013e96  ti_sysbios_knl_Semaphore_Module__loggerDefined__C           
20013e98  ti_sysbios_knl_Swi_Module__id__C                            
20013e9a  ti_sysbios_knl_Swi_Module__loggerDefined__C                 
20013e9c  ti_sysbios_knl_Task_Module__id__C                           
20013e9e  ti_sysbios_knl_Task_Module__loggerDefined__C                
20013ea0  xdc_runtime_Core_Module__id__C                              
20013ea2  xdc_runtime_Error_Module__loggerDefined__C                  
20013ea4  xdc_runtime_Error_maxDepth__C                               
20013ea6  xdc_runtime_LoggerBuf_Module__id__C                         
20013ea8  xdc_runtime_LoggerBuf_filterByLevel__C                      
20013eaa  xdc_runtime_Memory_Module__id__C                            
20013eac  xdc_runtime_SysMin_flushAtExit__C                           
20013eae  xdc_runtime_Text_charCnt__C                                 
20013eb0  xdc_runtime_Text_isLoaded__C                                
20013eb2  xdc_runtime_Text_registryModsLastId__C                      
20013eb4  xdc_runtime_Text_unnamedModsLastId__C                       
20013eb8  __TI_static_base__                                          
20014074  __TI_Handler_Table_Base                                     
20014080  __TI_Handler_Table_Limit                                    
20014088  __TI_CINIT_Base                                             
20014098  __TI_CINIT_Limit                                            
20017000  __start___llvm_prf_cnts                                     
20017000  __stop___llvm_prf_cnts                                      
20017000  ti_sysbios_heaps_HeapMem_Instance_State_0_buf__A            
2001f000  ti_sysbios_knl_Task_Instance_State_0_stack__A               
2001f800  xdc_runtime_LoggerBuf_Instance_State_0_entryArr__A          
2001fc00  xdc_runtime_SysMin_Module_State_0_outbuf__A                 
20020000  ti_sysbios_family_arm_m3_Hwi_dispatchTable                  
20020484  __CIOBUF_                                                   
200205a4  g_ucDinDout                                                 
200205f4  g_ucConnectionSSID                                          
20020618  g_ucConnectionBSSID                                         
20020620  parmbuf                                                     
2002062c  DMAMsgQ                                                     
20020630  SimpleLinkSpawnTaskHndl                                     
20020634  g_cDummy                                                    
20020638  simpleLink_mailbox                                          
2002063c  RxIrqCnt                                                    
2002063d  g_bDeviceRestartIsRequired                                  
2002063e  g_ucLED1Pin                                                 
2002063f  g_ucLED2Pin                                                 
20020640  g_ucLED3Pin                                                 
20020644  ti_sysbios_knl_Swi_Module_State_0_readyQ__A                 
200206c4  ti_sysbios_knl_Task_Module_State_0_readyQ__A                
20020744  ti_sysbios_knl_Task_Object__table__V                        
20020790  ti_sysbios_knl_Task_Module__state__V                        
200207d4  ti_sysbios_gates_GateMutex_Object__table__V                 
2002080c  ti_sysbios_family_arm_m3_Hwi_Module__state__V               
20020840  ti_sysbios_family_arm_m3_Timer_Object__table__V             
20020870  ti_sysbios_knl_Swi_Object__table__V                         
200208a0  ti_sysbios_knl_Clock_Module__state__V                       
200208cc  ti_sysbios_BIOS_Module__state__V                            
200208f0  xdc_runtime_LoggerBuf_Object__table__V                      
20020914  ti_sysbios_knl_Swi_Module__state__V                         
20020930  ti_sysbios_family_arm_m3_Hwi_Object__table__V               
20020948  ti_sysbios_heaps_HeapMem_Object__table__V                   
20020974  xdc_runtime_System_Module_State_0_atexitHandlers__A         
20020984  g_SlDeviceStatus                                            
20020988  g_pCB                                                       
2002098c  pPingCallBackFunc                                           
20020992  ti_sysbios_family_arm_m3_Hwi_Module_State_0_excActive__A    
20020994  g_uiLED1Port                                                
20020998  g_uiLED2Port                                                
2002099c  g_uiLED3Port                                                
200209a0  g_ulStatus                                                  
200209a4  g_ulPingPacketsRecv                                         
200209a8  g_ulGatewayIP                                               
200209ac  ti_sysbios_family_arm_m3_Timer_Module__state__V             
200209b8  xdc_runtime_SysMin_Module__state__V                         
200209c4  g_SpiFd                                                     
200209c8  g_pHostIntHdl                                               
200209cc  g_ucDMAEnabled                                              
200209ce  xdc_runtime_Error_Module__state__V                          
200209d0  _lock                                                       
200209d4  _unlock                                                     
200209d8  ti_sysbios_family_arm_m3_Hwi_Module__root__V                
200209e0  ti_sysbios_gates_GateHwi_Module__root__V                    
200209e8  ti_sysbios_gates_GateMutex_Module__root__V                  
200209f0  ti_sysbios_heaps_HeapMem_Module__root__V                    
200209f8  ti_sysbios_knl_Mailbox_Module__root__V                      
20020a00  ti_sysbios_knl_Queue_Module__root__V                        
20020a08  ti_sysbios_knl_Semaphore_Module__root__V                    
20020a10  ti_sysbios_knl_Task_Module__root__V                         
20020a18  xdc_runtime_LoggerBuf_Module__root__V                       
20020a20  xdc_runtime_Registry_Module__state__V                       
20020a28  xdc_runtime_Startup_Module__state__V                        
20020a30  xdc_runtime_System_Module__state__V                         
20020a38  xdc_runtime_LoggerBuf_Module__state__V                      
20020a40  errno                                                       
20020a44  main_func_sp                                                
20020a48  ti_sysbios_family_arm_m3_Hwi_Module_State_0_excContext__A   
20020a4c  ti_sysbios_family_arm_m3_Hwi_Module_State_0_excStack__A     
20020a50  ti_sysbios_family_arm_m3_TimestampProvider_Module__state__V 
20020a54  ti_sysbios_gates_GateHwi_Object__table__V                   
20020a58  ti_sysbios_knl_Task_Module_State_0_idleTask__A              
20020a60  xdc_runtime_Memory_Module__state__V                         
2002e000  __stack                                                     
20030000  __STACK_END                                                 
e000e000  ti_sysbios_family_arm_m3_Hwi_nvic                           
ffffffff  __TI_pprof_out_hndl                                         
ffffffff  __TI_prof_data_size                                         
ffffffff  __TI_prof_data_start                                        
ffffffff  __binit__                                                   
ffffffff  __c_args__                                                  
ffffffff  binit                                                       
UNDEFED   SHT$$INIT_ARRAY$$Base                                       
UNDEFED   SHT$$INIT_ARRAY$$Limit                                      

[875 symbols]
