******************************************************************************
                  TI ARM Linker PC v20.2.7                     
******************************************************************************
>> Linked Sun Apr 20 16:16:48 2025

OUTPUT FILE NAME:   <smart_ir_hub.out>
ENTRY POINT SYMBOL: "_c_int00"  address: 2000a455


MEMORY CONFIGURATION

         name            origin    length      used     unused   attr    fill
----------------------  --------  ---------  --------  --------  ----  --------
  SRAM_CODE             20004000   00012fff  00009de7  00009218  RW X
  SRAM_DATA             20017000   00019000  0000b824  0000d7dc  RW X


SEGMENT ALLOCATION MAP

run origin  load origin   length   init length attrs members
----------  ----------- ---------- ----------- ----- -------
20004000    20004000    00009df0   00009df0    r-x
  20004000    20004000    0000030c   0000030c    r-- .resetVecs
  20004310    20004310    000077aa   000077aa    r-x .text
  2000babc    2000babc    00002179   00002179    r-- .const
  2000dc38    2000dc38    000001b8   000001b8    r-- .cinit
20017000    20017000    00009824   00000000    rw-
  20017000    20017000    00009460   00000000    rw- .bss
  20020460    20020460    000003c4   00000000    rw- .data
2002e000    2002e000    00002000   00000000    rw-
  2002e000    2002e000    00002000   00000000    rw- .stack


SECTION ALLOCATION MAP

 output                                  attributes/
section   page    origin      length       input sections
--------  ----  ----------  ----------   ----------------
.init_array 
*          0    20004000    00000000     UNINITIALIZED

.text      0    20004310    000077aa     
                  20004310    00000a4e     rtsv7M4_T_le_eabi.lib : _printfi.c.obj (.text:__TI_printfi)
                  20004d5e    00000002                           : _lock.c.obj (.text:_nop)
                  20004d60    00000430     sysbios.aem4 : BIOS.obj (.text:ti_sysbios_family_arm_m3_Hwi_excDumpRegs__I)
                  20005190    0000034c     ti.targets.arm.rtsarm.aem4 : System.oem4 (.text:xdc_runtime_System_doPrint__I)
                  200054dc    00000004     rtsv7M4_T_le_eabi.lib : exit.c.obj (.text:abort:abort)
                  200054e0    0000031c     sysbios.aem4 : BIOS.obj (.text:ti_sysbios_knl_Semaphore_pend__E)
                  200057fc    00000298     ir.obj (.text)
                  20005a94    0000027c     ir_uart.obj (.text)
                  20005d10    0000026c     sysbios.aem4 : BIOS.obj (.text:ti_sysbios_heaps_HeapMem_free__E)
                  20005f7c    00000268     rtsv7M4_T_le_eabi.lib : _printfi.c.obj (.text:_pconv_a)
                  200061e4    00000004     app_pem4.oem4 (.text:ti_sysbios_BIOS_RtsGateProxy_enter__E)
                  200061e8    00000250     sysbios.aem4 : BIOS.obj (.text:ti_sysbios_heaps_HeapMem_alloc__E)
                  20006438    000001f4                  : BIOS.obj (.text:ti_sysbios_family_arm_m3_Hwi_excHandlerMax__I)
                  2000662c    000001cc     rtsv7M4_T_le_eabi.lib : _printfi.c.obj (.text:_pconv_g)
                  200067f8    000001b6                           : fd_add_t2.asm.obj (.text)
                  200069ae    00000002                           : div0.asm.obj (.text)
                  200069b0    0000019c     sysbios.aem4 : BIOS.obj (.text:ti_sysbios_knl_Task_Module_startup__E)
                  20006b4c    00000178     driverlib.a : prcm.obj (.text:PRCMCC3200MCUInit)
                  20006cc4    00000004     app_pem4.oem4 (.text:ti_sysbios_BIOS_RtsGateProxy_leave__E)
                  20006cc8    00000174     sysbios.aem4 : BIOS.obj (.text:ti_sysbios_family_arm_m3_Hwi_excBusFault__I)
                  20006e3c    00000004     app_pem4.oem4 (.text:ti_sysbios_family_arm_m3_TaskSupport_Module__startupDone__S)
                  20006e40    00000164     sysbios.aem4 : BIOS.obj (.text:ti_sysbios_family_arm_m3_Hwi_excUsageFault__I)
                  20006fa4    00000004     app_pem4.oem4 (.text:ti_sysbios_heaps_HeapMem_Module_GateProxy_enter__E)
                  20006fa8    00000148     sysbios.aem4 : BIOS.obj (.text:ti_sysbios_family_arm_m3_Hwi_excMemFault__I)
                  200070f0    00000140                  : BIOS.obj (.text:ti_sysbios_knl_Semaphore_post__E)
                  20007230    0000013c     rtsv7M4_T_le_eabi.lib : _printfi.c.obj (.text:_pconv_e)
                  2000736c    00000004     app_pem4.oem4 (.text:ti_sysbios_heaps_HeapMem_Module_GateProxy_leave__E)
                  20007370    0000013c     sysbios.aem4 : BIOS.obj (.text:ti_sysbios_heaps_HeapMem_Instance_init__E)
                  200074ac    00000004     app_pem4.oem4 (.text:ti_sysbios_knl_Clock_TimerProxy_getMaxTicks__E)
                  200074b0    0000013c     sysbios.aem4 : BIOS.obj (.text:ti_sysbios_knl_Clock_workFunc__E)
                  200075ec    00000004     app_pem4.oem4 (.text:ti_sysbios_knl_Queue_destruct)
                  200075f0    00000138     sysbios.aem4 : BIOS.obj (.text:ti_sysbios_family_arm_m3_Hwi_dispatchC__I)
                  20007728    00000138     ti.targets.arm.rtsarm.aem4 : LoggerBuf.oem4 (.text:xdc_runtime_LoggerBuf_write8__E)
                  20007860    00000136     rtsv7M4_T_le_eabi.lib : fd_div_t2.asm.obj (.text)
                  20007996    00000002     app_pem4.oem4 (.text:ti_sysbios_BIOS_nullFunc__I)
                  20007998    00000120     rtsv7M4_T_le_eabi.lib : _printfi.c.obj (.text:fcvt)
                  20007ab8    0000011c     sysbios.aem4 : BIOS.obj (.text:ti_sysbios_knl_Swi_run__I)
                  20007bd4    00000118     ti.targets.arm.rtsarm.aem4 : Error.oem4 (.text:xdc_runtime_Error_policyDefault__E)
                  20007cec    00000100                                : Core-mem.oem4 (.text:xdc_runtime_Core_createObject__I)
                  20007dec    000000fc     rtsv7M4_T_le_eabi.lib : fd_mul_t2.asm.obj (.text)
                  20007ee8    000000f8     ti.targets.arm.rtsarm.aem4 : Startup.oem4 (.text:xdc_runtime_Startup_startMods__I)
                  20007fe0    000000f8     app_pem4.oem4 (.text:xdc_runtime_System_printfExtend__I)
                  200080d8    000000d4     ti.targets.arm.rtsarm.aem4 : LoggerBuf.oem4 (.text:xdc_runtime_LoggerBuf_write4__E)
                  200081ac    000000d0     rtsv7M4_T_le_eabi.lib : s_scalbn.c.obj (.text:scalbn)
                  2000827c    00000004     app_pem4.oem4 (.text:ti_sysbios_knl_Semaphore_destruct)
                  20008280    000000d0     sysbios.aem4 : BIOS.obj (.text:ti_sysbios_family_arm_m3_Hwi_Module_startup__E)
                  20008350    000000d0                  : m3_Hwi_asm.obj (.text:ti_sysbios_family_arm_m3_Hwi_dispatch__I)
                  20008420    000000cc                  : BIOS.obj (.text:ti_sysbios_knl_Task_schedule__I)
                  200084ec    000000cc     ti.targets.arm.rtsarm.aem4 : Core-smem.oem4 (.text:xdc_runtime_Core_constructObject__I)
                  200085b8    000000c0     sysbios.aem4 : BIOS.obj (.text:ti_sysbios_knl_Task_exit__E)
                  20008678    000000bc                  : BIOS.obj (.text:ti_sysbios_family_arm_m3_Hwi_excDebugMon__I)
                  20008734    00000004     ti.targets.arm.rtsarm.aem4 : Error.oem4 (.text:xdc_runtime_Error_getSite__E)
                  20008738    000000bc     sysbios.aem4 : BIOS.obj (.text:ti_sysbios_family_arm_m3_Hwi_excHardFault__I)
                  200087f4    00000004     app_pem4.oem4 (.text:xdc_runtime_LoggerBuf_Module_GateProxy_enter__E)
                  200087f8    000000bc     sysbios.aem4 : BIOS.obj (.text:ti_sysbios_knl_Task_startCore__E)
                  200088b4    00000004     app_pem4.oem4 (.text:xdc_runtime_LoggerBuf_Module_GateProxy_leave__E)
                  200088b8    000000b4     sysbios.aem4 : BIOS.obj (.text:ti_sysbios_gates_GateMutex_enter__E)
                  2000896c    00000004     app_pem4.oem4 (.text:xdc_runtime_System_Module_GateProxy_enter__E)
                  20008970    000000b4     sysbios.aem4 : BIOS.obj (.text:ti_sysbios_knl_Task_checkStacks__E)
                  20008a24    000000b1     rtsv7M4_T_le_eabi.lib : _printfi.c.obj (.text:_ltostr)
                  20008ad5    00000001     --HOLE-- [fill = 0]
                  20008ad6    00000002     app_pem4.oem4 (.text:xdc_runtime_Startup_reset__I)
                  20008ad8    000000ac     sysbios.aem4 : BIOS.obj (.text:ti_sysbios_knl_Swi_post__E)
                  20008b84    000000a8     driverlib.a : interrupt.obj (.text:IntEnable)
                  20008c2c    00000004     app_pem4.oem4 (.text:xdc_runtime_System_Module_GateProxy_leave__E)
                  20008c30    000000a8     sysbios.aem4 : BIOS.obj (.text:ti_sysbios_knl_Task_blockI__E)
                  20008cd8    000000a0     auto_init.aem4 : auto_init.oem4 (.text)
                  20008d78    000000a0     ti.targets.arm.rtsarm.aem4 : Text.oem4 (.text:xdc_runtime_Text_putMod__E)
                  20008e18    0000009c     rtsv7M4_T_le_eabi.lib : memcpy_t2.asm.obj (.text)
                  20008eb4    00000004     ti.targets.arm.rtsarm.aem4 : System.oem4 (.text:xdc_runtime_System_aprintf_va__F)
                  20008eb8    0000009c     sysbios.aem4 : BIOS.obj (.text:ti_sysbios_knl_Semaphore_Instance_init__E)
                  20008f54    0000009c     ti.targets.arm.rtsarm.aem4 : LoggerBuf.oem4 (.text:xdc_runtime_LoggerBuf_setFilterLevel__E)
                  20008ff0    0000009a                                : Text.oem4 (.text:xdc_runtime_Text_putSite__E)
                  2000908a    00000096     rtsv7M4_T_le_eabi.lib : ull_div_t2.asm.obj (.text)
                  20009120    00000094     driverlib.a : prcm.obj (.text:PRCMPeripheralClockGet)
                  200091b4    00000004     ti.targets.arm.rtsarm.aem4 : System.oem4 (.text:xdc_runtime_System_printf_va__F)
                  200091b8    00000090     sysbios.aem4 : BIOS.obj (.text:ti_sysbios_knl_Task_unblockI__E)
                  20009248    0000008c     main.obj (.text)
                  200092d4    00000088     driverlib.a : pin.obj (.text:PinConfigSet)
                  2000935c    00000004     --HOLE-- [fill = 0]
                  20009360    00000088     sysbios.aem4 : BIOS.obj (.text:ti_sysbios_family_arm_m3_Hwi_initNVIC__E)
                  200093e8    00000088                  : BIOS.obj (.text:ti_sysbios_knl_Mailbox_Module_startup__E)
                  20009470    00000086     rtsv7M4_T_le_eabi.lib : fd_cmp_t2.asm.obj (.text:__aeabi_cdcmple)
                  200094f6    00000086                           : fd_cmp_t2.asm.obj (.text:__aeabi_cdrcmple)
                  2000957c    00000082     driverlib.a : gpio.obj (.text:GPIOIntTypeSet)
                  200095fe    0000007a     rtsv7M4_T_le_eabi.lib : memset_t2.asm.obj (.text)
                  20009678    00000076     driverlib.a : uart.obj (.text:UARTConfigSetExpClk)
                  200096ee    00000002     --HOLE-- [fill = 0]
                  200096f0    00000074     ti.targets.arm.rtsarm.aem4 : LoggerBuf.oem4 (.text:xdc_runtime_LoggerBuf_getFilterLevel__E)
                  20009764    00000004     --HOLE-- [fill = 0]
                  20009768    00000070     sysbios.aem4 : BIOS.obj (.text:ti_sysbios_family_arm_m3_TimestampProvider_get64__E)
                  200097d8    0000006e     rtsv7M4_T_le_eabi.lib : _printfi.c.obj (.text:_mcpy)
                  20009846    00000002     --HOLE-- [fill = 0]
                  20009848    0000006d     ti.targets.arm.rtsarm.aem4 : System.oem4 (.text:xdc_runtime_System_formatNum__I)
                  200098b5    00000003     --HOLE-- [fill = 0]
                  200098b8    0000006c     sysbios.aem4 : BIOS.obj (.text:ti_sysbios_knl_Swi_restoreHwi__E)
                  20009924    0000006c     ti.targets.arm.rtsarm.aem4 : Error.oem4 (.text:xdc_runtime_Error_print__E)
                  20009990    0000006c                                : Memory.oem4 (.text:xdc_runtime_Memory_alloc__E)
                  200099fc    00000068     rtsv7M4_T_le_eabi.lib : copy_decompress_lzss.c.obj (.text:decompress:lzss:__TI_decompress_lzss)
                  20009a64    00000066     ti.targets.arm.rtsarm.aem4 : Core-mem.oem4 (.text:xdc_runtime_Core_deleteObject__I)
                  20009aca    00000006     driverlib.a : utils.obj (.text:UtilsDelay)
                  20009ad0    00000060     sysbios.aem4 : BIOS.obj (.text:ti_sysbios_knl_Clock_logTick__E)
                  20009b30    0000005c     rtsv7M4_T_le_eabi.lib : s_frexp.c.obj (.text:frexp)
                  20009b8c    00000004     --HOLE-- [fill = 0]
                  20009b90    0000005c     sysbios.aem4 : BIOS.obj (.text:ti_sysbios_knl_Swi_schedule__I)
                  20009bec    0000005c     app_pem4.oem4 (.text:xdc_runtime_LoggerBuf_Object__create__S)
                  20009c48    0000005b     ti.targets.arm.rtsarm.aem4 : Text.oem4 (.text:xdc_runtime_Text_putLab__E)
                  20009ca3    00000001     --HOLE-- [fill = 0]
                  20009ca4    00000058     rtsv7M4_T_le_eabi.lib : hostwrite.c.obj (.text:HOSTwrite)
                  20009cfc    00000058     driverlib.a : prcm.obj (.text:PRCMPeripheralReset)
                  20009d54    00000004     --HOLE-- [fill = 0]
                  20009d58    00000058     sysbios.aem4 : BIOS.obj (.text:ti_sysbios_family_arm_m3_Timer_setPeriod__E)
                  20009db0    00000056     rtsv7M4_T_le_eabi.lib : _printfi.c.obj (.text:_pconv_f)
                  20009e06    00000054                           : _ltoa.c.obj (.text:__TI_ltoa)
                  20009e5a    00000006     ti.targets.arm.rtsarm.aem4 : System.oem4 (.text:xdc_runtime_System_Module_startup__E)
                  20009e60    00000054     sysbios.aem4 : BIOS.obj (.text:ti_sysbios_family_arm_m3_Timer_start__E)
                  20009eb4    00000054     ti.targets.arm.rtsarm.aem4 : Assert.oem4 (.text:xdc_runtime_Assert_raise__I)
                  20009f08    00000052     rtsv7M4_T_le_eabi.lib : _printfi.c.obj (.text:_ecpy)
                  20009f5a    00000002     --HOLE-- [fill = 0]
                  20009f5c    00000050     ti.targets.arm.rtsarm.aem4 : Startup.oem4 (.text:xdc_runtime_Startup_exec__E)
                  20009fac    00000050                                : Text.oem4 (.text:xdc_runtime_Text_visitRope2__I)
                  20009ffc    0000004c     rtsv7M4_T_le_eabi.lib : atoi.c.obj (.text:atoi)
                  2000a048    0000004c                           : cpy_tbl.c.obj (.text:copy_in)
                  2000a094    0000004c     sysbios.aem4 : m3_TaskSupport_asm.obj (.text:ti_sysbios_family_arm_m3_TaskSupport_buildTaskStack)
                  2000a0e0    0000004c                  : BIOS.obj (.text:ti_sysbios_heaps_HeapMem_getStats__E)
                  2000a12c    00000004     --HOLE-- [fill = 0]
                  2000a130    0000004c                  : BIOS.obj (.text:ti_sysbios_knl_Swi_runLoop__I)
                  2000a17c    00000004     --HOLE-- [fill = 0]
                  2000a180    0000004c                  : BIOS.obj (.text:ti_sysbios_knl_Task_allBlockedFunction__I)
                  2000a1cc    00000048     driverlib.a : gpio.obj (.text:GPIOGetIntNumber)
                  2000a214    00000048     rtsv7M4_T_le_eabi.lib : fd_toi_t2.asm.obj (.text)
                  2000a25c    00000004     --HOLE-- [fill = 0]
                  2000a260    00000048     sysbios.aem4 : BIOS.obj (.text:ti_sysbios_family_arm_m3_Hwi_disableInterrupt__E)
                  2000a2a8    00000048                  : BIOS.obj (.text:ti_sysbios_family_arm_m3_Hwi_enableInterrupt__E)
                  2000a2f0    00000048                  : BIOS.obj (.text:ti_sysbios_family_arm_m3_Hwi_excReserved__I)
                  2000a338    00000048                  : m3_Hwi_asm_switch.obj (.text:ti_sysbios_family_arm_m3_Hwi_initStacks__E)
                  2000a380    00000048                  : BIOS.obj (.text:ti_sysbios_family_arm_m3_Timer_initDevice__I)
                  2000a3c8    00000046     ti.targets.arm.rtsarm.aem4 : Core-params.oem4 (.text:xdc_runtime_Core_assignParams__I)
                  2000a40e    00000002     --HOLE-- [fill = 0]
                  2000a410    00000044     driverlib.a : timer.obj (.text:TimerConfigure)
                  2000a454    00000044     boot.aem4 : boot.oem4 (.text)
                  2000a498    00000044     sysbios.aem4 : BIOS.obj (.text:ti_sysbios_family_arm_m3_Hwi_getStackInfo__E)
                  2000a4dc    00000044     ti.targets.arm.rtsarm.aem4 : Error.oem4 (.text:xdc_runtime_Error_setX__E)
                  2000a520    00000044                                : LoggerBuf.oem4 (.text:xdc_runtime_LoggerBuf_filterOutEvent__I)
                  2000a564    00000044                                : SysMin.oem4 (.text:xdc_runtime_SysMin_flush__E)
                  2000a5a8    00000044                                : Text.oem4 (.text:xdc_runtime_Text_xprintf__I)
                  2000a5ec    00000040     driverlib.a : pin.obj (.text:PinModeSet)
                  2000a62c    00000040     rtsv7M4_T_le_eabi.lib : u_divt2.asm.obj (.text)
                  2000a66c    00000004     --HOLE-- [fill = 0]
                  2000a670    00000040     sysbios.aem4 : BIOS.obj (.text:ti_sysbios_family_arm_m3_Timer_Module_startup__E)
                  2000a6b0    00000040     rtsv7M4_T_le_eabi.lib : vsnprintf.c.obj (.text:vsnprintf)
                  2000a6f0    0000003e                           : _printfi.c.obj (.text:_fcpy)
                  2000a72e    0000003e     app_pem4.oem4 (.text:realloc)
                  2000a76c    0000003c     driverlib.a : prcm.obj (.text:PRCMPeripheralClkEnable)
                  2000a7a8    0000003c     sysbios.aem4 : BIOS.obj (.text:ti_sysbios_family_arm_m3_Hwi_excSvCall__I)
                  2000a7e4    00000004     --HOLE-- [fill = 0]
                  2000a7e8    0000003c                  : BIOS.obj (.text:ti_sysbios_heaps_HeapMem_init__I)
                  2000a824    00000004     --HOLE-- [fill = 0]
                  2000a828    0000003c                  : BIOS.obj (.text:ti_sysbios_knl_Swi_startup__E)
                  2000a864    0000003a     ti.targets.arm.rtsarm.aem4 : LoggerBuf.oem4 (.text:xdc_runtime_LoggerBuf_Instance_init__E)
                  2000a89e    00000002     --HOLE-- [fill = 0]
                  2000a8a0    00000038     rtsv7M4_T_le_eabi.lib : trgmsg.c.obj (.text:__TI_writemsg)
                  2000a8d8    00000038     sysbios.aem4 : BIOS.obj (.text:ti_sysbios_family_arm_m3_Hwi_excNoIsr__I)
                  2000a910    00000038     ti.targets.arm.rtsarm.aem4 : SysMin.oem4 (.text:xdc_runtime_SysMin_putch__E)
                  2000a948    00000038                                : System.oem4 (.text:xdc_runtime_System_atexit__E)
                  2000a980    00000036     driverlib.a : gpio.obj (.text:GPIODirModeSet)
                  2000a9b6    00000002     --HOLE-- [fill = 0]
                  2000a9b8    00000034     rtsv7M4_T_le_eabi.lib : trgmsg.c.obj (.text:__TI_readmsg)
                  2000a9ec    00000004     --HOLE-- [fill = 0]
                  2000a9f0    00000034     sysbios.aem4 : BIOS.obj (.text:ti_sysbios_family_arm_m3_Hwi_excNmi__I)
                  2000aa24    00000004     --HOLE-- [fill = 0]
                  2000aa28    00000034                  : BIOS.obj (.text:ti_sysbios_family_arm_m3_Timer_periodicStub__I)
                  2000aa5c    00000004     --HOLE-- [fill = 0]
                  2000aa60    00000034                  : BIOS.obj (.text:ti_sysbios_hal_Hwi_checkStack)
                  2000aa94    00000034     ti.targets.arm.rtsarm.aem4 : Core-label.oem4 (.text:xdc_runtime_Core_assignLabel__I)
                  2000aac8    00000033                                : Text.oem4 (.text:xdc_runtime_Text_printVisFxn__I)
                  2000aafb    00000005     --HOLE-- [fill = 0]
                  2000ab00    00000032     sysbios.aem4 : BIOS.obj (.text:ti_sysbios_hal_Hwi_initStack)
                  2000ab32    00000006     --HOLE-- [fill = 0]
                  2000ab38    00000032                  : BIOS.obj (.text:ti_sysbios_knl_Semaphore_pendTimeout__I)
                  2000ab6a    00000030     driverlib.a : pin.obj (.text:PinTypeGPIO)
                  2000ab9a    00000002     --HOLE-- [fill = 0]
                  2000ab9c    00000030                 : uart.obj (.text:UARTDisable)
                  2000abcc    00000030     rtsv7M4_T_le_eabi.lib : vsnprintf.c.obj (.text:_outs)
                  2000abfc    00000030     app_pem4.oem4 (.text:ti_sysbios_BIOS_atExitFunc__I)
                  2000ac2c    00000004     --HOLE-- [fill = 0]
                  2000ac30    00000030     sysbios.aem4 : BIOS.obj (.text:ti_sysbios_family_arm_m3_TaskSupport_start__E)
                  2000ac60    00000030     app_pem4.oem4 (.text:ti_sysbios_gates_GateHwi_Object__create__S)
                  2000ac90    00000030     app_pem4.oem4 (.text:ti_sysbios_gates_GateMutex_Object__create__S)
                  2000acc0    00000030     app_pem4.oem4 (.text:ti_sysbios_heaps_HeapMem_Object__create__S)
                  2000acf0    00000030     app_pem4.oem4 (.text:ti_sysbios_knl_Semaphore_construct)
                  2000ad20    00000030     ti.targets.arm.rtsarm.aem4 : SysMin.oem4 (.text:xdc_runtime_SysMin_abort__E)
                  2000ad50    00000030                                : System.oem4 (.text:xdc_runtime_System_processAtExit__E)
                  2000ad80    0000002e     app_pem4.oem4 (.text:malloc)
                  2000adae    0000002e     rtsv7M4_T_le_eabi.lib : i_tofd_t2.asm.obj (.text)
                  2000addc    0000002c     driverlib.a : prcm.obj (.text:PRCMSysResetCauseGet)
                  2000ae08    0000002c     app_pem4.oem4 (.text:ti_sysbios_knl_Clock_doTick__I)
                  2000ae34    0000002c     app_pem4.oem4 (.text:ti_sysbios_knl_Queue_construct)
                  2000ae60    0000002c     sysbios.aem4 : BIOS.obj (.text:ti_sysbios_knl_Task_restore__E)
                  2000ae8c    0000002c     ti.targets.arm.rtsarm.aem4 : Text.oem4 (.text:xdc_runtime_Text_cordText__E)
                  2000aeb8    0000002a     driverlib.a : timer.obj (.text:TimerLoadSet)
                  2000aee2    0000002a     ti.targets.arm.rtsarm.aem4 : System.oem4 (.text:xdc_runtime_System_putchar__I)
                  2000af0c    00000028     driverlib.a : prcm.obj (.text:PRCMPeripheralClkDisable)
                  2000af34    00000028     rtsv7M4_T_le_eabi.lib : memmov.c.obj (.text:memmove)
                  2000af5c    00000004     --HOLE-- [fill = 0]
                  2000af60    00000028     sysbios.aem4 : BIOS.obj (.text:ti_sysbios_knl_Swi_Module_startup__E)
                  2000af88    00000028     ti.targets.arm.rtsarm.aem4 : LoggerBuf.oem4 (.text:xdc_runtime_LoggerBuf_Module_startup__E)
                  2000afb0    00000026                                : System.oem4 (.text:xdc_runtime_System_avprintf__E)
                  2000afd6    00000024     driverlib.a : uart.obj (.text:UARTEnable)
                  2000affa    00000002     --HOLE-- [fill = 0]
                  2000affc    00000024     app_pem4.oem4 (.text:ti_sysbios_BIOS_errorRaiseHook__I)
                  2000b020    00000024     app_pem4.oem4 (.text:ti_sysbios_BIOS_registerRTSLock__I)
                  2000b044    00000024     app_pem4.oem4 (.text:ti_sysbios_BIOS_removeRTSLock__I)
                  2000b068    00000024     app_pem4.oem4 (.text:ti_sysbios_BIOS_startFunc__I)
                  2000b08c    00000004     --HOLE-- [fill = 0]
                  2000b090    00000024     sysbios.aem4 : BIOS.obj (.text:ti_sysbios_family_arm_m3_Hwi_doTaskRestore__I)
                  2000b0b4    00000004     --HOLE-- [fill = 0]
                  2000b0b8    00000024                  : BIOS.obj (.text:ti_sysbios_family_arm_m3_Timer_startup__E)
                  2000b0dc    00000024     app_pem4.oem4 (.text:ti_sysbios_gates_GateMutex_Object__delete__S)
                  2000b100    00000024     sysbios.aem4 : BIOS.obj (.text:ti_sysbios_knl_Clock_Module_startup__E)
                  2000b124    00000024     ti.targets.arm.rtsarm.aem4 : System.oem4 (.text:xdc_runtime_System_vprintf__E)
                  2000b148    00000022     driverlib.a : gpio.obj (.text:GPIOIntStatus)
                  2000b16a    00000022     app_pem4.oem4 (.text:xdc_runtime_SysMin_output__I)
                  2000b18c    00000020     driverlib.a : interrupt.obj (.text:IntRegister)
                  2000b1ac    00000020     app_pem4.oem4 (.text:ti_sysbios_BIOS_rtsLock__I)
                  2000b1cc    00000020     sysbios.aem4 : m3_Hwi_asm.obj (.text:ti_sysbios_family_arm_m3_Hwi_excHandlerAsm__I)
                  2000b1ec    00000004     --HOLE-- [fill = 0]
                  2000b1f0    00000020                  : BIOS.obj (.text:ti_sysbios_family_arm_m3_Hwi_excHandler__I)
                  2000b210    00000020                  : BIOS.obj (.text:ti_sysbios_family_arm_m3_TimestampProvider_Module_startup__E)
                  2000b230    00000020     app_pem4.oem4 (.text:ti_sysbios_gates_GateHwi_Object__delete__S)
                  2000b250    00000020     app_pem4.oem4 (.text:ti_sysbios_heaps_HeapMem_Object__delete__S)
                  2000b270    00000020     sysbios.aem4 : BIOS.obj (.text:ti_sysbios_knl_Idle_run__E)
                  2000b290    00000020     app_pem4.oem4 (.text:ti_sysbios_knl_Semaphore_Object__destruct__S)
                  2000b2b0    00000020     app_pem4.oem4 (.text:xdc_runtime_LoggerBuf_Object__delete__S)
                  2000b2d0    00000020     ti.targets.arm.rtsarm.aem4 : LoggerBuf.oem4 (.text:xdc_runtime_LoggerBuf_reset__E)
                  2000b2f0    00000020                                : Registry.oem4 (.text:xdc_runtime_Registry_findById__E)
                  2000b310    00000020                                : SysMin.oem4 (.text:xdc_runtime_SysMin_Module_startup__E)
                  2000b330    0000001e     driverlib.a : gpio.obj (.text:GPIOIntRegister)
                  2000b34e    0000001e                 : timer.obj (.text:TimerEnable)
                  2000b36c    0000001e                 : uart.obj (.text:UARTCharPut)
                  2000b38a    0000001e     sysbios.aem4 : m3_Hwi_asm_switch.obj (.text:ti_sysbios_family_xxx_Hwi_switchAndRunFunc)
                  2000b3a8    0000001c     driverlib.a : timer.obj (.text:TimerValueGet)
                  2000b3c4    0000001c                 : uart.obj (.text:UARTCharGetNonBlocking)
                  2000b3e0    0000001c     rtsv7M4_T_le_eabi.lib : memccpy.c.obj (.text:memccpy)
                  2000b3fc    00000004     --HOLE-- [fill = 0]
                  2000b400    0000001c     sysbios.aem4 : BIOS.obj (.text:ti_sysbios_gates_GateMutex_Instance_init__E)
                  2000b41c    0000001c     app_pem4.oem4 (.text:ti_sysbios_knl_Queue_Object__destruct__S)
                  2000b438    0000001c     sysbios.aem4 : BIOS.obj (.text:ti_sysbios_knl_Task_enter__I)
                  2000b454    0000001c     ti.targets.arm.rtsarm.aem4 : Error.oem4 (.text:xdc_runtime_Error_raiseX__E)
                  2000b470    0000001c                                : Memory.oem4 (.text:xdc_runtime_Memory_valloc__E)
                  2000b48c    0000001c                                : SysMin.oem4 (.text:xdc_runtime_SysMin_exit__E)
                  2000b4a8    0000001c                                : System.oem4 (.text:xdc_runtime_System_abort__E)
                  2000b4c4    0000001a     driverlib.a : gpio.obj (.text:GPIOIntEnable)
                  2000b4de    0000001a                 : pin.obj (.text:PinTypeUART)
                  2000b4f8    0000001a     app_pem4.oem4 (.text:free)
                  2000b512    0000001a     app_pem4.oem4 (.text:ti_sysbios_family_arm_m3_Hwi_Handle__label__S)
                  2000b52c    0000001a     sysbios.aem4 : m3_Hwi_asm.obj (.text:ti_sysbios_family_arm_m3_Hwi_pendSV__I)
                  2000b546    0000001a     app_pem4.oem4 (.text:ti_sysbios_gates_GateHwi_Handle__label__S)
                  2000b560    0000001a     app_pem4.oem4 (.text:ti_sysbios_gates_GateMutex_Handle__label__S)
                  2000b57a    0000001a     app_pem4.oem4 (.text:ti_sysbios_heaps_HeapMem_Handle__label__S)
                  2000b594    0000001a     app_pem4.oem4 (.text:ti_sysbios_knl_Swi_Handle__label__S)
                  2000b5ae    0000001a     app_pem4.oem4 (.text:ti_sysbios_knl_Task_Handle__label__S)
                  2000b5c8    0000001a     app_pem4.oem4 (.text:xdc_runtime_LoggerBuf_Handle__label__S)
                  2000b5e2    0000001a     app_pem4.oem4 (.text:xdc_runtime_System_aprintf__E)
                  2000b5fc    0000001a     app_pem4.oem4 (.text:xdc_runtime_System_printf__E)
                  2000b616    00000018     driverlib.a : uart.obj (.text:UARTCharsAvail)
                  2000b62e    00000002     --HOLE-- [fill = 0]
                  2000b630    00000018     rtsv7M4_T_le_eabi.lib : args_main.c.obj (.text:_args_main)
                  2000b648    00000018                           : vsnprintf.c.obj (.text:_outc)
                  2000b660    00000018     app_pem4.oem4 (.text:ti_sysbios_BIOS_rtsUnlock__I)
                  2000b678    00000018     app_pem4.oem4 (.text:ti_sysbios_family_arm_m3_Hwi_Module__startupDone__F)
                  2000b690    00000018     app_pem4.oem4 (.text:ti_sysbios_family_arm_m3_Timer_Module__startupDone__F)
                  2000b6a8    00000018     sysbios.aem4 : BIOS.obj (.text:ti_sysbios_gates_GateMutex_leave__E)
                  2000b6c0    00000018     ti.targets.arm.rtsarm.aem4 : Error.oem4 (.text:xdc_runtime_Error_check__E)
                  2000b6d8    00000018                                : System.oem4 (.text:xdc_runtime_System_exit__E)
                  2000b6f0    00000018                                : Text.oem4 (.text:xdc_runtime_Text_ropeText__E)
                  2000b708    00000016     driverlib.a : prcm.obj (.text:PRCMHIBRegRead)
                  2000b71e    00000016                 : prcm.obj (.text:PRCMHIBRegWrite)
                  2000b734    00000016     rtsv7M4_T_le_eabi.lib : strchr.c.obj (.text:strchr)
                  2000b74a    00000016     app_pem4.oem4 (.text:ti_sysbios_BIOS_exitFunc__I)
                  2000b760    00000014     driverlib.a : cpu.obj (.text:CPUcpsie)
                  2000b774    00000014                 : gpio.obj (.text:GPIOIntClear)
                  2000b788    00000014     rtsv7M4_T_le_eabi.lib : strlen.c.obj (.text:strlen)
                  2000b79c    00000014     app_pem4.oem4 (.text:ti_sysbios_family_arm_m3_Hwi_Object__get__S)
                  2000b7b0    00000014     sysbios.aem4 : BIOS.obj (.text:ti_sysbios_family_arm_m3_Hwi_switchFromBootStack__E)
                  2000b7c4    00000014     app_pem4.oem4 (.text:ti_sysbios_heaps_HeapMem_Object__get__S)
                  2000b7d8    00000014     app_pem4.oem4 (.text:ti_sysbios_knl_Swi_Object__get__S)
                  2000b7ec    00000014     app_pem4.oem4 (.text:xdc_runtime_LoggerBuf_Object__get__S)
                  2000b800    00000012     sysbios.aem4 : BIOS.obj (.text:ti_sysbios_hal_Hwi_Module_startup__E)
                  2000b812    00000006     --HOLE-- [fill = 0]
                  2000b818    00000012                  : BIOS.obj (.text:ti_sysbios_hal_Timer_Module_startup__E)
                  2000b82a    00000012     rtsv7M4_T_le_eabi.lib : wcslen.c.obj (.text:wcslen)
                  2000b83c    00000012     ti.targets.arm.rtsarm.aem4 : LoggerBuf.oem4 (.text:xdc_runtime_LoggerBuf_Instance_finalize__E)
                  2000b84e    00000012                                : LoggerBuf.oem4 (.text:xdc_runtime_LoggerBuf_write1__E)
                  2000b860    00000012                                : LoggerBuf.oem4 (.text:xdc_runtime_LoggerBuf_write2__E)
                  2000b872    00000012     app_pem4.oem4 (.text:xdc_runtime_Startup_exec__I)
                  2000b884    00000004     --HOLE-- [fill = 0]
                  2000b888    00000010     sysbios.aem4 : BIOS.obj (.text:ti_sysbios_BIOS_setThreadType__E)
                  2000b898    00000010                  : m3_TaskSupport_asm.obj (.text:ti_sysbios_family_arm_m3_TaskSupport_glue)
                  2000b8a8    00000010                  : m3_TaskSupport_asm.obj (.text:ti_sysbios_family_arm_m3_TaskSupport_swap__E)
                  2000b8b8    00000010                  : BIOS.obj (.text:ti_sysbios_gates_GateMutex_Instance_finalize__E)
                  2000b8c8    00000010     app_pem4.oem4 (.text:ti_sysbios_knl_Mailbox_Object__get__S)
                  2000b8d8    00000010     sysbios.aem4 : BIOS.obj (.text:ti_sysbios_knl_Semaphore_Instance_finalize__E)
                  2000b8e8    00000010                  : BIOS.obj (.text:ti_sysbios_knl_Swi_disable__E)
                  2000b8f8    00000010     app_pem4.oem4 (.text:ti_sysbios_knl_Task_Object__get__S)
                  2000b908    00000010     sysbios.aem4 : BIOS.obj (.text:ti_sysbios_knl_Task_disable__E)
                  2000b918    00000010     ti.targets.arm.rtsarm.aem4 : Gate.oem4 (.text:xdc_runtime_Gate_leaveSystem__E)
                  2000b928    00000010                                : LoggerBuf.oem4 (.text:xdc_runtime_LoggerBuf_write0__E)
                  2000b938    00000010                                : Memory.oem4 (.text:xdc_runtime_Memory_free__E)
                  2000b948    00000010                                : SysMin.oem4 (.text:xdc_runtime_SysMin_ready__E)
                  2000b958    00000010                                : System.oem4 (.text:xdc_runtime_System_vsnprintf__E)
                  2000b968    00000010     app_pem4.oem4 (.text:xdc_runtime_Text_visitRope__I)
                  2000b978    0000000e     rtsv7M4_T_le_eabi.lib : copy_decompress_none.c.obj (.text:decompress:none:__TI_decompress_none)
                  2000b986    00000002     --HOLE-- [fill = 0]
                  2000b988    0000000e     sysbios.aem4 : BIOS.obj (.text:ti_sysbios_knl_Idle_loop__E)
                  2000b996    00000002     --HOLE-- [fill = 0]
                  2000b998    0000000e                  : BIOS.obj (.text:ti_sysbios_knl_Queue_empty__E)
                  2000b9a6    00000002     --HOLE-- [fill = 0]
                  2000b9a8    0000000c     rtsv7M4_T_le_eabi.lib : _lock.c.obj (.text:_register_lock)
                  2000b9b4    0000000c                           : _lock.c.obj (.text:_register_unlock)
                  2000b9c0    0000000c                           : s_copysign.c.obj (.text:copysign)
                  2000b9cc    0000000c                           : copy_zero_init.c.obj (.text:decompress:ZI:__TI_zero_init)
                  2000b9d8    0000000c     sysbios.aem4 : BIOS.obj (.text:ti_sysbios_family_arm_m3_TaskSupport_checkStack__E)
                  2000b9e4    00000004     --HOLE-- [fill = 0]
                  2000b9e8    0000000c                  : BIOS.obj (.text:ti_sysbios_gates_GateHwi_enter__E)
                  2000b9f4    0000000c     app_pem4.oem4 (.text:ti_sysbios_knl_Queue_Object__get__S)
                  2000ba00    0000000c     ti.targets.arm.rtsarm.aem4 : Error.oem4 (.text:xdc_runtime_Error_init__E)
                  2000ba0c    0000000c                                : Gate.oem4 (.text:xdc_runtime_Gate_enterSystem__E)
                  2000ba18    0000000c                                : Memory.oem4 (.text:xdc_runtime_Memory_calloc__E)
                  2000ba24    0000000c                                : Memory.oem4 (.text:xdc_runtime_Memory_getMaxDefaultTypeAlign__E)
                  2000ba30    0000000a     driverlib.a : interrupt.obj (.text:IntMasterEnable)
                  2000ba3a    0000000a     app_pem4.oem4 (.text:xdc_runtime_IHeap_alloc)
                  2000ba44    0000000a     app_pem4.oem4 (.text:xdc_runtime_IHeap_free)
                  2000ba4e    0000000a     ti.targets.arm.rtsarm.aem4 : LoggerBuf.oem4 (.text:xdc_runtime_LoggerBuf_disable__E)
                  2000ba58    0000000a                                : LoggerBuf.oem4 (.text:xdc_runtime_LoggerBuf_enable__E)
                  2000ba62    00000002     --HOLE-- [fill = 0]
                  2000ba64    00000008     rtsv7M4_T_le_eabi.lib : errno.c.obj (.text:__aeabi_errno_addr)
                  2000ba6c    00000004     --HOLE-- [fill = 0]
                  2000ba70    00000008     sysbios.aem4 : BIOS.obj (.text:ti_sysbios_family_arm_m3_Hwi_doSwiRestore__I)
                  2000ba78    00000008                  : BIOS.obj (.text:ti_sysbios_family_arm_m3_Hwi_startup__E)
                  2000ba80    00000006                  : BIOS.obj (.text:ti_sysbios_gates_GateHwi_leave__E)
                  2000ba86    00000002     --HOLE-- [fill = 0]
                  2000ba88    00000006                  : BIOS.obj (.text:ti_sysbios_heaps_HeapMem_isBlocking__E)
                  2000ba8e    00000002     --HOLE-- [fill = 0]
                  2000ba90    00000006                  : BIOS.obj (.text:ti_sysbios_knl_Queue_Instance_init__E)
                  2000ba96    00000002     --HOLE-- [fill = 0]
                  2000ba98    00000004                  : BIOS.obj (.text:ti_sysbios_family_arm_m3_Timer_getMaxTicks__E)
                  2000ba9c    00000004     --HOLE-- [fill = 0]
                  2000baa0    00000004                  : BIOS.obj (.text:ti_sysbios_gates_GateHwi_query__E)
                  2000baa4    00000004     --HOLE-- [fill = 0]
                  2000baa8    00000004                  : BIOS.obj (.text:ti_sysbios_gates_GateMutex_query__E)
                  2000baac    00000004     --HOLE-- [fill = 0]
                  2000bab0    00000004                  : BIOS.obj (.text:ti_sysbios_knl_Task_startup__E)
                  2000bab4    00000004     --HOLE-- [fill = 0]
                  2000bab8    00000002                  : BIOS.obj (.text:ti_sysbios_gates_GateHwi_Instance_init__E)

.const     0    2000babc    00002179     
                  2000babc    000018cb     app_pem4.oem4 (.const:xdc_runtime_Text_charTab__A)
                  2000d387    00000101     rtsv7M4_T_le_eabi.lib : ctype.c.obj (.const:.string:_ctypes_)
                  2000d488    00000100     driverlib.a : pin.obj (.const:g_ulPinToPadMap)
                  2000d588    000000b8     app_pem4.oem4 (.const:xdc_runtime_Text_nodeTab__A)
                  2000d640    000000a8     driverlib.a : prcm.obj (.const:PRCM_PeriphRegsList)
                  2000d6e8    00000048     app_pem4.oem4 (.const:.string)
                  2000d730    0000003c     app_pem4.oem4 (.const:xdc_runtime_LoggerBuf_Module__FXNS__C)
                  2000d76c    00000030     app_pem4.oem4 (.const:xdc_runtime_Startup_sfxnTab__A)
                  2000d79c    00000028     app_pem4.oem4 (.const:ti_sysbios_heaps_HeapMem_Module__FXNS__C)
                  2000d7c4    00000024     app_pem4.oem4 (.const:ti_sysbios_gates_GateHwi_Module__FXNS__C)
                  2000d7e8    00000024     app_pem4.oem4 (.const:ti_sysbios_gates_GateMutex_Module__FXNS__C)
                  2000d80c    00000024     app_pem4.oem4 (.const:ti_sysbios_heaps_HeapMem_Object__PARAMS__C)
                  2000d830    00000024     app_pem4.oem4 (.const:ti_sysbios_knl_Semaphore_Object__PARAMS__C)
                  2000d854    00000024     app_pem4.oem4 (.const:xdc_runtime_LoggerBuf_Object__PARAMS__C)
                  2000d878    00000020     app_pem4.oem4 (.const:ti_sysbios_gates_GateHwi_Object__DESC__C)
                  2000d898    00000020     app_pem4.oem4 (.const:ti_sysbios_gates_GateMutex_Object__DESC__C)
                  2000d8b8    00000020     app_pem4.oem4 (.const:ti_sysbios_heaps_HeapMem_Object__DESC__C)
                  2000d8d8    00000020     app_pem4.oem4 (.const:ti_sysbios_knl_Queue_Object__DESC__C)
                  2000d8f8    00000020     app_pem4.oem4 (.const:ti_sysbios_knl_Semaphore_Object__DESC__C)
                  2000d918    00000020     app_pem4.oem4 (.const:xdc_runtime_LoggerBuf_Object__DESC__C)
                  2000d938    00000018     driverlib.a : interrupt.obj (.const:g_pulEnRegs)
                  2000d950    00000018     app_pem4.oem4 (.const:ti_sysbios_gates_GateHwi_Object__PARAMS__C)
                  2000d968    00000018     app_pem4.oem4 (.const:ti_sysbios_gates_GateMutex_Object__PARAMS__C)
                  2000d980    00000018     app_pem4.oem4 (.const:ti_sysbios_knl_Queue_Object__PARAMS__C)
                  2000d998    00000018     app_pem4.oem4 (.const:xdc_runtime_Startup_sfxnRts__A)
                  2000d9b0    0000000c     app_pem4.oem4 (.const:xdc_runtime_Startup_firstFxns__A)
                  2000d9bc    00000008     app_pem4.oem4 (.const:ti_sysbios_family_arm_m3_Hwi_excHookFuncs__A)
                  2000d9c4    00000008     app_pem4.oem4 (.const:ti_sysbios_knl_Idle_funcList__C)
                  2000d9cc    00000008     app_pem4.oem4 (.const:xdc_runtime_Startup_firstFxns__C)
                  2000d9d4    00000008     app_pem4.oem4 (.const:xdc_runtime_Startup_lastFxns__C)
                  2000d9dc    00000004     app_pem4.oem4 (.const:ti_sysbios_family_arm_m3_Hwi_E_NMI__C)
                  2000d9e0    00000004     app_pem4.oem4 (.const:ti_sysbios_family_arm_m3_Hwi_E_busFault__C)
                  2000d9e4    00000004     app_pem4.oem4 (.const:ti_sysbios_family_arm_m3_Hwi_E_debugMon__C)
                  2000d9e8    00000004     app_pem4.oem4 (.const:ti_sysbios_family_arm_m3_Hwi_E_hardFault__C)
                  2000d9ec    00000004     app_pem4.oem4 (.const:ti_sysbios_family_arm_m3_Hwi_E_memFault__C)
                  2000d9f0    00000004     app_pem4.oem4 (.const:ti_sysbios_family_arm_m3_Hwi_E_noIsr__C)
                  2000d9f4    00000004     app_pem4.oem4 (.const:ti_sysbios_family_arm_m3_Hwi_E_reserved__C)
                  2000d9f8    00000004     app_pem4.oem4 (.const:ti_sysbios_family_arm_m3_Hwi_E_svCall__C)
                  2000d9fc    00000004     app_pem4.oem4 (.const:ti_sysbios_family_arm_m3_Hwi_E_usageFault__C)
                  2000da00    00000004     app_pem4.oem4 (.const:ti_sysbios_family_arm_m3_Hwi_LD_end__C)
                  2000da04    00000004     app_pem4.oem4 (.const:ti_sysbios_family_arm_m3_Hwi_LM_begin__C)
                  2000da08    00000004     app_pem4.oem4 (.const:ti_sysbios_family_arm_m3_Hwi_Module__diagsEnabled__C)
                  2000da0c    00000004     app_pem4.oem4 (.const:ti_sysbios_family_arm_m3_Hwi_Module__diagsIncluded__C)
                  2000da10    00000004     app_pem4.oem4 (.const:ti_sysbios_family_arm_m3_Hwi_Module__diagsMask__C)
                  2000da14    00000004     app_pem4.oem4 (.const:ti_sysbios_family_arm_m3_Hwi_Module__loggerFxn1__C)
                  2000da18    00000004     app_pem4.oem4 (.const:ti_sysbios_family_arm_m3_Hwi_Module__loggerFxn8__C)
                  2000da1c    00000004     app_pem4.oem4 (.const:ti_sysbios_family_arm_m3_Hwi_Module__loggerObj__C)
                  2000da20    00000004     app_pem4.oem4 (.const:ti_sysbios_family_arm_m3_Hwi_NUM_INTERRUPTS__C)
                  2000da24    00000004     app_pem4.oem4 (.const:ti_sysbios_family_arm_m3_Hwi_Object__count__C)
                  2000da28    00000004     app_pem4.oem4 (.const:ti_sysbios_family_arm_m3_Hwi_ccr__C)
                  2000da2c    00000004     app_pem4.oem4 (.const:ti_sysbios_family_arm_m3_Hwi_excHandlerFunc__C)
                  2000da30    00000004     app_pem4.oem4 (.const:ti_sysbios_family_arm_m3_Hwi_excHookFuncs__C)
                  2000da34    00000004     app_pem4.oem4 (.const:ti_sysbios_family_arm_m3_Hwi_nullIsrFunc__C)
                  2000da38    00000004     app_pem4.oem4 (.const:ti_sysbios_family_arm_m3_Hwi_priGroup__C)
                  2000da3c    00000004     app_pem4.oem4 (.const:ti_sysbios_family_arm_m3_Timer_E_cannotSupport__C)
                  2000da40    00000004     app_pem4.oem4 (.const:ti_sysbios_family_arm_m3_Timer_startupNeeded__C)
                  2000da44    00000004     app_pem4.oem4 (.const:ti_sysbios_gates_GateMutex_A_badContext__C)
                  2000da48    00000004     app_pem4.oem4 (.const:ti_sysbios_gates_GateMutex_Instance_State_sem__O)
                  2000da4c    00000004     app_pem4.oem4 (.const:ti_sysbios_gates_GateMutex_Module__diagsEnabled__C)
                  2000da50    00000004     app_pem4.oem4 (.const:ti_sysbios_gates_GateMutex_Module__diagsIncluded__C)
                  2000da54    00000004     app_pem4.oem4 (.const:ti_sysbios_gates_GateMutex_Module__diagsMask__C)
                  2000da58    00000004     app_pem4.oem4 (.const:ti_sysbios_hal_Hwi_E_stackOverflow__C)
                  2000da5c    00000004     app_pem4.oem4 (.const:ti_sysbios_heaps_HeapMem_A_align__C)
                  2000da60    00000004     app_pem4.oem4 (.const:ti_sysbios_heaps_HeapMem_A_heapSize__C)
                  2000da64    00000004     app_pem4.oem4 (.const:ti_sysbios_heaps_HeapMem_A_invalidFree__C)
                  2000da68    00000004     app_pem4.oem4 (.const:ti_sysbios_heaps_HeapMem_A_zeroBlock__C)
                  2000da6c    00000004     app_pem4.oem4 (.const:ti_sysbios_heaps_HeapMem_E_memory__C)
                  2000da70    00000004     app_pem4.oem4 (.const:ti_sysbios_heaps_HeapMem_Module__diagsEnabled__C)
                  2000da74    00000004     app_pem4.oem4 (.const:ti_sysbios_heaps_HeapMem_Module__diagsIncluded__C)
                  2000da78    00000004     app_pem4.oem4 (.const:ti_sysbios_heaps_HeapMem_Module__diagsMask__C)
                  2000da7c    00000004     app_pem4.oem4 (.const:ti_sysbios_heaps_HeapMem_Module__gateObj__C)
                  2000da80    00000004     app_pem4.oem4 (.const:ti_sysbios_heaps_HeapMem_Object__count__C)
                  2000da84    00000004     app_pem4.oem4 (.const:ti_sysbios_heaps_HeapMem_reqAlign__C)
                  2000da88    00000004     app_pem4.oem4 (.const:ti_sysbios_knl_Clock_LM_begin__C)
                  2000da8c    00000004     app_pem4.oem4 (.const:ti_sysbios_knl_Clock_LM_tick__C)
                  2000da90    00000004     app_pem4.oem4 (.const:ti_sysbios_knl_Clock_LW_delayed__C)
                  2000da94    00000004     app_pem4.oem4 (.const:ti_sysbios_knl_Clock_Module_State_clockQ__O)
                  2000da98    00000004     app_pem4.oem4 (.const:ti_sysbios_knl_Clock_Module__diagsEnabled__C)
                  2000da9c    00000004     app_pem4.oem4 (.const:ti_sysbios_knl_Clock_Module__diagsIncluded__C)
                  2000daa0    00000004     app_pem4.oem4 (.const:ti_sysbios_knl_Clock_Module__diagsMask__C)
                  2000daa4    00000004     app_pem4.oem4 (.const:ti_sysbios_knl_Clock_Module__loggerFxn1__C)
                  2000daa8    00000004     app_pem4.oem4 (.const:ti_sysbios_knl_Clock_Module__loggerFxn2__C)
                  2000daac    00000004     app_pem4.oem4 (.const:ti_sysbios_knl_Clock_Module__loggerObj__C)
                  2000dab0    00000004     app_pem4.oem4 (.const:ti_sysbios_knl_Idle_funcList__A)
                  2000dab4    00000004     app_pem4.oem4 (.const:ti_sysbios_knl_Mailbox_Instance_State_freeQue__O)
                  2000dab8    00000004     app_pem4.oem4 (.const:ti_sysbios_knl_Mailbox_Object__count__C)
                  2000dabc    00000004     app_pem4.oem4 (.const:ti_sysbios_knl_Mailbox_maxTypeAlign__C)
                  2000dac0    00000004     app_pem4.oem4 (.const:ti_sysbios_knl_Semaphore_A_badContext__C)
                  2000dac4    00000004     app_pem4.oem4 (.const:ti_sysbios_knl_Semaphore_A_noEvents__C)
                  2000dac8    00000004     app_pem4.oem4 (.const:ti_sysbios_knl_Semaphore_A_overflow__C)
                  2000dacc    00000004     app_pem4.oem4 (.const:ti_sysbios_knl_Semaphore_A_pendTaskDisabled__C)
                  2000dad0    00000004     app_pem4.oem4 (.const:ti_sysbios_knl_Semaphore_Instance_State_pendQ__O)
                  2000dad4    00000004     app_pem4.oem4 (.const:ti_sysbios_knl_Semaphore_LM_pend__C)
                  2000dad8    00000004     app_pem4.oem4 (.const:ti_sysbios_knl_Semaphore_LM_post__C)
                  2000dadc    00000004     app_pem4.oem4 (.const:ti_sysbios_knl_Semaphore_Module__diagsEnabled__C)
                  2000dae0    00000004     app_pem4.oem4 (.const:ti_sysbios_knl_Semaphore_Module__diagsIncluded__C)
                  2000dae4    00000004     app_pem4.oem4 (.const:ti_sysbios_knl_Semaphore_Module__diagsMask__C)
                  2000dae8    00000004     app_pem4.oem4 (.const:ti_sysbios_knl_Semaphore_Module__loggerFxn2__C)
                  2000daec    00000004     app_pem4.oem4 (.const:ti_sysbios_knl_Semaphore_Module__loggerFxn4__C)
                  2000daf0    00000004     app_pem4.oem4 (.const:ti_sysbios_knl_Semaphore_Module__loggerObj__C)
                  2000daf4    00000004     app_pem4.oem4 (.const:ti_sysbios_knl_Swi_LD_end__C)
                  2000daf8    00000004     app_pem4.oem4 (.const:ti_sysbios_knl_Swi_LM_begin__C)
                  2000dafc    00000004     app_pem4.oem4 (.const:ti_sysbios_knl_Swi_LM_post__C)
                  2000db00    00000004     app_pem4.oem4 (.const:ti_sysbios_knl_Swi_Module__diagsEnabled__C)
                  2000db04    00000004     app_pem4.oem4 (.const:ti_sysbios_knl_Swi_Module__diagsIncluded__C)
                  2000db08    00000004     app_pem4.oem4 (.const:ti_sysbios_knl_Swi_Module__diagsMask__C)
                  2000db0c    00000004     app_pem4.oem4 (.const:ti_sysbios_knl_Swi_Module__loggerFxn1__C)
                  2000db10    00000004     app_pem4.oem4 (.const:ti_sysbios_knl_Swi_Module__loggerFxn4__C)
                  2000db14    00000004     app_pem4.oem4 (.const:ti_sysbios_knl_Swi_Module__loggerObj__C)
                  2000db18    00000004     app_pem4.oem4 (.const:ti_sysbios_knl_Swi_Object__count__C)
                  2000db1c    00000004     app_pem4.oem4 (.const:ti_sysbios_knl_Task_E_spOutOfBounds__C)
                  2000db20    00000004     app_pem4.oem4 (.const:ti_sysbios_knl_Task_E_stackOverflow__C)
                  2000db24    00000004     app_pem4.oem4 (.const:ti_sysbios_knl_Task_LD_block__C)
                  2000db28    00000004     app_pem4.oem4 (.const:ti_sysbios_knl_Task_LD_exit__C)
                  2000db2c    00000004     app_pem4.oem4 (.const:ti_sysbios_knl_Task_LD_ready__C)
                  2000db30    00000004     app_pem4.oem4 (.const:ti_sysbios_knl_Task_LM_switch__C)
                  2000db34    00000004     app_pem4.oem4 (.const:ti_sysbios_knl_Task_Module_State_inactiveQ__O)
                  2000db38    00000004     app_pem4.oem4 (.const:ti_sysbios_knl_Task_Module__diagsEnabled__C)
                  2000db3c    00000004     app_pem4.oem4 (.const:ti_sysbios_knl_Task_Module__diagsIncluded__C)
                  2000db40    00000004     app_pem4.oem4 (.const:ti_sysbios_knl_Task_Module__diagsMask__C)
                  2000db44    00000004     app_pem4.oem4 (.const:ti_sysbios_knl_Task_Module__loggerFxn2__C)
                  2000db48    00000004     app_pem4.oem4 (.const:ti_sysbios_knl_Task_Module__loggerFxn4__C)
                  2000db4c    00000004     app_pem4.oem4 (.const:ti_sysbios_knl_Task_Module__loggerObj__C)
                  2000db50    00000004     app_pem4.oem4 (.const:ti_sysbios_knl_Task_Object__count__C)
                  2000db54    00000004     app_pem4.oem4 (.const:ti_sysbios_knl_Task_allBlockedFunc__C)
                  2000db58    00000004     app_pem4.oem4 (.const:ti_sysbios_knl_Task_numConstructedTasks__C)
                  2000db5c    00000004     app_pem4.oem4 (.const:xdc_runtime_Assert_E_assertFailed__C)
                  2000db60    00000004     app_pem4.oem4 (.const:xdc_runtime_Core_A_initializedParams__C)
                  2000db64    00000004     app_pem4.oem4 (.const:xdc_runtime_Core_Module__diagsEnabled__C)
                  2000db68    00000004     app_pem4.oem4 (.const:xdc_runtime_Core_Module__diagsIncluded__C)
                  2000db6c    00000004     app_pem4.oem4 (.const:xdc_runtime_Core_Module__diagsMask__C)
                  2000db70    00000004     app_pem4.oem4 (.const:xdc_runtime_Error_E_memory__C)
                  2000db74    00000004     app_pem4.oem4 (.const:xdc_runtime_Error_Module__diagsEnabled__C)
                  2000db78    00000004     app_pem4.oem4 (.const:xdc_runtime_Error_Module__diagsIncluded__C)
                  2000db7c    00000004     app_pem4.oem4 (.const:xdc_runtime_Error_Module__diagsMask__C)
                  2000db80    00000004     app_pem4.oem4 (.const:xdc_runtime_Error_Module__loggerFxn8__C)
                  2000db84    00000004     app_pem4.oem4 (.const:xdc_runtime_Error_Module__loggerObj__C)
                  2000db88    00000004     app_pem4.oem4 (.const:xdc_runtime_Error_policyFxn__C)
                  2000db8c    00000004     app_pem4.oem4 (.const:xdc_runtime_Error_raiseHook__C)
                  2000db90    00000004     app_pem4.oem4 (.const:xdc_runtime_IFilterLogger_Interface__BASE__C)
                  2000db94    00000004     app_pem4.oem4 (.const:xdc_runtime_IGateProvider_Interface__BASE__C)
                  2000db98    00000004     app_pem4.oem4 (.const:xdc_runtime_IHeap_Interface__BASE__C)
                  2000db9c    00000004     app_pem4.oem4 (.const:xdc_runtime_ILogger_Interface__BASE__C)
                  2000dba0    00000004     app_pem4.oem4 (.const:xdc_runtime_IModule_Interface__BASE__C)
                  2000dba4    00000004     app_pem4.oem4 (.const:xdc_runtime_Log_L_error__C)
                  2000dba8    00000004     app_pem4.oem4 (.const:xdc_runtime_LoggerBuf_E_badLevel__C)
                  2000dbac    00000004     app_pem4.oem4 (.const:xdc_runtime_LoggerBuf_Module__gateObj__C)
                  2000dbb0    00000004     app_pem4.oem4 (.const:xdc_runtime_LoggerBuf_Object__count__C)
                  2000dbb4    00000004     app_pem4.oem4 (.const:xdc_runtime_LoggerBuf_statusLogger__C)
                  2000dbb8    00000004     app_pem4.oem4 (.const:xdc_runtime_Memory_defaultHeapInstance__C)
                  2000dbbc    00000004     app_pem4.oem4 (.const:xdc_runtime_Startup_execImpl__C)
                  2000dbc0    00000004     app_pem4.oem4 (.const:xdc_runtime_Startup_maxPasses__C)
                  2000dbc4    00000004     app_pem4.oem4 (.const:xdc_runtime_Startup_sfxnRts__C)
                  2000dbc8    00000004     app_pem4.oem4 (.const:xdc_runtime_Startup_sfxnTab__C)
                  2000dbcc    00000004     app_pem4.oem4 (.const:xdc_runtime_SysMin_bufSize__C)
                  2000dbd0    00000004     app_pem4.oem4 (.const:xdc_runtime_SysMin_outputFunc__C)
                  2000dbd4    00000004     app_pem4.oem4 (.const:xdc_runtime_System_Module__gateObj__C)
                  2000dbd8    00000004     app_pem4.oem4 (.const:xdc_runtime_System_abortFxn__C)
                  2000dbdc    00000004     app_pem4.oem4 (.const:xdc_runtime_System_exitFxn__C)
                  2000dbe0    00000004     app_pem4.oem4 (.const:xdc_runtime_System_extendFxn__C)
                  2000dbe4    00000004     app_pem4.oem4 (.const:xdc_runtime_System_maxAtexitHandlers__C)
                  2000dbe8    00000004     app_pem4.oem4 (.const:xdc_runtime_Text_charTab__C)
                  2000dbec    00000004     app_pem4.oem4 (.const:xdc_runtime_Text_nameEmpty__C)
                  2000dbf0    00000004     app_pem4.oem4 (.const:xdc_runtime_Text_nameStatic__C)
                  2000dbf4    00000004     app_pem4.oem4 (.const:xdc_runtime_Text_nameUnknown__C)
                  2000dbf8    00000004     app_pem4.oem4 (.const:xdc_runtime_Text_nodeTab__C)
                  2000dbfc    00000004     app_pem4.oem4 (.const:xdc_runtime_Text_visitRopeFxn__C)
                  2000dc00    00000002     app_pem4.oem4 (.const:ti_sysbios_family_arm_m3_Hwi_Module__id__C)
                  2000dc02    00000002     app_pem4.oem4 (.const:ti_sysbios_family_arm_m3_Hwi_Module__loggerDefined__C)
                  2000dc04    00000002     app_pem4.oem4 (.const:ti_sysbios_family_arm_m3_Timer_Module__id__C)
                  2000dc06    00000002     app_pem4.oem4 (.const:ti_sysbios_family_arm_m3_TimestampProvider_configTimer__C)
                  2000dc08    00000002     app_pem4.oem4 (.const:ti_sysbios_gates_GateMutex_Module__id__C)
                  2000dc0a    00000002     app_pem4.oem4 (.const:ti_sysbios_hal_Hwi_Module__id__C)
                  2000dc0c    00000002     app_pem4.oem4 (.const:ti_sysbios_heaps_HeapMem_Module__id__C)
                  2000dc0e    00000002     app_pem4.oem4 (.const:ti_sysbios_knl_Clock_Module__id__C)
                  2000dc10    00000002     app_pem4.oem4 (.const:ti_sysbios_knl_Clock_Module__loggerDefined__C)
                  2000dc12    00000002     app_pem4.oem4 (.const:ti_sysbios_knl_Semaphore_Module__id__C)
                  2000dc14    00000002     app_pem4.oem4 (.const:ti_sysbios_knl_Semaphore_Module__loggerDefined__C)
                  2000dc16    00000002     app_pem4.oem4 (.const:ti_sysbios_knl_Swi_Module__id__C)
                  2000dc18    00000002     app_pem4.oem4 (.const:ti_sysbios_knl_Swi_Module__loggerDefined__C)
                  2000dc1a    00000002     app_pem4.oem4 (.const:ti_sysbios_knl_Task_Module__id__C)
                  2000dc1c    00000002     app_pem4.oem4 (.const:ti_sysbios_knl_Task_Module__loggerDefined__C)
                  2000dc1e    00000002     app_pem4.oem4 (.const:xdc_runtime_Core_Module__id__C)
                  2000dc20    00000002     app_pem4.oem4 (.const:xdc_runtime_Error_Module__loggerDefined__C)
                  2000dc22    00000002     app_pem4.oem4 (.const:xdc_runtime_Error_maxDepth__C)
                  2000dc24    00000002     app_pem4.oem4 (.const:xdc_runtime_LoggerBuf_Module__id__C)
                  2000dc26    00000002     app_pem4.oem4 (.const:xdc_runtime_LoggerBuf_filterByLevel__C)
                  2000dc28    00000002     app_pem4.oem4 (.const:xdc_runtime_Memory_Module__id__C)
                  2000dc2a    00000002     app_pem4.oem4 (.const:xdc_runtime_SysMin_flushAtExit__C)
                  2000dc2c    00000002     app_pem4.oem4 (.const:xdc_runtime_Text_charCnt__C)
                  2000dc2e    00000002     app_pem4.oem4 (.const:xdc_runtime_Text_isLoaded__C)
                  2000dc30    00000002     app_pem4.oem4 (.const:xdc_runtime_Text_registryModsLastId__C)
                  2000dc32    00000002     app_pem4.oem4 (.const:xdc_runtime_Text_unnamedModsLastId__C)
                  2000dc34    00000001     app_pem4.oem4 (.const:xdc_runtime_Error_policy__C)

.cinit     0    2000dc38    000001b8     
                  2000dc38    00000192     (.cinit..data.load) [load image, compression = lzss]
                  2000ddca    00000002     --HOLE-- [fill = 0]
                  2000ddcc    0000000c     (__TI_handler_table)
                  2000ddd8    00000008     (.cinit..bss.load) [load image, compression = zero_init]
                  2000dde0    00000010     (__TI_cinit_table)

.bss       0    20017000    00009460     UNINITIALIZED
                  20017000    00008000     (.common:ti_sysbios_heaps_HeapMem_Instance_State_0_buf__A)
                  2001f000    00000800     app_pem4.oem4 (.bss:taskStackSection)
                  2001f800    00000400     (.common:xdc_runtime_LoggerBuf_Instance_State_0_entryArr__A)
                  2001fc00    00000400     (.common:xdc_runtime_SysMin_Module_State_0_outbuf__A)
                  20020000    0000030c     (.common:ti_sysbios_family_arm_m3_Hwi_dispatchTable)
                  2002030c    00000120     rtsv7M4_T_le_eabi.lib : trgmsg.c.obj (.bss:_CIOBUF_)
                  2002042c    00000028     (.common:irSignal)
                  20020454    00000008     (.common:parmbuf)
                  2002045c    00000004     ir_uart.obj (.bss)

.data      0    20020460    000003c4     UNINITIALIZED
                  20020460    00000080     app_pem4.oem4 (.data:ti_sysbios_knl_Swi_Module_State_0_readyQ__A)
                  200204e0    00000080     app_pem4.oem4 (.data:ti_sysbios_knl_Task_Module_State_0_readyQ__A)
                  20020560    0000004c     app_pem4.oem4 (.data:ti_sysbios_knl_Task_Object__table__V)
                  200205ac    00000044     app_pem4.oem4 (.data:ti_sysbios_knl_Task_Module__state__V)
                  200205f0    00000038     app_pem4.oem4 (.data:ti_sysbios_gates_GateMutex_Object__table__V)
                  20020628    00000034     app_pem4.oem4 (.data:ti_sysbios_family_arm_m3_Hwi_Module__state__V)
                  2002065c    00000030     app_pem4.oem4 (.data:ti_sysbios_family_arm_m3_Timer_Object__table__V)
                  2002068c    00000030     app_pem4.oem4 (.data:ti_sysbios_knl_Swi_Object__table__V)
                  200206bc    0000002c     app_pem4.oem4 (.data:ti_sysbios_knl_Clock_Module__state__V)
                  200206e8    00000024     app_pem4.oem4 (.data:ti_sysbios_BIOS_Module__state__V)
                  2002070c    00000024     app_pem4.oem4 (.data:xdc_runtime_LoggerBuf_Object__table__V)
                  20020730    0000001c     app_pem4.oem4 (.data:ti_sysbios_knl_Swi_Module__state__V)
                  2002074c    00000018     app_pem4.oem4 (.data:ti_sysbios_family_arm_m3_Hwi_Object__table__V)
                  20020764    00000018     app_pem4.oem4 (.data:ti_sysbios_heaps_HeapMem_Object__table__V)
                  2002077c    00000010     app_pem4.oem4 (.data:xdc_runtime_System_Module_State_0_atexitHandlers__A)
                  2002078c    0000000c     app_pem4.oem4 (.data:ti_sysbios_family_arm_m3_Timer_Module__state__V)
                  20020798    0000000c     app_pem4.oem4 (.data:xdc_runtime_SysMin_Module__state__V)
                  200207a4    00000008     rtsv7M4_T_le_eabi.lib : _lock.c.obj (.data:$O1$$)
                  200207ac    00000008     app_pem4.oem4 (.data:ti_sysbios_gates_GateHwi_Module__root__V)
                  200207b4    00000008     app_pem4.oem4 (.data:ti_sysbios_gates_GateMutex_Module__root__V)
                  200207bc    00000008     app_pem4.oem4 (.data:ti_sysbios_heaps_HeapMem_Module__root__V)
                  200207c4    00000008     app_pem4.oem4 (.data:ti_sysbios_knl_Queue_Module__root__V)
                  200207cc    00000008     app_pem4.oem4 (.data:ti_sysbios_knl_Semaphore_Module__root__V)
                  200207d4    00000008     app_pem4.oem4 (.data:xdc_runtime_LoggerBuf_Module__root__V)
                  200207dc    00000008     app_pem4.oem4 (.data:xdc_runtime_Registry_Module__state__V)
                  200207e4    00000008     app_pem4.oem4 (.data:xdc_runtime_Startup_Module__state__V)
                  200207ec    00000008     app_pem4.oem4 (.data:xdc_runtime_System_Module__state__V)
                  200207f4    00000006     app_pem4.oem4 (.data:xdc_runtime_LoggerBuf_Module__state__V)
                  200207fa    00000002     app_pem4.oem4 (.data:ti_sysbios_family_arm_m3_Hwi_Module_State_0_excActive__A)
                  200207fc    00000005     ir.obj (.data)
                  20020801    00000001     --HOLE--
                  20020802    00000002     app_pem4.oem4 (.data:xdc_runtime_Error_Module__state__V)
                  20020804    00000004     rtsv7M4_T_le_eabi.lib : errno.c.obj (.data)
                  20020808    00000004                           : stkdepth_vars.c.obj (.data)
                  2002080c    00000004     app_pem4.oem4 (.data:ti_sysbios_family_arm_m3_Hwi_Module_State_0_excContext__A)
                  20020810    00000004     app_pem4.oem4 (.data:ti_sysbios_family_arm_m3_Hwi_Module_State_0_excStack__A)
                  20020814    00000004     app_pem4.oem4 (.data:ti_sysbios_family_arm_m3_TimestampProvider_Module__state__V)
                  20020818    00000004     app_pem4.oem4 (.data:ti_sysbios_gates_GateHwi_Object__table__V)
                  2002081c    00000004     app_pem4.oem4 (.data:ti_sysbios_knl_Task_Module_State_0_idleTask__A)
                  20020820    00000004     app_pem4.oem4 (.data:xdc_runtime_Memory_Module__state__V)

.stack     0    2002e000    00002000     UNINITIALIZED
                  2002e000    00002000     --HOLE--

.bootVecs 
*          0    00000000    00000008     DSECT
                  00000000    00000008     boot.aem4 : boot.oem4 (.bootVecs)

.vecs      0    20004000    00000000     DSECT

.resetVecs 
*          0    20004000    0000030c     
                  20004000    0000030c     app_pem4.oem4 (.resetVecs)

xdc.meta   0    00000000    000000f8     COPY SECTION
                  00000000    000000f8     app_pem4.oem4 (xdc.meta)

__llvm_prf_cnts 
*          0    20017000    00000000     UNINITIALIZED

MODULE SUMMARY

       Module                       code    ro data   rw data
       ------                       ----    -------   -------
    .\
       ir.obj                       664     0         45     
       ir_uart.obj                  636     0         4      
       main.obj                     140     0         0      
    +--+----------------------------+-------+---------+---------+
       Total:                       1440    0         49     
                                                             
    C:\ti\CC3200SDK_1.5.0\cc3200-sdk\ti_rtos\ti_rtos_config\ccs\Default\configPkg\package\cfg\
       app_pem4.oem4                1762    8644      38586  
    +--+----------------------------+-------+---------+---------+
       Total:                       1762    8644      38586  
                                                             
    C:/ti/CC3200SDK_1.5.0/cc3200-sdk/driverlib/ccs/Release/driverlib.a
       prcm.obj                     800     168       0      
       pin.obj                      274     256       0      
       gpio.obj                     366     0         0      
       uart.obj                     284     0         0      
       interrupt.obj                210     24        0      
       timer.obj                    168     0         0      
       cpu.obj                      20      0         0      
       utils.obj                    6       0         0      
    +--+----------------------------+-------+---------+---------+
       Total:                       2128    448       0      
                                                             
    C:\ti\CC3200SDK_1.5.0\cc3200-sdk\ti_rtos\ti_rtos_config\src\sysbios\sysbios.aem4
       BIOS.obj                     11412   0         0      
       m3_Hwi_asm.obj               266     0         0      
       m3_TaskSupport_asm.obj       108     0         0      
       m3_Hwi_asm_switch.obj        102     0         0      
    +--+----------------------------+-------+---------+---------+
       Total:                       11888   0         0      
                                                             
    C:\ti\ccsv8\tools\compiler\ti-cgt-arm_20.2.7.LTS\lib\rtsv7M4_T_le_eabi.lib
       _printfi.c.obj               4835    0         0      
       fd_add_t2.asm.obj            438     0         0      
       trgmsg.c.obj                 108     0         288    
       fd_div_t2.asm.obj            310     0         0      
       fd_cmp_t2.asm.obj            268     0         0      
       ctype.c.obj                  0       257       0      
       fd_mul_t2.asm.obj            252     0         0      
       s_scalbn.c.obj               208     0         0      
       memcpy_t2.asm.obj            156     0         0      
       ull_div_t2.asm.obj           150     0         0      
       vsnprintf.c.obj              136     0         0      
       memset_t2.asm.obj            122     0         0      
       copy_decompress_lzss.c.obj   104     0         0      
       s_frexp.c.obj                92      0         0      
       hostwrite.c.obj              88      0         0      
       _ltoa.c.obj                  84      0         0      
       atoi.c.obj                   76      0         0      
       cpy_tbl.c.obj                76      0         0      
       fd_toi_t2.asm.obj            72      0         0      
       u_divt2.asm.obj              64      0         0      
       i_tofd_t2.asm.obj            46      0         0      
       memmov.c.obj                 40      0         0      
       _lock.c.obj                  26      0         8      
       memccpy.c.obj                28      0         0      
       args_main.c.obj              24      0         0      
       strchr.c.obj                 22      0         0      
       strlen.c.obj                 20      0         0      
       wcslen.c.obj                 18      0         0      
       copy_decompress_none.c.obj   14      0         0      
       copy_zero_init.c.obj         12      0         0      
       errno.c.obj                  8       0         4      
       s_copysign.c.obj             12      0         0      
       hostopen.c.obj               0       0         8      
       exit.c.obj                   4       0         0      
       stkdepth_vars.c.obj          0       0         4      
       div0.asm.obj                 2       0         0      
    +--+----------------------------+-------+---------+---------+
       Total:                       7915    257       312    
                                                             
    C:\ti\tirtos_cc32xx_2_15_00_17\products\bios_6_45_00_20\packages\ti\targets\arm\rtsarm\lib\auto_init.aem4
       auto_init.oem4               160     0         0      
    +--+----------------------------+-------+---------+---------+
       Total:                       160     0         0      
                                                             
    C:\ti\tirtos_cc32xx_2_15_00_17\products\bios_6_45_00_20\packages\ti\targets\arm\rtsarm\lib\boot.aem4
       boot.oem4                    68      0         0      
    +--+----------------------------+-------+---------+---------+
       Total:                       68      0         0      
                                                             
    C:\ti\tirtos_cc32xx_2_15_00_17\products\bios_6_45_00_20\packages\ti\targets\arm\rtsarm\lib\ti.targets.arm.rtsarm.aem4
       System.oem4                  1255    0         0      
       LoggerBuf.oem4               1084    0         0      
       Text.oem4                    672     0         0      
       Error.oem4                   524     0         0      
       Core-mem.oem4                358     0         0      
       Startup.oem4                 328     0         0      
       SysMin.oem4                  248     0         0      
       Core-smem.oem4               204     0         0      
       Memory.oem4                  176     0         0      
       Assert.oem4                  84      0         0      
       Core-params.oem4             70      0         0      
       Core-label.oem4              52      0         0      
       Registry.oem4                32      0         0      
       Gate.oem4                    28      0         0      
    +--+----------------------------+-------+---------+---------+
       Total:                       5115    0         0      
                                                             
       Stack:                       0       0         8192   
       Linker Generated:            0       438       0      
    +--+----------------------------+-------+---------+---------+
       Grand Total:                 30476   9787      47139  


LINKER GENERATED COPY TABLES

__TI_cinit_table @ 2000dde0 records: 2, size/record: 8, table size: 16
	.data: load addr=2000dc38, load size=00000192 bytes, run addr=20020460, run size=000003c4 bytes, compression=lzss
	.bss: load addr=2000ddd8, load size=00000008 bytes, run addr=20017000, run size=00009460 bytes, compression=zero_init


LINKER GENERATED HANDLER TABLE

__TI_handler_table @ 2000ddcc records: 3, size/record: 4, table size: 12
	index: 0, handler: __TI_decompress_lzss
	index: 1, handler: __TI_decompress_none
	index: 2, handler: __TI_zero_init


GLOBAL SYMBOLS: SORTED ALPHABETICALLY BY Name 

address   name                                                        
-------   ----                                                        
200058e3  AnalyzeSignal                                               
200054dd  C$$EXIT                                                     
2000a8cf  C$$IO$$                                                     
2000b761  CPUcpsie                                                    
20005ad5  ClearTerm                                                   
200057fd  DecodeNEC                                                   
20005819  DecodeRC5                                                   
2000580b  DecodeSony                                                  
20005adf  Error                                                       
2000a981  GPIODirModeSet                                              
2000b775  GPIOIntClear                                                
2000b4c5  GPIOIntEnable                                               
2000b331  GPIOIntRegister                                             
2000b149  GPIOIntStatus                                               
2000957d  GPIOIntTypeSet                                              
20005b17  GetCmd                                                      
20009ca5  HOSTwrite                                                   
20005879  IR_GPIO_Init                                                
20005827  IR_GPIO_InterruptHandler                                    
2000925b  IR_PinMuxConfig                                             
20005a95  InitTerm                                                    
20008b85  IntEnable                                                   
2000ba31  IntMasterEnable                                             
2000b18d  IntRegister                                                 
2000b2d1  LoggerBuf_instanceStartup                                   
20005ab3  Message                                                     
20006b4d  PRCMCC3200MCUInit                                           
2000b709  PRCMHIBRegRead                                              
2000b71f  PRCMHIBRegWrite                                             
2000af0d  PRCMPeripheralClkDisable                                    
2000a76d  PRCMPeripheralClkEnable                                     
20009121  PRCMPeripheralClockGet                                      
20009cfd  PRCMPeripheralReset                                         
2000addd  PRCMSysResetCauseGet                                        
200092d5  PinConfigSet                                                
2000a5ed  PinModeSet                                                  
2000ab6b  PinTypeGPIO                                                 
2000b4df  PinTypeUART                                                 
20005c55  Report                                                      
UNDEFED   SHT$$INIT_ARRAY$$Base                                       
UNDEFED   SHT$$INIT_ARRAY$$Limit                                      
2000598b  StartIROperation                                            
2000a411  TimerConfigure                                              
2000b34f  TimerEnable                                                 
2000aeb9  TimerLoadSet                                                
2000b3a9  TimerValueGet                                               
200058bb  Timer_Init                                                  
20005bbd  TrimSpace                                                   
2000b3c5  UARTCharGetNonBlocking                                      
2000b36d  UARTCharPut                                                 
2000b617  UARTCharsAvail                                              
20009679  UARTConfigSetExpClk                                         
2000ab9d  UARTDisable                                                 
2000afd7  UARTEnable                                                  
20009acb  UtilsDelay                                                  
00000000  __ASM__                                                     
2002030c  __CIOBUF_                                                   
00000071  __ISA__                                                     
00000084  __PLAT__                                                    
20030000  __STACK_END                                                 
00002000  __STACK_SIZE                                                
000000ab  __TARG__                                                    
2000dde0  __TI_CINIT_Base                                             
2000ddf0  __TI_CINIT_Limit                                            
2000ddcc  __TI_Handler_Table_Base                                     
2000ddd8  __TI_Handler_Table_Limit                                    
20008cd9  __TI_auto_init                                              
200099fd  __TI_decompress_lzss                                        
2000b979  __TI_decompress_none                                        
20009e07  __TI_ltoa                                                   
ffffffff  __TI_pprof_out_hndl                                         
20004311  __TI_printfi                                                
ffffffff  __TI_prof_data_size                                         
ffffffff  __TI_prof_data_start                                        
2000a9b9  __TI_readmsg                                                
2000dc38  __TI_static_base__                                          
2000a8a1  __TI_writemsg                                               
2000b9cd  __TI_zero_init                                              
000000d0  __TRDR__                                                    
20009471  __aeabi_cdcmpeq                                             
20009471  __aeabi_cdcmple                                             
200094f7  __aeabi_cdrcmple                                            
2000a215  __aeabi_d2iz                                                
20006803  __aeabi_dadd                                                
20007861  __aeabi_ddiv                                                
20007ded  __aeabi_dmul                                                
200067f9  __aeabi_dsub                                                
2000ba65  __aeabi_errno_addr                                          
2000adaf  __aeabi_i2d                                                 
200069af  __aeabi_idiv0                                               
200069af  __aeabi_ldiv0                                               
200095ff  __aeabi_memclr                                              
200095ff  __aeabi_memclr4                                             
200095ff  __aeabi_memclr8                                             
20008e19  __aeabi_memcpy                                              
20008e19  __aeabi_memcpy4                                             
20008e19  __aeabi_memcpy8                                             
20009601  __aeabi_memset                                              
20009601  __aeabi_memset4                                             
20009601  __aeabi_memset8                                             
2000a62d  __aeabi_uidiv                                               
2000a62d  __aeabi_uidivmod                                            
2000908b  __aeabi_uldivmod                                            
ffffffff  __binit__                                                   
ffffffff  __c_args__                                                  
2002e000  __stack                                                     
20017000  __start___llvm_prf_cnts                                     
20017000  __stop___llvm_prf_cnts                                      
2000b631  _args_main                                                  
2000a455  _c_int00                                                    
2000d387  _ctypes_                                                    
[...]
2000ba25  xdc_runtime_Memory_getMaxDefaultTypeAlign__E                
2000ba31  IntMasterEnable                                             
2000ba3b  xdc_runtime_Memory_HeapProxy_alloc__E                       
2000ba45  xdc_runtime_Memory_HeapProxy_free__E                        
2000ba4f  xdc_runtime_LoggerBuf_disable__E                            
2000ba59  xdc_runtime_LoggerBuf_enable__E                             
2000ba65  __aeabi_errno_addr                                          
2000ba71  ti_sysbios_family_arm_m3_Hwi_doSwiRestore__I                
2000ba79  ti_sysbios_family_arm_m3_Hwi_startup__E                     
2000ba79  ti_sysbios_hal_Hwi_HwiProxy_startup__E                      
2000ba79  ti_sysbios_hal_Hwi_startup__E                               
2000ba81  ti_sysbios_gates_GateHwi_leave__E                           
2000ba89  ti_sysbios_heaps_HeapMem_isBlocking__E                      
2000ba91  ti_sysbios_knl_Queue_Instance_init__E                       
2000ba99  ti_sysbios_family_arm_m3_Timer_getMaxTicks__E               
2000baa1  ti_sysbios_gates_GateHwi_query__E                           
2000baa1  xdc_runtime_LoggerBuf_Module_GateProxy_query__E             
2000baa1  xdc_runtime_Main_Module_GateProxy_query__E                  
2000baa1  xdc_runtime_System_Module_GateProxy_query__E                
2000baa9  ti_sysbios_BIOS_RtsGateProxy_query__E                       
2000baa9  ti_sysbios_gates_GateMutex_query__E                         
2000baa9  ti_sysbios_heaps_HeapMem_Module_GateProxy_query__E          
2000bab1  ti_sysbios_knl_Task_startup__E                              
2000bab9  ti_sysbios_gates_GateHwi_Instance_init__E                   
2000babc  xdc_runtime_Text_charTab__A                                 
2000d387  _ctypes_                                                    
2000d588  xdc_runtime_Text_nodeTab__A                                 
2000d730  xdc_runtime_LoggerBuf_Module__FXNS__C                       
2000d76c  xdc_runtime_Startup_sfxnTab__A                              
2000d79c  ti_sysbios_heaps_HeapMem_Module__FXNS__C                    
2000d7c4  ti_sysbios_gates_GateHwi_Module__FXNS__C                    
2000d7e8  ti_sysbios_gates_GateMutex_Module__FXNS__C                  
2000d80c  ti_sysbios_heaps_HeapMem_Object__PARAMS__C                  
2000d830  ti_sysbios_knl_Semaphore_Object__PARAMS__C                  
2000d854  xdc_runtime_LoggerBuf_Object__PARAMS__C                     
2000d878  ti_sysbios_gates_GateHwi_Object__DESC__C                    
2000d898  ti_sysbios_gates_GateMutex_Object__DESC__C                  
2000d8b8  ti_sysbios_heaps_HeapMem_Object__DESC__C                    
2000d8d8  ti_sysbios_knl_Queue_Object__DESC__C                        
2000d8f8  ti_sysbios_knl_Semaphore_Object__DESC__C                    
2000d918  xdc_runtime_LoggerBuf_Object__DESC__C                       
2000d950  ti_sysbios_gates_GateHwi_Object__PARAMS__C                  
2000d968  ti_sysbios_gates_GateMutex_Object__PARAMS__C                
2000d980  ti_sysbios_knl_Queue_Object__PARAMS__C                      
2000d998  xdc_runtime_Startup_sfxnRts__A                              
2000d9b0  xdc_runtime_Startup_firstFxns__A                            
2000d9bc  ti_sysbios_family_arm_m3_Hwi_excHookFuncs__A                
2000d9c4  ti_sysbios_knl_Idle_funcList__C                             
2000d9cc  xdc_runtime_Startup_firstFxns__C                            
2000d9d4  xdc_runtime_Startup_lastFxns__C                             
2000d9dc  ti_sysbios_family_arm_m3_Hwi_E_NMI__C                       
2000d9e0  ti_sysbios_family_arm_m3_Hwi_E_busFault__C                  
2000d9e4  ti_sysbios_family_arm_m3_Hwi_E_debugMon__C                  
2000d9e8  ti_sysbios_family_arm_m3_Hwi_E_hardFault__C                 
2000d9ec  ti_sysbios_family_arm_m3_Hwi_E_memFault__C                  
2000d9f0  ti_sysbios_family_arm_m3_Hwi_E_noIsr__C                     
2000d9f4  ti_sysbios_family_arm_m3_Hwi_E_reserved__C                  
2000d9f8  ti_sysbios_family_arm_m3_Hwi_E_svCall__C                    
2000d9fc  ti_sysbios_family_arm_m3_Hwi_E_usageFault__C                
2000da00  ti_sysbios_family_arm_m3_Hwi_LD_end__C                      
2000da04  ti_sysbios_family_arm_m3_Hwi_LM_begin__C                    
2000da08  ti_sysbios_family_arm_m3_Hwi_Module__diagsEnabled__C        
2000da0c  ti_sysbios_family_arm_m3_Hwi_Module__diagsIncluded__C       
2000da10  ti_sysbios_family_arm_m3_Hwi_Module__diagsMask__C           
2000da14  ti_sysbios_family_arm_m3_Hwi_Module__loggerFxn1__C          
2000da18  ti_sysbios_family_arm_m3_Hwi_Module__loggerFxn8__C          
2000da1c  ti_sysbios_family_arm_m3_Hwi_Module__loggerObj__C           
2000da20  ti_sysbios_family_arm_m3_Hwi_NUM_INTERRUPTS__C              
2000da24  ti_sysbios_family_arm_m3_Hwi_Object__count__C               
2000da28  ti_sysbios_family_arm_m3_Hwi_ccr__C                         
2000da2c  ti_sysbios_family_arm_m3_Hwi_excHandlerFunc__C              
2000da30  ti_sysbios_family_arm_m3_Hwi_excHookFuncs__C                
2000da34  ti_sysbios_family_arm_m3_Hwi_nullIsrFunc__C                 
2000da38  ti_sysbios_family_arm_m3_Hwi_priGroup__C                    
2000da3c  ti_sysbios_family_arm_m3_Timer_E_cannotSupport__C           
2000da40  ti_sysbios_family_arm_m3_Timer_startupNeeded__C             
2000da44  ti_sysbios_gates_GateMutex_A_badContext__C                  
2000da48  ti_sysbios_gates_GateMutex_Instance_State_sem__O            
2000da4c  ti_sysbios_gates_GateMutex_Module__diagsEnabled__C          
2000da50  ti_sysbios_gates_GateMutex_Module__diagsIncluded__C         
2000da54  ti_sysbios_gates_GateMutex_Module__diagsMask__C             
2000da58  ti_sysbios_hal_Hwi_E_stackOverflow__C                       
2000da5c  ti_sysbios_heaps_HeapMem_A_align__C                         
2000da60  ti_sysbios_heaps_HeapMem_A_heapSize__C                      
2000da64  ti_sysbios_heaps_HeapMem_A_invalidFree__C                   
2000da68  ti_sysbios_heaps_HeapMem_A_zeroBlock__C                     
2000da6c  ti_sysbios_heaps_HeapMem_E_memory__C                        
2000da70  ti_sysbios_heaps_HeapMem_Module__diagsEnabled__C            
2000da74  ti_sysbios_heaps_HeapMem_Module__diagsIncluded__C           
2000da78  ti_sysbios_heaps_HeapMem_Module__diagsMask__C               
2000da7c  ti_sysbios_heaps_HeapMem_Module__gateObj__C                 
2000da80  ti_sysbios_heaps_HeapMem_Object__count__C                   
2000da84  ti_sysbios_heaps_HeapMem_reqAlign__C                        
2000da88  ti_sysbios_knl_Clock_LM_begin__C                            
2000da8c  ti_sysbios_knl_Clock_LM_tick__C                             
2000da90  ti_sysbios_knl_Clock_LW_delayed__C                          
2000da94  ti_sysbios_knl_Clock_Module_State_clockQ__O                 
2000da98  ti_sysbios_knl_Clock_Module__diagsEnabled__C                
2000da9c  ti_sysbios_knl_Clock_Module__diagsIncluded__C               
2000daa0  ti_sysbios_knl_Clock_Module__diagsMask__C                   
2000daa4  ti_sysbios_knl_Clock_Module__loggerFxn1__C                  
2000daa8  ti_sysbios_knl_Clock_Module__loggerFxn2__C                  
2000daac  ti_sysbios_knl_Clock_Module__loggerObj__C                   
2000dab0  ti_sysbios_knl_Idle_funcList__A                             
2000dab4  ti_sysbios_knl_Mailbox_Instance_State_freeQue__O            
2000dab8  ti_sysbios_knl_Mailbox_Object__count__C                     
2000dabc  ti_sysbios_knl_Mailbox_maxTypeAlign__C                      
2000dac0  ti_sysbios_knl_Semaphore_A_badContext__C                    
2000dac4  ti_sysbios_knl_Semaphore_A_noEvents__C                      
2000dac8  ti_sysbios_knl_Semaphore_A_overflow__C                      
2000dacc  ti_sysbios_knl_Semaphore_A_pendTaskDisabled__C              
2000dad0  ti_sysbios_knl_Semaphore_Instance_State_pendQ__O            
2000dad4  ti_sysbios_knl_Semaphore_LM_pend__C                         
2000dad8  ti_sysbios_knl_Semaphore_LM_post__C                         
2000dadc  ti_sysbios_knl_Semaphore_Module__diagsEnabled__C            
2000dae0  ti_sysbios_knl_Semaphore_Module__diagsIncluded__C           
2000dae4  ti_sysbios_knl_Semaphore_Module__diagsMask__C               
2000dae8  ti_sysbios_knl_Semaphore_Module__loggerFxn2__C              
2000daec  ti_sysbios_knl_Semaphore_Module__loggerFxn4__C              
2000daf0  ti_sysbios_knl_Semaphore_Module__loggerObj__C               
2000daf4  ti_sysbios_knl_Swi_LD_end__C                                
2000daf8  ti_sysbios_knl_Swi_LM_begin__C                              
2000dafc  ti_sysbios_knl_Swi_LM_post__C                               
2000db00  ti_sysbios_knl_Swi_Module__diagsEnabled__C                  
2000db04  ti_sysbios_knl_Swi_Module__diagsIncluded__C                 
2000db08  ti_sysbios_knl_Swi_Module__diagsMask__C                     
2000db0c  ti_sysbios_knl_Swi_Module__loggerFxn1__C                    
2000db10  ti_sysbios_knl_Swi_Module__loggerFxn4__C                    
2000db14  ti_sysbios_knl_Swi_Module__loggerObj__C                     
2000db18  ti_sysbios_knl_Swi_Object__count__C                         
2000db1c  ti_sysbios_knl_Task_E_spOutOfBounds__C                      
2000db20  ti_sysbios_knl_Task_E_stackOverflow__C                      
2000db24  ti_sysbios_knl_Task_LD_block__C                             
2000db28  ti_sysbios_knl_Task_LD_exit__C                              
2000db2c  ti_sysbios_knl_Task_LD_ready__C                             
2000db30  ti_sysbios_knl_Task_LM_switch__C                            
2000db34  ti_sysbios_knl_Task_Module_State_inactiveQ__O               
2000db38  ti_sysbios_knl_Task_Module__diagsEnabled__C                 
2000db3c  ti_sysbios_knl_Task_Module__diagsIncluded__C                
2000db40  ti_sysbios_knl_Task_Module__diagsMask__C                    
2000db44  ti_sysbios_knl_Task_Module__loggerFxn2__C                   
2000db48  ti_sysbios_knl_Task_Module__loggerFxn4__C                   
2000db4c  ti_sysbios_knl_Task_Module__loggerObj__C                    
2000db50  ti_sysbios_knl_Task_Object__count__C                        
2000db54  ti_sysbios_knl_Task_allBlockedFunc__C                       
2000db58  ti_sysbios_knl_Task_numConstructedTasks__C                  
2000db5c  xdc_runtime_Assert_E_assertFailed__C                        
2000db60  xdc_runtime_Core_A_initializedParams__C                     
2000db64  xdc_runtime_Core_Module__diagsEnabled__C                    
2000db68  xdc_runtime_Core_Module__diagsIncluded__C                   
2000db6c  xdc_runtime_Core_Module__diagsMask__C                       
2000db70  xdc_runtime_Error_E_memory__C                               
2000db74  xdc_runtime_Error_Module__diagsEnabled__C                   
2000db78  xdc_runtime_Error_Module__diagsIncluded__C                  
2000db7c  xdc_runtime_Error_Module__diagsMask__C                      
2000db80  xdc_runtime_Error_Module__loggerFxn8__C                     
2000db84  xdc_runtime_Error_Module__loggerObj__C                      
2000db88  xdc_runtime_Error_policyFxn__C                              
2000db8c  xdc_runtime_Error_raiseHook__C                              
2000db90  xdc_runtime_IFilterLogger_Interface__BASE__C                
2000db94  xdc_runtime_IGateProvider_Interface__BASE__C                
2000db98  xdc_runtime_IHeap_Interface__BASE__C                        
2000db9c  xdc_runtime_ILogger_Interface__BASE__C                      
2000dba0  xdc_runtime_IModule_Interface__BASE__C                      
2000dba4  xdc_runtime_Log_L_error__C                                  
2000dba8  xdc_runtime_LoggerBuf_E_badLevel__C                         
2000dbac  xdc_runtime_LoggerBuf_Module__gateObj__C                    
2000dbb0  xdc_runtime_LoggerBuf_Object__count__C                      
2000dbb4  xdc_runtime_LoggerBuf_statusLogger__C                       
2000dbb8  xdc_runtime_Memory_defaultHeapInstance__C                   
2000dbbc  xdc_runtime_Startup_execImpl__C                             
2000dbc0  xdc_runtime_Startup_maxPasses__C                            
2000dbc4  xdc_runtime_Startup_sfxnRts__C                              
2000dbc8  xdc_runtime_Startup_sfxnTab__C                              
2000dbcc  xdc_runtime_SysMin_bufSize__C                               
2000dbd0  xdc_runtime_SysMin_outputFunc__C                            
2000dbd4  xdc_runtime_System_Module__gateObj__C                       
2000dbd8  xdc_runtime_System_abortFxn__C                              
2000dbdc  xdc_runtime_System_exitFxn__C                               
2000dbe0  xdc_runtime_System_extendFxn__C                             
2000dbe4  xdc_runtime_System_maxAtexitHandlers__C                     
2000dbe8  xdc_runtime_Text_charTab__C                                 
2000dbec  xdc_runtime_Text_nameEmpty__C                               
2000dbf0  xdc_runtime_Text_nameStatic__C                              
2000dbf4  xdc_runtime_Text_nameUnknown__C                             
2000dbf8  xdc_runtime_Text_nodeTab__C                                 
2000dbfc  xdc_runtime_Text_visitRopeFxn__C                            
2000dc00  ti_sysbios_family_arm_m3_Hwi_Module__id__C                  
2000dc02  ti_sysbios_family_arm_m3_Hwi_Module__loggerDefined__C       
2000dc04  ti_sysbios_family_arm_m3_Timer_Module__id__C                
2000dc06  ti_sysbios_family_arm_m3_TimestampProvider_configTimer__C   
2000dc08  ti_sysbios_gates_GateMutex_Module__id__C                    
2000dc0a  ti_sysbios_hal_Hwi_Module__id__C                            
2000dc0c  ti_sysbios_heaps_HeapMem_Module__id__C                      
2000dc0e  ti_sysbios_knl_Clock_Module__id__C                          
2000dc10  ti_sysbios_knl_Clock_Module__loggerDefined__C               
2000dc12  ti_sysbios_knl_Semaphore_Module__id__C                      
2000dc14  ti_sysbios_knl_Semaphore_Module__loggerDefined__C           
2000dc16  ti_sysbios_knl_Swi_Module__id__C                            
2000dc18  ti_sysbios_knl_Swi_Module__loggerDefined__C                 
2000dc1a  ti_sysbios_knl_Task_Module__id__C                           
2000dc1c  ti_sysbios_knl_Task_Module__loggerDefined__C                
2000dc1e  xdc_runtime_Core_Module__id__C                              
2000dc20  xdc_runtime_Error_Module__loggerDefined__C                  
2000dc22  xdc_runtime_Error_maxDepth__C                               
2000dc24  xdc_runtime_LoggerBuf_Module__id__C                         
2000dc26  xdc_runtime_LoggerBuf_filterByLevel__C                      
2000dc28  xdc_runtime_Memory_Module__id__C                            
2000dc2a  xdc_runtime_SysMin_flushAtExit__C                           
2000dc2c  xdc_runtime_Text_charCnt__C                                 
2000dc2e  xdc_runtime_Text_isLoaded__C                                
2000dc30  xdc_runtime_Text_registryModsLastId__C                      
2000dc32  xdc_runtime_Text_unnamedModsLastId__C                       
2000dc34  xdc_runtime_Error_policy__C                                 
2000dc38  __TI_static_base__                                          
2000ddcc  __TI_Handler_Table_Base                                     
2000ddd8  __TI_Handler_Table_Limit                                    
2000dde0  __TI_CINIT_Base                                             
2000ddf0  __TI_CINIT_Limit                                            
20017000  __start___llvm_prf_cnts                                     
20017000  __stop___llvm_prf_cnts                                      
20017000  ti_sysbios_heaps_HeapMem_Instance_State_0_buf__A            
2001f000  ti_sysbios_knl_Task_Instance_State_0_stack__A               
2001f800  xdc_runtime_LoggerBuf_Instance_State_0_entryArr__A          
2001fc00  xdc_runtime_SysMin_Module_State_0_outbuf__A                 
20020000  ti_sysbios_family_arm_m3_Hwi_dispatchTable                  
2002030c  __CIOBUF_                                                   
2002042c  irSignal                                                    
20020454  parmbuf                                                     
20020460  ti_sysbios_knl_Swi_Module_State_0_readyQ__A                 
200204e0  ti_sysbios_knl_Task_Module_State_0_readyQ__A                
20020560  ti_sysbios_knl_Task_Object__table__V                        
200205ac  ti_sysbios_knl_Task_Module__state__V                        
200205f0  ti_sysbios_gates_GateMutex_Object__table__V                 
20020628  ti_sysbios_family_arm_m3_Hwi_Module__state__V               
2002065c  ti_sysbios_family_arm_m3_Timer_Object__table__V             
2002068c  ti_sysbios_knl_Swi_Object__table__V                         
200206bc  ti_sysbios_knl_Clock_Module__state__V                       
200206e8  ti_sysbios_BIOS_Module__state__V                            
2002070c  xdc_runtime_LoggerBuf_Object__table__V                      
20020730  ti_sysbios_knl_Swi_Module__state__V                         
2002074c  ti_sysbios_family_arm_m3_Hwi_Object__table__V               
20020764  ti_sysbios_heaps_HeapMem_Object__table__V                   
2002077c  xdc_runtime_System_Module_State_0_atexitHandlers__A         
2002078c  ti_sysbios_family_arm_m3_Timer_Module__state__V             
20020798  xdc_runtime_SysMin_Module__state__V                         
200207a4  _lock                                                       
200207a8  _unlock                                                     
200207ac  ti_sysbios_gates_GateHwi_Module__root__V                    
200207b4  ti_sysbios_gates_GateMutex_Module__root__V                  
200207bc  ti_sysbios_heaps_HeapMem_Module__root__V                    
200207c4  ti_sysbios_knl_Queue_Module__root__V                        
200207cc  ti_sysbios_knl_Semaphore_Module__root__V                    
200207d4  xdc_runtime_LoggerBuf_Module__root__V                       
200207dc  xdc_runtime_Registry_Module__state__V                       
200207e4  xdc_runtime_Startup_Module__state__V                        
200207ec  xdc_runtime_System_Module__state__V                         
200207f4  xdc_runtime_LoggerBuf_Module__state__V                      
200207fa  ti_sysbios_family_arm_m3_Hwi_Module_State_0_excActive__A    
200207fc  signalIndex                                                 
20020800  signalCaptured                                              
20020802  xdc_runtime_Error_Module__state__V                          
20020804  errno                                                       
20020808  main_func_sp                                                
2002080c  ti_sysbios_family_arm_m3_Hwi_Module_State_0_excContext__A   
20020810  ti_sysbios_family_arm_m3_Hwi_Module_State_0_excStack__A     
20020814  ti_sysbios_family_arm_m3_TimestampProvider_Module__state__V 
20020818  ti_sysbios_gates_GateHwi_Object__table__V                   
2002081c  ti_sysbios_knl_Task_Module_State_0_idleTask__A              
20020820  xdc_runtime_Memory_Module__state__V                         
2002e000  __stack                                                     
20030000  __STACK_END                                                 
e000e000  ti_sysbios_family_arm_m3_Hwi_nvic                           
ffffffff  __TI_pprof_out_hndl                                         
ffffffff  __TI_prof_data_size                                         
ffffffff  __TI_prof_data_start                                        
ffffffff  __binit__                                                   
ffffffff  __c_args__                                                  
ffffffff  binit                                                       
UNDEFED   SHT$$INIT_ARRAY$$Base                                       
UNDEFED   SHT$$INIT_ARRAY$$Limit                                      

[649 symbols]
