******************************************************************************
                  TI ARM Linker PC v20.2.7                     
******************************************************************************
>> Linked Sun Apr 20 21:10:59 2025

OUTPUT FILE NAME:   <smart_ir_hub.out>
ENTRY POINT SYMBOL: "_c_int00"  address: 2000ba49


MEMORY CONFIGURATION

         name            origin    length      used     unused   attr    fill
----------------------  --------  ---------  --------  --------  ----  --------
  SRAM_CODE             20004000   00012fff  0000b769  00007896  RW X
  SRAM_DATA             20017000   00019000  0000b9c0  0000d640  RW X


SEGMENT ALLOCATION MAP

run origin  load origin   length   init length attrs members
----------  ----------- ---------- ----------- ----- -------
20004000    20004000    0000b770   0000b770    r-x
  20004000    20004000    0000030c   0000030c    r-- .resetVecs
  20004310    20004310    00008fba   00008fba    r-x .text
  2000d2cc    2000d2cc    000022cb   000022cb    r-- .const
  2000f598    2000f598    000001d8   000001d8    r-- .cinit
20017000    20017000    000099c0   00000000    rw-
  20017000    20017000    000095d0   00000000    rw- .bss
  200205d0    200205d0    000003f0   00000000    rw- .data
2002e000    2002e000    00002000   00000000    rw-
  2002e000    2002e000    00002000   00000000    rw- .stack


SECTION ALLOCATION MAP

 output                                  attributes/
section   page    origin      length       input sections
--------  ----  ----------  ----------   ----------------
.init_array 
*          0    20004000    00000000     UNINITIALIZED

.text      0    20004310    00008fba     
                  20004310    00000a4e     rtsv7M4_T_le_eabi.lib : _printfi.c.obj (.text:__TI_printfi)
                  20004d5e    00000002                           : _lock.c.obj (.text:_nop)
                  20004d60    000006f8     ir.obj (.text)
                  20005458    00000540     ti_rtos.a : osi_tirtos.obj (.text)
                  20005998    00000430     sysbios.aem4 : BIOS.obj (.text:ti_sysbios_family_arm_m3_Hwi_excDumpRegs__I)
                  20005dc8    0000034c     ti.targets.arm.rtsarm.aem4 : System.oem4 (.text:xdc_runtime_System_doPrint__I)
                  20006114    00000004     rtsv7M4_T_le_eabi.lib : exit.c.obj (.text:abort:abort)
                  20006118    0000031c     sysbios.aem4 : BIOS.obj (.text:ti_sysbios_knl_Semaphore_pend__E)
                  20006434    0000027c     ir_uart.obj (.text)
                  200066b0    0000026c     sysbios.aem4 : BIOS.obj (.text:ti_sysbios_heaps_HeapMem_free__E)
                  2000691c    00000268     rtsv7M4_T_le_eabi.lib : _printfi.c.obj (.text:_pconv_a)
                  20006b84    00000004     app_pem4.oem4 (.text:ti_sysbios_BIOS_RtsGateProxy_enter__E)
                  20006b88    00000250     sysbios.aem4 : BIOS.obj (.text:ti_sysbios_heaps_HeapMem_alloc__E)
                  20006dd8    00000234                  : BIOS.obj (.text:ti_sysbios_knl_Task_Instance_finalize__E)
                  2000700c    00000004     app_pem4.oem4 (.text:ti_sysbios_BIOS_RtsGateProxy_leave__E)
                  20007010    00000208     sysbios.aem4 : BIOS.obj (.text:ti_sysbios_knl_Task_sleep__E)
                  20007218    000001f4                  : BIOS.obj (.text:ti_sysbios_family_arm_m3_Hwi_excHandlerMax__I)
                  2000740c    000001cc     rtsv7M4_T_le_eabi.lib : _printfi.c.obj (.text:_pconv_g)
                  200075d8    000001c0     sysbios.aem4 : BIOS.obj (.text:ti_sysbios_knl_Task_Instance_init__E)
                  20007798    000001b6     rtsv7M4_T_le_eabi.lib : fd_add_t2.asm.obj (.text)
                  2000794e    00000002                           : div0.asm.obj (.text)
                  20007950    0000019c     sysbios.aem4 : BIOS.obj (.text:ti_sysbios_knl_Task_Module_startup__E)
                  20007aec    00000178     driverlib.a : prcm.obj (.text:PRCMCC3200MCUInit)
                  20007c64    00000004     app_pem4.oem4 (.text:ti_sysbios_family_arm_m3_Hwi_delete)
                  20007c68    00000174     sysbios.aem4 : BIOS.obj (.text:ti_sysbios_family_arm_m3_Hwi_excBusFault__I)
                  20007ddc    00000004     app_pem4.oem4 (.text:ti_sysbios_family_arm_m3_TaskSupport_Module__startupDone__S)
                  20007de0    00000164     sysbios.aem4 : BIOS.obj (.text:ti_sysbios_family_arm_m3_Hwi_excUsageFault__I)
                  20007f44    00000004     app_pem4.oem4 (.text:ti_sysbios_heaps_HeapMem_Module_GateProxy_enter__E)
                  20007f48    00000160     sysbios.aem4 : BIOS.obj (.text:ti_sysbios_knl_Mailbox_Instance_init__E)
                  200080a8    00000148                  : BIOS.obj (.text:ti_sysbios_family_arm_m3_Hwi_excMemFault__I)
                  200081f0    00000140                  : BIOS.obj (.text:ti_sysbios_knl_Semaphore_post__E)
                  20008330    0000013c     rtsv7M4_T_le_eabi.lib : _printfi.c.obj (.text:_pconv_e)
                  2000846c    00000004     app_pem4.oem4 (.text:ti_sysbios_heaps_HeapMem_Module_GateProxy_leave__E)
                  20008470    0000013c     sysbios.aem4 : BIOS.obj (.text:ti_sysbios_heaps_HeapMem_Instance_init__E)
                  200085ac    00000004     app_pem4.oem4 (.text:ti_sysbios_knl_Clock_TimerProxy_getMaxTicks__E)
                  200085b0    0000013c     sysbios.aem4 : BIOS.obj (.text:ti_sysbios_knl_Clock_workFunc__E)
                  200086ec    00000004     app_pem4.oem4 (.text:ti_sysbios_knl_Mailbox_delete)
                  200086f0    00000138     sysbios.aem4 : BIOS.obj (.text:ti_sysbios_family_arm_m3_Hwi_dispatchC__I)
                  20008828    00000138     ti.targets.arm.rtsarm.aem4 : LoggerBuf.oem4 (.text:xdc_runtime_LoggerBuf_write8__E)
                  20008960    00000136     rtsv7M4_T_le_eabi.lib : fd_div_t2.asm.obj (.text)
                  20008a96    00000002     app_pem4.oem4 (.text:ti_sysbios_BIOS_nullFunc__I)
                  20008a98    00000120     rtsv7M4_T_le_eabi.lib : _printfi.c.obj (.text:fcvt)
                  20008bb8    0000011c     sysbios.aem4 : BIOS.obj (.text:ti_sysbios_knl_Swi_run__I)
                  20008cd4    00000118     ti.targets.arm.rtsarm.aem4 : Error.oem4 (.text:xdc_runtime_Error_policyDefault__E)
                  20008dec    00000100                                : Core-mem.oem4 (.text:xdc_runtime_Core_createObject__I)
                  20008eec    000000fc     rtsv7M4_T_le_eabi.lib : fd_mul_t2.asm.obj (.text)
                  20008fe8    000000f8     ti.targets.arm.rtsarm.aem4 : Startup.oem4 (.text:xdc_runtime_Startup_startMods__I)
                  200090e0    000000f8     app_pem4.oem4 (.text:xdc_runtime_System_printfExtend__I)
                  200091d8    000000d4     ti.targets.arm.rtsarm.aem4 : LoggerBuf.oem4 (.text:xdc_runtime_LoggerBuf_write4__E)
                  200092ac    000000d0     rtsv7M4_T_le_eabi.lib : s_scalbn.c.obj (.text:scalbn)
                  2000937c    00000004     app_pem4.oem4 (.text:ti_sysbios_knl_Queue_destruct)
                  20009380    000000d0     sysbios.aem4 : BIOS.obj (.text:ti_sysbios_family_arm_m3_Hwi_Module_startup__E)
                  20009450    000000d0                  : m3_Hwi_asm.obj (.text:ti_sysbios_family_arm_m3_Hwi_dispatch__I)
                  20009520    000000cc                  : BIOS.obj (.text:ti_sysbios_knl_Task_schedule__I)
                  200095ec    000000cc     ti.targets.arm.rtsarm.aem4 : Core-smem.oem4 (.text:xdc_runtime_Core_constructObject__I)
                  200096b8    000000c0     sysbios.aem4 : BIOS.obj (.text:ti_sysbios_knl_Task_exit__E)
                  20009778    000000bc                  : BIOS.obj (.text:ti_sysbios_family_arm_m3_Hwi_excDebugMon__I)
                  20009834    00000004     app_pem4.oem4 (.text:ti_sysbios_knl_Semaphore_delete)
                  20009838    000000bc     sysbios.aem4 : BIOS.obj (.text:ti_sysbios_family_arm_m3_Hwi_excHardFault__I)
                  200098f4    00000004     app_pem4.oem4 (.text:ti_sysbios_knl_Semaphore_destruct)
                  200098f8    000000bc     sysbios.aem4 : BIOS.obj (.text:ti_sysbios_knl_Task_startCore__E)
                  200099b4    00000004     app_pem4.oem4 (.text:ti_sysbios_knl_Task_delete)
                  200099b8    000000b4     sysbios.aem4 : BIOS.obj (.text:ti_sysbios_gates_GateMutex_enter__E)
                  20009a6c    00000004     ti.targets.arm.rtsarm.aem4 : Error.oem4 (.text:xdc_runtime_Error_getSite__E)
                  20009a70    000000b4     sysbios.aem4 : BIOS.obj (.text:ti_sysbios_knl_Task_checkStacks__E)
                  20009b24    00000004     app_pem4.oem4 (.text:xdc_runtime_LoggerBuf_Module_GateProxy_enter__E)
                  20009b28    000000b4     sysbios.aem4 : BIOS.obj (.text:ti_sysbios_knl_Task_yield__E)
                  20009bdc    000000b1     rtsv7M4_T_le_eabi.lib : _printfi.c.obj (.text:_ltostr)
                  20009c8d    00000001     --HOLE-- [fill = 0]
                  20009c8e    00000002     app_pem4.oem4 (.text:xdc_runtime_Startup_reset__I)
                  20009c90    000000ac     sysbios.aem4 : BIOS.obj (.text:ti_sysbios_knl_Swi_post__E)
                  20009d3c    000000a8     driverlib.a : interrupt.obj (.text:IntEnable)
                  20009de4    00000004     app_pem4.oem4 (.text:xdc_runtime_LoggerBuf_Module_GateProxy_leave__E)
                  20009de8    000000a8     sysbios.aem4 : BIOS.obj (.text:ti_sysbios_knl_Task_blockI__E)
                  20009e90    000000a8                  : BIOS.obj (.text:ti_sysbios_knl_Task_postInit__I)
                  20009f38    000000a0     auto_init.aem4 : auto_init.oem4 (.text)
                  20009fd8    000000a0     ti.targets.arm.rtsarm.aem4 : Text.oem4 (.text:xdc_runtime_Text_putMod__E)
                  2000a078    0000009c     rtsv7M4_T_le_eabi.lib : memcpy_t2.asm.obj (.text)
                  2000a114    00000004     app_pem4.oem4 (.text:xdc_runtime_System_Module_GateProxy_enter__E)
                  2000a118    0000009c     sysbios.aem4 : BIOS.obj (.text:ti_sysbios_knl_Semaphore_Instance_init__E)
                  2000a1b4    0000009c     ti.targets.arm.rtsarm.aem4 : LoggerBuf.oem4 (.text:xdc_runtime_LoggerBuf_setFilterLevel__E)
                  2000a250    0000009a                                : Text.oem4 (.text:xdc_runtime_Text_putSite__E)
                  2000a2ea    00000006     driverlib.a : utils.obj (.text:UtilsDelay)
                  2000a2f0    00000098     sysbios.aem4 : BIOS.obj (.text:ti_sysbios_knl_Mailbox_post__E)
                  2000a388    00000096     rtsv7M4_T_le_eabi.lib : ull_div_t2.asm.obj (.text)
                  2000a41e    00000002     --HOLE-- [fill = 0]
                  2000a420    00000094     driverlib.a : prcm.obj (.text:PRCMPeripheralClockGet)
                  2000a4b4    00000004     app_pem4.oem4 (.text:xdc_runtime_System_Module_GateProxy_leave__E)
                  2000a4b8    00000094     sysbios.aem4 : BIOS.obj (.text:ti_sysbios_family_arm_m3_Hwi_Instance_init__E)
                  2000a54c    00000004     ti.targets.arm.rtsarm.aem4 : System.oem4 (.text:xdc_runtime_System_aprintf_va__F)
                  2000a550    00000090     sysbios.aem4 : BIOS.obj (.text:ti_sysbios_knl_Task_unblockI__E)
                  2000a5e0    0000008c     main.obj (.text)
                  2000a66c    00000088     driverlib.a : pin.obj (.text:PinConfigSet)
                  2000a6f4    00000004     ti.targets.arm.rtsarm.aem4 : System.oem4 (.text:xdc_runtime_System_printf_va__F)
                  2000a6f8    00000088     sysbios.aem4 : BIOS.obj (.text:ti_sysbios_family_arm_m3_Hwi_initNVIC__E)
                  2000a780    00000088                  : BIOS.obj (.text:ti_sysbios_knl_Mailbox_Module_startup__E)
                  2000a808    00000088                  : BIOS.obj (.text:ti_sysbios_knl_Mailbox_pend__E)
                  2000a890    00000086     rtsv7M4_T_le_eabi.lib : fd_cmp_t2.asm.obj (.text:__aeabi_cdcmple)
                  2000a916    00000086                           : fd_cmp_t2.asm.obj (.text:__aeabi_cdrcmple)
                  2000a99c    00000004     --HOLE-- [fill = 0]
                  2000a9a0    00000084     sysbios.aem4 : BIOS.obj (.text:ti_sysbios_family_arm_m3_Hwi_postInit__I)
                  2000aa24    00000082     driverlib.a : gpio.obj (.text:GPIOIntTypeSet)
                  2000aaa6    0000007a     rtsv7M4_T_le_eabi.lib : memset_t2.asm.obj (.text)
                  2000ab20    00000076     driverlib.a : uart.obj (.text:UARTConfigSetExpClk)
                  2000ab96    00000002     --HOLE-- [fill = 0]
                  2000ab98    00000074     ti.targets.arm.rtsarm.aem4 : LoggerBuf.oem4 (.text:xdc_runtime_LoggerBuf_getFilterLevel__E)
                  2000ac0c    00000004     --HOLE-- [fill = 0]
                  2000ac10    00000070     sysbios.aem4 : BIOS.obj (.text:ti_sysbios_family_arm_m3_TimestampProvider_get64__E)
                  2000ac80    00000070                  : BIOS.obj (.text:ti_sysbios_knl_Mailbox_Instance_finalize__E)
                  2000acf0    0000006e     rtsv7M4_T_le_eabi.lib : _printfi.c.obj (.text:_mcpy)
                  2000ad5e    00000002     --HOLE-- [fill = 0]
                  2000ad60    0000006d     ti.targets.arm.rtsarm.aem4 : System.oem4 (.text:xdc_runtime_System_formatNum__I)
                  2000adcd    00000003     --HOLE-- [fill = 0]
                  2000add0    0000006c     sysbios.aem4 : BIOS.obj (.text:ti_sysbios_knl_Swi_restoreHwi__E)
                  2000ae3c    0000006c     ti.targets.arm.rtsarm.aem4 : Error.oem4 (.text:xdc_runtime_Error_print__E)
                  2000aea8    0000006c                                : Memory.oem4 (.text:xdc_runtime_Memory_alloc__E)
                  2000af14    00000068     rtsv7M4_T_le_eabi.lib : copy_decompress_lzss.c.obj (.text:decompress:lzss:__TI_decompress_lzss)
                  2000af7c    00000066     ti.targets.arm.rtsarm.aem4 : Core-mem.oem4 (.text:xdc_runtime_Core_deleteObject__I)
                  2000afe2    00000002     --HOLE-- [fill = 0]
                  2000afe4    00000064     app_pem4.oem4 (.text:ti_sysbios_family_arm_m3_Hwi_create)
                  2000b048    00000064     app_pem4.oem4 (.text:ti_sysbios_knl_Mailbox_create)
                  2000b0ac    00000004     --HOLE-- [fill = 0]
                  2000b0b0    00000060     sysbios.aem4 : BIOS.obj (.text:ti_sysbios_knl_Clock_logTick__E)
                  2000b110    0000005c     rtsv7M4_T_le_eabi.lib : s_frexp.c.obj (.text:frexp)
                  2000b16c    00000004     --HOLE-- [fill = 0]
                  2000b170    0000005c     sysbios.aem4 : BIOS.obj (.text:ti_sysbios_knl_Swi_schedule__I)
                  2000b1cc    0000005c     app_pem4.oem4 (.text:ti_sysbios_knl_Task_create)
                  2000b228    0000005c     app_pem4.oem4 (.text:xdc_runtime_LoggerBuf_Object__create__S)
                  2000b284    0000005b     ti.targets.arm.rtsarm.aem4 : Text.oem4 (.text:xdc_runtime_Text_putLab__E)
                  2000b2df    00000001     --HOLE-- [fill = 0]
                  2000b2e0    00000058     rtsv7M4_T_le_eabi.lib : hostwrite.c.obj (.text:HOSTwrite)
                  2000b338    00000058     driverlib.a : prcm.obj (.text:PRCMPeripheralReset)
                  2000b390    00000058     sysbios.aem4 : BIOS.obj (.text:ti_sysbios_family_arm_m3_Timer_setPeriod__E)
                  2000b3e8    00000056     rtsv7M4_T_le_eabi.lib : _printfi.c.obj (.text:_pconv_f)
                  2000b43e    00000054                           : _ltoa.c.obj (.text:__TI_ltoa)
                  2000b492    00000006     ti.targets.arm.rtsarm.aem4 : System.oem4 (.text:xdc_runtime_System_Module_startup__E)
                  2000b498    00000054     sysbios.aem4 : BIOS.obj (.text:ti_sysbios_family_arm_m3_Timer_start__E)
                  2000b4ec    00000054     ti.targets.arm.rtsarm.aem4 : Assert.oem4 (.text:xdc_runtime_Assert_raise__I)
                  2000b540    00000052     rtsv7M4_T_le_eabi.lib : _printfi.c.obj (.text:_ecpy)
                  2000b592    00000002     --HOLE-- [fill = 0]
                  2000b594    00000050     ti.targets.arm.rtsarm.aem4 : Startup.oem4 (.text:xdc_runtime_Startup_exec__E)
                  2000b5e4    00000050                                : Text.oem4 (.text:xdc_runtime_Text_visitRope2__I)
                  2000b634    0000004c     rtsv7M4_T_le_eabi.lib : atoi.c.obj (.text:atoi)
                  2000b680    0000004c                           : cpy_tbl.c.obj (.text:copy_in)
                  2000b6cc    0000004c     sysbios.aem4 : m3_TaskSupport_asm.obj (.text:ti_sysbios_family_arm_m3_TaskSupport_buildTaskStack)
                  2000b718    0000004c                  : BIOS.obj (.text:ti_sysbios_heaps_HeapMem_getStats__E)
                  2000b764    00000004     --HOLE-- [fill = 0]
                  2000b768    0000004c                  : BIOS.obj (.text:ti_sysbios_knl_Swi_runLoop__I)
                  2000b7b4    00000004     --HOLE-- [fill = 0]
                  2000b7b8    0000004c                  : BIOS.obj (.text:ti_sysbios_knl_Task_allBlockedFunction__I)
                  2000b804    00000048     driverlib.a : gpio.obj (.text:GPIOGetIntNumber)
                  2000b84c    00000048     rtsv7M4_T_le_eabi.lib : fd_toi_t2.asm.obj (.text)
                  2000b894    00000004     --HOLE-- [fill = 0]
                  2000b898    00000048     sysbios.aem4 : BIOS.obj (.text:ti_sysbios_family_arm_m3_Hwi_disableInterrupt__E)
                  2000b8e0    00000048                  : BIOS.obj (.text:ti_sysbios_family_arm_m3_Hwi_enableInterrupt__E)
                  2000b928    00000048                  : BIOS.obj (.text:ti_sysbios_family_arm_m3_Hwi_excReserved__I)
                  2000b970    00000048                  : m3_Hwi_asm_switch.obj (.text:ti_sysbios_family_arm_m3_Hwi_initStacks__E)
                  2000b9b8    00000048                  : BIOS.obj (.text:ti_sysbios_family_arm_m3_Timer_initDevice__I)
                  2000ba00    00000046     ti.targets.arm.rtsarm.aem4 : Core-params.oem4 (.text:xdc_runtime_Core_assignParams__I)
                  2000ba46    00000002     --HOLE-- [fill = 0]
                  2000ba48    00000044     boot.aem4 : boot.oem4 (.text)
                  2000ba8c    00000004     --HOLE-- [fill = 0]
                  2000ba90    00000044     sysbios.aem4 : BIOS.obj (.text:ti_sysbios_family_arm_m3_Hwi_getStackInfo__E)
                  2000bad4    00000004     --HOLE-- [fill = 0]
                  2000bad8    00000044                  : BIOS.obj (.text:ti_sysbios_knl_Mailbox_postInit__I)
                  2000bb1c    00000044     ti.targets.arm.rtsarm.aem4 : Error.oem4 (.text:xdc_runtime_Error_setX__E)
                  2000bb60    00000044                                : LoggerBuf.oem4 (.text:xdc_runtime_LoggerBuf_filterOutEvent__I)
                  2000bba4    00000044                                : SysMin.oem4 (.text:xdc_runtime_SysMin_flush__E)
                  2000bbe8    00000044                                : Text.oem4 (.text:xdc_runtime_Text_xprintf__I)
                  2000bc2c    00000040     driverlib.a : pin.obj (.text:PinModeSet)
                  2000bc6c    00000040     rtsv7M4_T_le_eabi.lib : u_divt2.asm.obj (.text)
                  2000bcac    00000004     --HOLE-- [fill = 0]
                  2000bcb0    00000040     sysbios.aem4 : BIOS.obj (.text:ti_sysbios_family_arm_m3_Timer_Module_startup__E)
                  2000bcf0    00000040     rtsv7M4_T_le_eabi.lib : vsnprintf.c.obj (.text:vsnprintf)
                  2000bd30    0000003e                           : _printfi.c.obj (.text:_fcpy)
                  2000bd6e    0000003e     app_pem4.oem4 (.text:realloc)
                  2000bdac    0000003c     driverlib.a : prcm.obj (.text:PRCMPeripheralClkEnable)
                  2000bde8    0000003c     sysbios.aem4 : BIOS.obj (.text:ti_sysbios_family_arm_m3_Hwi_excSvCall__I)
                  2000be24    00000004     --HOLE-- [fill = 0]
                  2000be28    0000003c                  : BIOS.obj (.text:ti_sysbios_heaps_HeapMem_init__I)
                  2000be64    00000004     --HOLE-- [fill = 0]
                  2000be68    0000003c                  : BIOS.obj (.text:ti_sysbios_knl_Swi_startup__E)
                  2000bea4    0000003a     ti.targets.arm.rtsarm.aem4 : LoggerBuf.oem4 (.text:xdc_runtime_LoggerBuf_Instance_init__E)
                  2000bede    00000002     --HOLE-- [fill = 0]
                  2000bee0    00000038     rtsv7M4_T_le_eabi.lib : trgmsg.c.obj (.text:__TI_writemsg)
                  2000bf18    00000038     sysbios.aem4 : BIOS.obj (.text:ti_sysbios_family_arm_m3_Hwi_excNoIsr__I)
                  2000bf50    00000038                  : BIOS.obj (.text:ti_sysbios_knl_Task_processVitalTaskFlag__I)
                  2000bf88    00000038     ti.targets.arm.rtsarm.aem4 : SysMin.oem4 (.text:xdc_runtime_SysMin_putch__E)
                  2000bfc0    00000038                                : System.oem4 (.text:xdc_runtime_System_atexit__E)
                  2000bff8    00000036     driverlib.a : gpio.obj (.text:GPIODirModeSet)
                  2000c02e    00000002     --HOLE-- [fill = 0]
                  2000c030    00000034     rtsv7M4_T_le_eabi.lib : trgmsg.c.obj (.text:__TI_readmsg)
                  2000c064    00000004     --HOLE-- [fill = 0]
                  2000c068    00000034     sysbios.aem4 : BIOS.obj (.text:ti_sysbios_family_arm_m3_Hwi_Instance_finalize__E)
                  2000c09c    00000004     --HOLE-- [fill = 0]
                  2000c0a0    00000034                  : BIOS.obj (.text:ti_sysbios_family_arm_m3_Hwi_excNmi__I)
                  2000c0d4    00000004     --HOLE-- [fill = 0]
                  2000c0d8    00000034                  : BIOS.obj (.text:ti_sysbios_family_arm_m3_Timer_periodicStub__I)
                  2000c10c    00000004     --HOLE-- [fill = 0]
                  2000c110    00000034                  : BIOS.obj (.text:ti_sysbios_hal_Hwi_checkStack)
                  2000c144    00000034     app_pem4.oem4 (.text:ti_sysbios_knl_Semaphore_create)
                  2000c178    00000034     ti.targets.arm.rtsarm.aem4 : Core-label.oem4 (.text:xdc_runtime_Core_assignLabel__I)
                  2000c1ac    00000033                                : Text.oem4 (.text:xdc_runtime_Text_printVisFxn__I)
                  2000c1df    00000001     --HOLE-- [fill = 0]
                  2000c1e0    00000032     sysbios.aem4 : BIOS.obj (.text:ti_sysbios_hal_Hwi_initStack)
                  2000c212    00000006     --HOLE-- [fill = 0]
                  2000c218    00000032                  : BIOS.obj (.text:ti_sysbios_knl_Semaphore_pendTimeout__I)
                  2000c24a    00000030     driverlib.a : pin.obj (.text:PinTypeGPIO)
                  2000c27a    00000002     --HOLE-- [fill = 0]
                  2000c27c    00000030                 : uart.obj (.text:UARTDisable)
                  2000c2ac    00000030     rtsv7M4_T_le_eabi.lib : vsnprintf.c.obj (.text:_outs)
                  2000c2dc    00000030     app_pem4.oem4 (.text:ti_sysbios_BIOS_atExitFunc__I)
                  2000c30c    00000004     --HOLE-- [fill = 0]
                  2000c310    00000030     sysbios.aem4 : BIOS.obj (.text:ti_sysbios_family_arm_m3_TaskSupport_start__E)
                  2000c340    00000030     app_pem4.oem4 (.text:ti_sysbios_gates_GateHwi_Object__create__S)
                  2000c370    00000030     app_pem4.oem4 (.text:ti_sysbios_gates_GateMutex_Object__create__S)
                  2000c3a0    00000030     app_pem4.oem4 (.text:ti_sysbios_heaps_HeapMem_Object__create__S)
                  2000c3d0    00000030     app_pem4.oem4 (.text:ti_sysbios_knl_Semaphore_construct)
                  2000c400    00000030     ti.targets.arm.rtsarm.aem4 : SysMin.oem4 (.text:xdc_runtime_SysMin_abort__E)
                  2000c430    00000030                                : System.oem4 (.text:xdc_runtime_System_processAtExit__E)
                  2000c460    0000002e     app_pem4.oem4 (.text:malloc)
                  2000c48e    0000002e     rtsv7M4_T_le_eabi.lib : i_tofd_t2.asm.obj (.text)
                  2000c4bc    0000002c     driverlib.a : prcm.obj (.text:PRCMSysResetCauseGet)
                  2000c4e8    0000002c     app_pem4.oem4 (.text:ti_sysbios_knl_Clock_doTick__I)
                  2000c514    0000002c     app_pem4.oem4 (.text:ti_sysbios_knl_Queue_construct)
                  2000c540    0000002c     sysbios.aem4 : BIOS.obj (.text:ti_sysbios_knl_Task_restore__E)
                  2000c56c    0000002c     ti.targets.arm.rtsarm.aem4 : Text.oem4 (.text:xdc_runtime_Text_cordText__E)
                  2000c598    0000002a                                : System.oem4 (.text:xdc_runtime_System_putchar__I)
                  2000c5c2    00000002     --HOLE-- [fill = 0]
                  2000c5c4    00000028     driverlib.a : prcm.obj (.text:PRCMPeripheralClkDisable)
                  2000c5ec    00000028     rtsv7M4_T_le_eabi.lib : memmov.c.obj (.text:memmove)
                  2000c614    00000004     --HOLE-- [fill = 0]
                  2000c618    00000028     sysbios.aem4 : BIOS.obj (.text:ti_sysbios_knl_Swi_Module_startup__E)
                  2000c640    00000028     ti.targets.arm.rtsarm.aem4 : LoggerBuf.oem4 (.text:xdc_runtime_LoggerBuf_Module_startup__E)
                  2000c668    00000026                                : System.oem4 (.text:xdc_runtime_System_avprintf__E)
                  2000c68e    00000024     driverlib.a : uart.obj (.text:UARTEnable)
                  2000c6b2    00000002     --HOLE-- [fill = 0]
                  2000c6b4    00000024     app_pem4.oem4 (.text:ti_sysbios_BIOS_errorRaiseHook__I)
                  2000c6d8    00000024     app_pem4.oem4 (.text:ti_sysbios_BIOS_registerRTSLock__I)
                  2000c6fc    00000024     app_pem4.oem4 (.text:ti_sysbios_BIOS_removeRTSLock__I)
                  2000c720    00000024     app_pem4.oem4 (.text:ti_sysbios_BIOS_startFunc__I)
                  2000c744    00000004     --HOLE-- [fill = 0]
                  2000c748    00000024     sysbios.aem4 : BIOS.obj (.text:ti_sysbios_family_arm_m3_Hwi_doTaskRestore__I)
                  2000c76c    00000004     --HOLE-- [fill = 0]
                  2000c770    00000024                  : BIOS.obj (.text:ti_sysbios_family_arm_m3_Timer_startup__E)
                  2000c794    00000024     app_pem4.oem4 (.text:ti_sysbios_gates_GateMutex_Object__delete__S)
                  2000c7b8    00000024     sysbios.aem4 : BIOS.obj (.text:ti_sysbios_knl_Clock_Module_startup__E)
                  2000c7dc    00000024     app_pem4.oem4 (.text:ti_sysbios_knl_Semaphore_Object__delete__S)
                  2000c800    00000024     ti.targets.arm.rtsarm.aem4 : System.oem4 (.text:xdc_runtime_System_vprintf__E)
                  2000c824    00000022     app_pem4.oem4 (.text:xdc_runtime_SysMin_output__I)
                  2000c846    00000020     driverlib.a : gpio.obj (.text:GPIOPinWrite)
                  2000c866    00000002     --HOLE-- [fill = 0]
                  2000c868    00000020                 : interrupt.obj (.text:IntRegister)
                  2000c888    00000020     app_pem4.oem4 (.text:ti_sysbios_BIOS_rtsLock__I)
                  2000c8a8    00000020     app_pem4.oem4 (.text:ti_sysbios_family_arm_m3_Hwi_Object__delete__S)
                  2000c8c8    00000020     sysbios.aem4 : m3_Hwi_asm.obj (.text:ti_sysbios_family_arm_m3_Hwi_excHandlerAsm__I)
                  2000c8e8    00000020                  : BIOS.obj (.text:ti_sysbios_family_arm_m3_Hwi_excHandler__I)
                  2000c908    00000020                  : BIOS.obj (.text:ti_sysbios_family_arm_m3_TimestampProvider_Module_startup__E)
                  2000c928    00000020     app_pem4.oem4 (.text:ti_sysbios_gates_GateHwi_Object__delete__S)
                  2000c948    00000020     app_pem4.oem4 (.text:ti_sysbios_heaps_HeapMem_Object__delete__S)
                  2000c968    00000020     sysbios.aem4 : BIOS.obj (.text:ti_sysbios_knl_Idle_run__E)
                  2000c988    00000020     app_pem4.oem4 (.text:ti_sysbios_knl_Mailbox_Object__delete__S)
                  2000c9a8    00000020     app_pem4.oem4 (.text:ti_sysbios_knl_Semaphore_Object__destruct__S)
                  2000c9c8    00000020     app_pem4.oem4 (.text:ti_sysbios_knl_Task_Object__delete__S)
                  2000c9e8    00000020     app_pem4.oem4 (.text:xdc_runtime_LoggerBuf_Object__delete__S)
                  2000ca08    00000020     ti.targets.arm.rtsarm.aem4 : LoggerBuf.oem4 (.text:xdc_runtime_LoggerBuf_reset__E)
                  2000ca28    00000020                                : Registry.oem4 (.text:xdc_runtime_Registry_findById__E)
                  2000ca48    00000020                                : SysMin.oem4 (.text:xdc_runtime_SysMin_Module_startup__E)
                  2000ca68    0000001e     driverlib.a : gpio.obj (.text:GPIOIntRegister)
                  2000ca86    0000001e                 : uart.obj (.text:UARTCharPut)
                  2000caa4    0000001e     sysbios.aem4 : m3_Hwi_asm_switch.obj (.text:ti_sysbios_family_xxx_Hwi_switchAndRunFunc)
                  2000cac2    0000001c     driverlib.a : timer.obj (.text:TimerValueGet)
                  2000cade    0000001c                 : uart.obj (.text:UARTCharGetNonBlocking)
                  2000cafa    0000001c     rtsv7M4_T_le_eabi.lib : memccpy.c.obj (.text:memccpy)
                  2000cb16    00000002     --HOLE-- [fill = 0]
                  2000cb18    0000001c     sysbios.aem4 : BIOS.obj (.text:ti_sysbios_family_arm_m3_Hwi_setPriority__E)
                  2000cb34    00000004     --HOLE-- [fill = 0]
                  2000cb38    0000001c                  : BIOS.obj (.text:ti_sysbios_gates_GateMutex_Instance_init__E)
                  2000cb54    0000001c     app_pem4.oem4 (.text:ti_sysbios_knl_Queue_Object__destruct__S)
                  2000cb70    0000001c     sysbios.aem4 : BIOS.obj (.text:ti_sysbios_knl_Task_enter__I)
                  2000cb8c    0000001c     ti.targets.arm.rtsarm.aem4 : Error.oem4 (.text:xdc_runtime_Error_raiseX__E)
                  2000cba8    0000001c                                : Memory.oem4 (.text:xdc_runtime_Memory_valloc__E)
                  2000cbc4    0000001c                                : SysMin.oem4 (.text:xdc_runtime_SysMin_exit__E)
                  2000cbe0    0000001c                                : System.oem4 (.text:xdc_runtime_System_abort__E)
                  2000cbfc    0000001a     driverlib.a : gpio.obj (.text:GPIOIntDisable)
                  2000cc16    0000001a                 : gpio.obj (.text:GPIOIntEnable)
                  2000cc30    0000001a                 : pin.obj (.text:PinTypeUART)
                  2000cc4a    0000001a     app_pem4.oem4 (.text:free)
                  2000cc64    0000001a     app_pem4.oem4 (.text:ti_sysbios_family_arm_m3_Hwi_Handle__label__S)
                  2000cc7e    0000001a     sysbios.aem4 : m3_Hwi_asm.obj (.text:ti_sysbios_family_arm_m3_Hwi_pendSV__I)
                  2000cc98    0000001a     app_pem4.oem4 (.text:ti_sysbios_gates_GateHwi_Handle__label__S)
                  2000ccb2    0000001a     app_pem4.oem4 (.text:ti_sysbios_gates_GateMutex_Handle__label__S)
                  2000cccc    0000001a     app_pem4.oem4 (.text:ti_sysbios_heaps_HeapMem_Handle__label__S)
                  2000cce6    0000001a     app_pem4.oem4 (.text:ti_sysbios_knl_Swi_Handle__label__S)
                  2000cd00    0000001a     app_pem4.oem4 (.text:ti_sysbios_knl_Task_Handle__label__S)
                  2000cd1a    00000006     --HOLE-- [fill = 0]
                  2000cd20    0000001a     sysbios.aem4 : BIOS.obj (.text:ti_sysbios_knl_Task_sleepTimeout__I)
                  2000cd3a    0000001a     app_pem4.oem4 (.text:xdc_runtime_LoggerBuf_Handle__label__S)
                  2000cd54    0000001a     app_pem4.oem4 (.text:xdc_runtime_System_aprintf__E)
                  2000cd6e    0000001a     app_pem4.oem4 (.text:xdc_runtime_System_printf__E)
                  2000cd88    00000018     driverlib.a : uart.obj (.text:UARTCharsAvail)
                  2000cda0    00000018     rtsv7M4_T_le_eabi.lib : args_main.c.obj (.text:_args_main)
                  2000cdb8    00000018                           : vsnprintf.c.obj (.text:_outc)
                  2000cdd0    00000018                           : strcmp.c.obj (.text:strcmp)
                  2000cde8    00000018     app_pem4.oem4 (.text:ti_sysbios_BIOS_rtsUnlock__I)
                  2000ce00    00000018     app_pem4.oem4 (.text:ti_sysbios_family_arm_m3_Hwi_Module__startupDone__F)
                  2000ce18    00000018     app_pem4.oem4 (.text:ti_sysbios_family_arm_m3_Timer_Module__startupDone__F)
                  2000ce30    00000018     sysbios.aem4 : BIOS.obj (.text:ti_sysbios_gates_GateMutex_leave__E)
                  2000ce48    00000018     ti.targets.arm.rtsarm.aem4 : Error.oem4 (.text:xdc_runtime_Error_check__E)
                  2000ce60    00000018                                : System.oem4 (.text:xdc_runtime_System_exit__E)
                  2000ce78    00000018                                : Text.oem4 (.text:xdc_runtime_Text_ropeText__E)
                  2000ce90    00000016     driverlib.a : prcm.obj (.text:PRCMHIBRegRead)
                  2000cea6    00000016                 : prcm.obj (.text:PRCMHIBRegWrite)
                  2000cebc    00000016     rtsv7M4_T_le_eabi.lib : strchr.c.obj (.text:strchr)
                  2000ced2    00000016     app_pem4.oem4 (.text:ti_sysbios_BIOS_exitFunc__I)
                  2000cee8    00000014     driverlib.a : cpu.obj (.text:CPUcpsie)
                  2000cefc    00000014                 : gpio.obj (.text:GPIOIntClear)
                  2000cf10    00000014     rtsv7M4_T_le_eabi.lib : strcpy.c.obj (.text:strcpy)
                  2000cf24    00000014                           : strlen.c.obj (.text:strlen)
                  2000cf38    00000014     app_pem4.oem4 (.text:ti_sysbios_family_arm_m3_Hwi_Object__get__S)
                  2000cf4c    00000004     --HOLE-- [fill = 0]
                  2000cf50    00000014     sysbios.aem4 : BIOS.obj (.text:ti_sysbios_family_arm_m3_Hwi_switchFromBootStack__E)
                  2000cf64    00000014     app_pem4.oem4 (.text:ti_sysbios_heaps_HeapMem_Object__get__S)
                  2000cf78    00000014     app_pem4.oem4 (.text:ti_sysbios_knl_Swi_Object__get__S)
                  2000cf8c    00000014     app_pem4.oem4 (.text:xdc_runtime_LoggerBuf_Object__get__S)
                  2000cfa0    00000012     sysbios.aem4 : BIOS.obj (.text:ti_sysbios_hal_Hwi_Module_startup__E)
                  2000cfb2    00000006     --HOLE-- [fill = 0]
                  2000cfb8    00000012                  : BIOS.obj (.text:ti_sysbios_hal_Timer_Module_startup__E)
                  2000cfca    00000012     rtsv7M4_T_le_eabi.lib : wcslen.c.obj (.text:wcslen)
                  2000cfdc    00000012     ti.targets.arm.rtsarm.aem4 : LoggerBuf.oem4 (.text:xdc_runtime_LoggerBuf_Instance_finalize__E)
                  2000cfee    00000012                                : LoggerBuf.oem4 (.text:xdc_runtime_LoggerBuf_write1__E)
                  2000d000    00000012                                : LoggerBuf.oem4 (.text:xdc_runtime_LoggerBuf_write2__E)
                  2000d012    00000012     app_pem4.oem4 (.text:xdc_runtime_Startup_exec__I)
                  2000d024    00000004     --HOLE-- [fill = 0]
                  2000d028    00000010     sysbios.aem4 : BIOS.obj (.text:ti_sysbios_BIOS_setThreadType__E)
                  2000d038    00000010                  : BIOS.obj (.text:ti_sysbios_BIOS_start__E)
                  2000d048    00000010                  : BIOS.obj (.text:ti_sysbios_family_arm_m3_Hwi_getHandle__E)
                  2000d058    00000010                  : m3_TaskSupport_asm.obj (.text:ti_sysbios_family_arm_m3_TaskSupport_glue)
                  2000d068    00000010                  : m3_TaskSupport_asm.obj (.text:ti_sysbios_family_arm_m3_TaskSupport_swap__E)
                  2000d078    00000010                  : BIOS.obj (.text:ti_sysbios_gates_GateMutex_Instance_finalize__E)
                  2000d088    00000010     app_pem4.oem4 (.text:ti_sysbios_knl_Mailbox_Object__get__S)
                  2000d098    00000010     sysbios.aem4 : BIOS.obj (.text:ti_sysbios_knl_Semaphore_Instance_finalize__E)
                  2000d0a8    00000010                  : BIOS.obj (.text:ti_sysbios_knl_Swi_disable__E)
                  2000d0b8    00000010     app_pem4.oem4 (.text:ti_sysbios_knl_Task_Object__get__S)
                  2000d0c8    00000010     sysbios.aem4 : BIOS.obj (.text:ti_sysbios_knl_Task_disable__E)
                  2000d0d8    00000010     ti.targets.arm.rtsarm.aem4 : Gate.oem4 (.text:xdc_runtime_Gate_leaveSystem__E)
                  2000d0e8    00000010                                : LoggerBuf.oem4 (.text:xdc_runtime_LoggerBuf_write0__E)
                  2000d0f8    00000010                                : Memory.oem4 (.text:xdc_runtime_Memory_free__E)
                  2000d108    00000010                                : SysMin.oem4 (.text:xdc_runtime_SysMin_ready__E)
                  2000d118    00000010                                : System.oem4 (.text:xdc_runtime_System_vsnprintf__E)
                  2000d128    00000010     app_pem4.oem4 (.text:xdc_runtime_Text_visitRope__I)
                  2000d138    0000000e     rtsv7M4_T_le_eabi.lib : copy_decompress_none.c.obj (.text:decompress:none:__TI_decompress_none)
                  2000d146    00000002     --HOLE-- [fill = 0]
                  2000d148    0000000e     sysbios.aem4 : BIOS.obj (.text:ti_sysbios_knl_Idle_loop__E)
                  2000d156    00000002     --HOLE-- [fill = 0]
                  2000d158    0000000e                  : BIOS.obj (.text:ti_sysbios_knl_Queue_empty__E)
                  2000d166    00000002     --HOLE-- [fill = 0]
                  2000d168    0000000c     rtsv7M4_T_le_eabi.lib : _lock.c.obj (.text:_register_lock)
                  2000d174    0000000c                           : _lock.c.obj (.text:_register_unlock)
                  2000d180    0000000c                           : s_copysign.c.obj (.text:copysign)
                  2000d18c    0000000c                           : copy_zero_init.c.obj (.text:decompress:ZI:__TI_zero_init)
                  2000d198    0000000c     app_pem4.oem4 (.text:ti_sysbios_family_arm_m3_Hwi_Params__init__S)
                  2000d1a4    00000004     --HOLE-- [fill = 0]
                  2000d1a8    0000000c     sysbios.aem4 : BIOS.obj (.text:ti_sysbios_family_arm_m3_Hwi_disableFxn__E)
                  2000d1b4    00000004     --HOLE-- [fill = 0]
                  2000d1b8    0000000c                  : BIOS.obj (.text:ti_sysbios_family_arm_m3_TaskSupport_checkStack__E)
                  2000d1c4    00000004     --HOLE-- [fill = 0]
                  2000d1c8    0000000c                  : BIOS.obj (.text:ti_sysbios_family_arm_m3_TaskSupport_getStackAlignment__E)
                  2000d1d4    00000004     --HOLE-- [fill = 0]
                  2000d1d8    0000000c                  : BIOS.obj (.text:ti_sysbios_gates_GateHwi_enter__E)
                  2000d1e4    0000000c     app_pem4.oem4 (.text:ti_sysbios_knl_Queue_Object__get__S)
                  2000d1f0    0000000c     app_pem4.oem4 (.text:ti_sysbios_knl_Semaphore_Params__init__S)
                  2000d1fc    0000000c     app_pem4.oem4 (.text:ti_sysbios_knl_Task_Params__init__S)
                  2000d208    0000000c     ti.targets.arm.rtsarm.aem4 : Error.oem4 (.text:xdc_runtime_Error_init__E)
                  2000d214    0000000c                                : Gate.oem4 (.text:xdc_runtime_Gate_enterSystem__E)
                  2000d220    0000000c                                : Memory.oem4 (.text:xdc_runtime_Memory_calloc__E)
                  2000d22c    0000000c                                : Memory.oem4 (.text:xdc_runtime_Memory_getMaxDefaultTypeAlign__E)
                  2000d238    0000000a     driverlib.a : interrupt.obj (.text:IntMasterEnable)
                  2000d242    0000000a     app_pem4.oem4 (.text:xdc_runtime_IHeap_alloc)
                  2000d24c    0000000a     app_pem4.oem4 (.text:xdc_runtime_IHeap_free)
                  2000d256    0000000a     ti.targets.arm.rtsarm.aem4 : LoggerBuf.oem4 (.text:xdc_runtime_LoggerBuf_disable__E)
                  2000d260    0000000a                                : LoggerBuf.oem4 (.text:xdc_runtime_LoggerBuf_enable__E)
                  2000d26a    00000002     --HOLE-- [fill = 0]
                  2000d26c    00000008     rtsv7M4_T_le_eabi.lib : errno.c.obj (.text:__aeabi_errno_addr)
                  2000d274    00000004     --HOLE-- [fill = 0]
                  2000d278    00000008     sysbios.aem4 : BIOS.obj (.text:ti_sysbios_family_arm_m3_Hwi_doSwiRestore__I)
                  2000d280    00000008                  : BIOS.obj (.text:ti_sysbios_family_arm_m3_Hwi_startup__E)
                  2000d288    00000006                  : BIOS.obj (.text:ti_sysbios_family_arm_m3_Hwi_restoreFxn__E)
                  2000d28e    00000002     --HOLE-- [fill = 0]
                  2000d290    00000006                  : BIOS.obj (.text:ti_sysbios_gates_GateHwi_leave__E)
                  2000d296    00000002     --HOLE-- [fill = 0]
                  2000d298    00000006                  : BIOS.obj (.text:ti_sysbios_heaps_HeapMem_isBlocking__E)
                  2000d29e    00000002     --HOLE-- [fill = 0]
                  2000d2a0    00000006                  : BIOS.obj (.text:ti_sysbios_knl_Queue_Instance_init__E)
                  2000d2a6    00000002     --HOLE-- [fill = 0]
                  2000d2a8    00000004                  : BIOS.obj (.text:ti_sysbios_family_arm_m3_Timer_getMaxTicks__E)
                  2000d2ac    00000004     --HOLE-- [fill = 0]
                  2000d2b0    00000004                  : BIOS.obj (.text:ti_sysbios_gates_GateHwi_query__E)
                  2000d2b4    00000004     --HOLE-- [fill = 0]
                  2000d2b8    00000004                  : BIOS.obj (.text:ti_sysbios_gates_GateMutex_query__E)
                  2000d2bc    00000004     --HOLE-- [fill = 0]
                  2000d2c0    00000004                  : BIOS.obj (.text:ti_sysbios_knl_Task_startup__E)
                  2000d2c4    00000004     --HOLE-- [fill = 0]
                  2000d2c8    00000002                  : BIOS.obj (.text:ti_sysbios_gates_GateHwi_Instance_init__E)

.const     0    2000d2cc    000022cb     
                  2000d2cc    000018cb     app_pem4.oem4 (.const:xdc_runtime_Text_charTab__A)
                  2000eb97    00000101     rtsv7M4_T_le_eabi.lib : ctype.c.obj (.const:.string:_ctypes_)
                  2000ec98    00000100     driverlib.a : pin.obj (.const:g_ulPinToPadMap)
                  2000ed98    000000b8     app_pem4.oem4 (.const:xdc_runtime_Text_nodeTab__A)
                  2000ee50    000000a8     driverlib.a : prcm.obj (.const:PRCM_PeriphRegsList)
                  2000eef8    00000048     app_pem4.oem4 (.const:.string)
                  2000ef40    0000003c     app_pem4.oem4 (.const:ti_sysbios_knl_Task_Object__PARAMS__C)
                  2000ef7c    0000003c     app_pem4.oem4 (.const:xdc_runtime_LoggerBuf_Module__FXNS__C)
                  2000efb8    00000034     app_pem4.oem4 (.const:ti_sysbios_knl_Mailbox_Object__PARAMS__C)
                  2000efec    00000030     app_pem4.oem4 (.const:ti_sysbios_family_arm_m3_Hwi_Object__PARAMS__C)
                  2000f01c    00000030     app_pem4.oem4 (.const:xdc_runtime_Startup_sfxnTab__A)
                  2000f04c    00000028     app_pem4.oem4 (.const:ti_sysbios_heaps_HeapMem_Module__FXNS__C)
                  2000f074    00000024     app_pem4.oem4 (.const:ti_sysbios_gates_GateHwi_Module__FXNS__C)
                  2000f098    00000024     app_pem4.oem4 (.const:ti_sysbios_gates_GateMutex_Module__FXNS__C)
                  2000f0bc    00000024     app_pem4.oem4 (.const:ti_sysbios_heaps_HeapMem_Object__PARAMS__C)
                  2000f0e0    00000024     app_pem4.oem4 (.const:ti_sysbios_knl_Semaphore_Object__PARAMS__C)
                  2000f104    00000024     app_pem4.oem4 (.const:xdc_runtime_LoggerBuf_Object__PARAMS__C)
                  2000f128    00000020     app_pem4.oem4 (.const:ti_sysbios_family_arm_m3_Hwi_Object__DESC__C)
                  2000f148    00000020     app_pem4.oem4 (.const:ti_sysbios_gates_GateHwi_Object__DESC__C)
                  2000f168    00000020     app_pem4.oem4 (.const:ti_sysbios_gates_GateMutex_Object__DESC__C)
                  2000f188    00000020     app_pem4.oem4 (.const:ti_sysbios_heaps_HeapMem_Object__DESC__C)
                  2000f1a8    00000020     app_pem4.oem4 (.const:ti_sysbios_knl_Mailbox_Object__DESC__C)
                  2000f1c8    00000020     app_pem4.oem4 (.const:ti_sysbios_knl_Queue_Object__DESC__C)
                  2000f1e8    00000020     app_pem4.oem4 (.const:ti_sysbios_knl_Semaphore_Object__DESC__C)
                  2000f208    00000020     app_pem4.oem4 (.const:ti_sysbios_knl_Task_Object__DESC__C)
                  2000f228    00000020     app_pem4.oem4 (.const:xdc_runtime_LoggerBuf_Object__DESC__C)
                  2000f248    00000018     driverlib.a : interrupt.obj (.const:g_pulEnRegs)
                  2000f260    00000018     app_pem4.oem4 (.const:ti_sysbios_gates_GateHwi_Object__PARAMS__C)
                  2000f278    00000018     app_pem4.oem4 (.const:ti_sysbios_gates_GateMutex_Object__PARAMS__C)
                  2000f290    00000018     app_pem4.oem4 (.const:ti_sysbios_knl_Queue_Object__PARAMS__C)
                  2000f2a8    00000018     app_pem4.oem4 (.const:xdc_runtime_Startup_sfxnRts__A)
                  2000f2c0    0000000c     app_pem4.oem4 (.const:xdc_runtime_Startup_firstFxns__A)
                  2000f2cc    00000008     app_pem4.oem4 (.const:ti_sysbios_family_arm_m3_Hwi_excHookFuncs__A)
                  2000f2d4    00000008     app_pem4.oem4 (.const:ti_sysbios_knl_Idle_funcList__C)
                  2000f2dc    00000008     app_pem4.oem4 (.const:xdc_runtime_Startup_firstFxns__C)
                  2000f2e4    00000008     app_pem4.oem4 (.const:xdc_runtime_Startup_lastFxns__C)
                  2000f2ec    00000004     app_pem4.oem4 (.const:ti_sysbios_family_arm_m3_Hwi_E_NMI__C)
                  2000f2f0    00000004     app_pem4.oem4 (.const:ti_sysbios_family_arm_m3_Hwi_E_alreadyDefined__C)
                  2000f2f4    00000004     app_pem4.oem4 (.const:ti_sysbios_family_arm_m3_Hwi_E_busFault__C)
                  2000f2f8    00000004     app_pem4.oem4 (.const:ti_sysbios_family_arm_m3_Hwi_E_debugMon__C)
                  2000f2fc    00000004     app_pem4.oem4 (.const:ti_sysbios_family_arm_m3_Hwi_E_hardFault__C)
                  2000f300    00000004     app_pem4.oem4 (.const:ti_sysbios_family_arm_m3_Hwi_E_memFault__C)
                  2000f304    00000004     app_pem4.oem4 (.const:ti_sysbios_family_arm_m3_Hwi_E_noIsr__C)
                  2000f308    00000004     app_pem4.oem4 (.const:ti_sysbios_family_arm_m3_Hwi_E_reserved__C)
                  2000f30c    00000004     app_pem4.oem4 (.const:ti_sysbios_family_arm_m3_Hwi_E_svCall__C)
                  2000f310    00000004     app_pem4.oem4 (.const:ti_sysbios_family_arm_m3_Hwi_E_usageFault__C)
                  2000f314    00000004     app_pem4.oem4 (.const:ti_sysbios_family_arm_m3_Hwi_LD_end__C)
                  2000f318    00000004     app_pem4.oem4 (.const:ti_sysbios_family_arm_m3_Hwi_LM_begin__C)
                  2000f31c    00000004     app_pem4.oem4 (.const:ti_sysbios_family_arm_m3_Hwi_Module__diagsEnabled__C)
                  2000f320    00000004     app_pem4.oem4 (.const:ti_sysbios_family_arm_m3_Hwi_Module__diagsIncluded__C)
                  2000f324    00000004     app_pem4.oem4 (.const:ti_sysbios_family_arm_m3_Hwi_Module__diagsMask__C)
                  2000f328    00000004     app_pem4.oem4 (.const:ti_sysbios_family_arm_m3_Hwi_Module__loggerFxn1__C)
                  2000f32c    00000004     app_pem4.oem4 (.const:ti_sysbios_family_arm_m3_Hwi_Module__loggerFxn8__C)
                  2000f330    00000004     app_pem4.oem4 (.const:ti_sysbios_family_arm_m3_Hwi_Module__loggerObj__C)
                  2000f334    00000004     app_pem4.oem4 (.const:ti_sysbios_family_arm_m3_Hwi_NUM_INTERRUPTS__C)
                  2000f338    00000004     app_pem4.oem4 (.const:ti_sysbios_family_arm_m3_Hwi_Object__count__C)
                  2000f33c    00000004     app_pem4.oem4 (.const:ti_sysbios_family_arm_m3_Hwi_ccr__C)
                  2000f340    00000004     app_pem4.oem4 (.const:ti_sysbios_family_arm_m3_Hwi_excHandlerFunc__C)
                  2000f344    00000004     app_pem4.oem4 (.const:ti_sysbios_family_arm_m3_Hwi_excHookFuncs__C)
                  2000f348    00000004     app_pem4.oem4 (.const:ti_sysbios_family_arm_m3_Hwi_nullIsrFunc__C)
                  2000f34c    00000004     app_pem4.oem4 (.const:ti_sysbios_family_arm_m3_Hwi_priGroup__C)
                  2000f350    00000004     app_pem4.oem4 (.const:ti_sysbios_family_arm_m3_TaskSupport_stackAlignment__C)
                  2000f354    00000004     app_pem4.oem4 (.const:ti_sysbios_family_arm_m3_Timer_E_cannotSupport__C)
                  2000f358    00000004     app_pem4.oem4 (.const:ti_sysbios_family_arm_m3_Timer_startupNeeded__C)
                  2000f35c    00000004     app_pem4.oem4 (.const:ti_sysbios_gates_GateMutex_A_badContext__C)
                  2000f360    00000004     app_pem4.oem4 (.const:ti_sysbios_gates_GateMutex_Instance_State_sem__O)
                  2000f364    00000004     app_pem4.oem4 (.const:ti_sysbios_gates_GateMutex_Module__diagsEnabled__C)
                  2000f368    00000004     app_pem4.oem4 (.const:ti_sysbios_gates_GateMutex_Module__diagsIncluded__C)
                  2000f36c    00000004     app_pem4.oem4 (.const:ti_sysbios_gates_GateMutex_Module__diagsMask__C)
                  2000f370    00000004     app_pem4.oem4 (.const:ti_sysbios_hal_Hwi_E_stackOverflow__C)
                  2000f374    00000004     app_pem4.oem4 (.const:ti_sysbios_heaps_HeapMem_A_align__C)
                  2000f378    00000004     app_pem4.oem4 (.const:ti_sysbios_heaps_HeapMem_A_heapSize__C)
                  2000f37c    00000004     app_pem4.oem4 (.const:ti_sysbios_heaps_HeapMem_A_invalidFree__C)
                  2000f380    00000004     app_pem4.oem4 (.const:ti_sysbios_heaps_HeapMem_A_zeroBlock__C)
                  2000f384    00000004     app_pem4.oem4 (.const:ti_sysbios_heaps_HeapMem_E_memory__C)
                  2000f388    00000004     app_pem4.oem4 (.const:ti_sysbios_heaps_HeapMem_Module__diagsEnabled__C)
                  2000f38c    00000004     app_pem4.oem4 (.const:ti_sysbios_heaps_HeapMem_Module__diagsIncluded__C)
                  2000f390    00000004     app_pem4.oem4 (.const:ti_sysbios_heaps_HeapMem_Module__diagsMask__C)
                  2000f394    00000004     app_pem4.oem4 (.const:ti_sysbios_heaps_HeapMem_Module__gateObj__C)
                  2000f398    00000004     app_pem4.oem4 (.const:ti_sysbios_heaps_HeapMem_Object__count__C)
                  2000f39c    00000004     app_pem4.oem4 (.const:ti_sysbios_heaps_HeapMem_reqAlign__C)
                  2000f3a0    00000004     app_pem4.oem4 (.const:ti_sysbios_knl_Clock_LM_begin__C)
                  2000f3a4    00000004     app_pem4.oem4 (.const:ti_sysbios_knl_Clock_LM_tick__C)
                  2000f3a8    00000004     app_pem4.oem4 (.const:ti_sysbios_knl_Clock_LW_delayed__C)
                  2000f3ac    00000004     app_pem4.oem4 (.const:ti_sysbios_knl_Clock_Module_State_clockQ__O)
                  2000f3b0    00000004     app_pem4.oem4 (.const:ti_sysbios_knl_Clock_Module__diagsEnabled__C)
                  2000f3b4    00000004     app_pem4.oem4 (.const:ti_sysbios_knl_Clock_Module__diagsIncluded__C)
                  2000f3b8    00000004     app_pem4.oem4 (.const:ti_sysbios_knl_Clock_Module__diagsMask__C)
                  2000f3bc    00000004     app_pem4.oem4 (.const:ti_sysbios_knl_Clock_Module__loggerFxn1__C)
                  2000f3c0    00000004     app_pem4.oem4 (.const:ti_sysbios_knl_Clock_Module__loggerFxn2__C)
                  2000f3c4    00000004     app_pem4.oem4 (.const:ti_sysbios_knl_Clock_Module__loggerObj__C)
                  2000f3c8    00000004     app_pem4.oem4 (.const:ti_sysbios_knl_Clock_tickPeriod__C)
                  2000f3cc    00000004     app_pem4.oem4 (.const:ti_sysbios_knl_Idle_funcList__A)
                  2000f3d0    00000004     app_pem4.oem4 (.const:ti_sysbios_knl_Mailbox_A_invalidBufSize__C)
                  2000f3d4    00000004     app_pem4.oem4 (.const:ti_sysbios_knl_Mailbox_Instance_State_dataQue__O)
                  2000f3d8    00000004     app_pem4.oem4 (.const:ti_sysbios_knl_Mailbox_Instance_State_dataSem__O)
                  2000f3dc    00000004     app_pem4.oem4 (.const:ti_sysbios_knl_Mailbox_Instance_State_freeQue__O)
                  2000f3e0    00000004     app_pem4.oem4 (.const:ti_sysbios_knl_Mailbox_Instance_State_freeSem__O)
                  2000f3e4    00000004     app_pem4.oem4 (.const:ti_sysbios_knl_Mailbox_Module__diagsEnabled__C)
                  2000f3e8    00000004     app_pem4.oem4 (.const:ti_sysbios_knl_Mailbox_Module__diagsIncluded__C)
                  2000f3ec    00000004     app_pem4.oem4 (.const:ti_sysbios_knl_Mailbox_Module__diagsMask__C)
                  2000f3f0    00000004     app_pem4.oem4 (.const:ti_sysbios_knl_Mailbox_Object__count__C)
                  2000f3f4    00000004     app_pem4.oem4 (.const:ti_sysbios_knl_Mailbox_maxTypeAlign__C)
                  2000f3f8    00000004     app_pem4.oem4 (.const:ti_sysbios_knl_Semaphore_A_badContext__C)
                  2000f3fc    00000004     app_pem4.oem4 (.const:ti_sysbios_knl_Semaphore_A_noEvents__C)
                  2000f400    00000004     app_pem4.oem4 (.const:ti_sysbios_knl_Semaphore_A_overflow__C)
                  2000f404    00000004     app_pem4.oem4 (.const:ti_sysbios_knl_Semaphore_A_pendTaskDisabled__C)
                  2000f408    00000004     app_pem4.oem4 (.const:ti_sysbios_knl_Semaphore_Instance_State_pendQ__O)
                  2000f40c    00000004     app_pem4.oem4 (.const:ti_sysbios_knl_Semaphore_LM_pend__C)
                  2000f410    00000004     app_pem4.oem4 (.const:ti_sysbios_knl_Semaphore_LM_post__C)
                  2000f414    00000004     app_pem4.oem4 (.const:ti_sysbios_knl_Semaphore_Module__diagsEnabled__C)
                  2000f418    00000004     app_pem4.oem4 (.const:ti_sysbios_knl_Semaphore_Module__diagsIncluded__C)
                  2000f41c    00000004     app_pem4.oem4 (.const:ti_sysbios_knl_Semaphore_Module__diagsMask__C)
                  2000f420    00000004     app_pem4.oem4 (.const:ti_sysbios_knl_Semaphore_Module__loggerFxn2__C)
                  2000f424    00000004     app_pem4.oem4 (.const:ti_sysbios_knl_Semaphore_Module__loggerFxn4__C)
                  2000f428    00000004     app_pem4.oem4 (.const:ti_sysbios_knl_Semaphore_Module__loggerObj__C)
                  2000f42c    00000004     app_pem4.oem4 (.const:ti_sysbios_knl_Swi_LD_end__C)
                  2000f430    00000004     app_pem4.oem4 (.const:ti_sysbios_knl_Swi_LM_begin__C)
                  2000f434    00000004     app_pem4.oem4 (.const:ti_sysbios_knl_Swi_LM_post__C)
                  2000f438    00000004     app_pem4.oem4 (.const:ti_sysbios_knl_Swi_Module__diagsEnabled__C)
                  2000f43c    00000004     app_pem4.oem4 (.const:ti_sysbios_knl_Swi_Module__diagsIncluded__C)
                  2000f440    00000004     app_pem4.oem4 (.const:ti_sysbios_knl_Swi_Module__diagsMask__C)
                  2000f444    00000004     app_pem4.oem4 (.const:ti_sysbios_knl_Swi_Module__loggerFxn1__C)
                  2000f448    00000004     app_pem4.oem4 (.const:ti_sysbios_knl_Swi_Module__loggerFxn4__C)
                  2000f44c    00000004     app_pem4.oem4 (.const:ti_sysbios_knl_Swi_Module__loggerObj__C)
                  2000f450    00000004     app_pem4.oem4 (.const:ti_sysbios_knl_Swi_Object__count__C)
                  2000f454    00000004     app_pem4.oem4 (.const:ti_sysbios_knl_Task_A_badPriority__C)
                  2000f458    00000004     app_pem4.oem4 (.const:ti_sysbios_knl_Task_A_badTaskState__C)
                  2000f45c    00000004     app_pem4.oem4 (.const:ti_sysbios_knl_Task_A_badThreadType__C)
                  2000f460    00000004     app_pem4.oem4 (.const:ti_sysbios_knl_Task_A_badTimeout__C)
                  2000f464    00000004     app_pem4.oem4 (.const:ti_sysbios_knl_Task_A_noPendElem__C)
                  2000f468    00000004     app_pem4.oem4 (.const:ti_sysbios_knl_Task_A_sleepTaskDisabled__C)
                  2000f46c    00000004     app_pem4.oem4 (.const:ti_sysbios_knl_Task_E_spOutOfBounds__C)
                  2000f470    00000004     app_pem4.oem4 (.const:ti_sysbios_knl_Task_E_stackOverflow__C)
                  2000f474    00000004     app_pem4.oem4 (.const:ti_sysbios_knl_Task_LD_block__C)
                  2000f478    00000004     app_pem4.oem4 (.const:ti_sysbios_knl_Task_LD_exit__C)
                  2000f47c    00000004     app_pem4.oem4 (.const:ti_sysbios_knl_Task_LD_ready__C)
                  2000f480    00000004     app_pem4.oem4 (.const:ti_sysbios_knl_Task_LM_sleep__C)
                  2000f484    00000004     app_pem4.oem4 (.const:ti_sysbios_knl_Task_LM_switch__C)
                  2000f488    00000004     app_pem4.oem4 (.const:ti_sysbios_knl_Task_LM_yield__C)
                  2000f48c    00000004     app_pem4.oem4 (.const:ti_sysbios_knl_Task_Module_State_inactiveQ__O)
                  2000f490    00000004     app_pem4.oem4 (.const:ti_sysbios_knl_Task_Module__diagsEnabled__C)
                  2000f494    00000004     app_pem4.oem4 (.const:ti_sysbios_knl_Task_Module__diagsIncluded__C)
                  2000f498    00000004     app_pem4.oem4 (.const:ti_sysbios_knl_Task_Module__diagsMask__C)
                  2000f49c    00000004     app_pem4.oem4 (.const:ti_sysbios_knl_Task_Module__loggerFxn2__C)
                  2000f4a0    00000004     app_pem4.oem4 (.const:ti_sysbios_knl_Task_Module__loggerFxn4__C)
                  2000f4a4    00000004     app_pem4.oem4 (.const:ti_sysbios_knl_Task_Module__loggerObj__C)
                  2000f4a8    00000004     app_pem4.oem4 (.const:ti_sysbios_knl_Task_Object__count__C)
                  2000f4ac    00000004     app_pem4.oem4 (.const:ti_sysbios_knl_Task_allBlockedFunc__C)
                  2000f4b0    00000004     app_pem4.oem4 (.const:ti_sysbios_knl_Task_defaultStackHeap__C)
                  2000f4b4    00000004     app_pem4.oem4 (.const:ti_sysbios_knl_Task_defaultStackSize__C)
                  2000f4b8    00000004     app_pem4.oem4 (.const:ti_sysbios_knl_Task_numConstructedTasks__C)
                  2000f4bc    00000004     app_pem4.oem4 (.const:xdc_runtime_Assert_E_assertFailed__C)
                  2000f4c0    00000004     app_pem4.oem4 (.const:xdc_runtime_Core_A_initializedParams__C)
                  2000f4c4    00000004     app_pem4.oem4 (.const:xdc_runtime_Core_Module__diagsEnabled__C)
                  2000f4c8    00000004     app_pem4.oem4 (.const:xdc_runtime_Core_Module__diagsIncluded__C)
                  2000f4cc    00000004     app_pem4.oem4 (.const:xdc_runtime_Core_Module__diagsMask__C)
                  2000f4d0    00000004     app_pem4.oem4 (.const:xdc_runtime_Error_E_memory__C)
                  2000f4d4    00000004     app_pem4.oem4 (.const:xdc_runtime_Error_Module__diagsEnabled__C)
                  2000f4d8    00000004     app_pem4.oem4 (.const:xdc_runtime_Error_Module__diagsIncluded__C)
                  2000f4dc    00000004     app_pem4.oem4 (.const:xdc_runtime_Error_Module__diagsMask__C)
                  2000f4e0    00000004     app_pem4.oem4 (.const:xdc_runtime_Error_Module__loggerFxn8__C)
                  2000f4e4    00000004     app_pem4.oem4 (.const:xdc_runtime_Error_Module__loggerObj__C)
                  2000f4e8    00000004     app_pem4.oem4 (.const:xdc_runtime_Error_policyFxn__C)
                  2000f4ec    00000004     app_pem4.oem4 (.const:xdc_runtime_Error_raiseHook__C)
                  2000f4f0    00000004     app_pem4.oem4 (.const:xdc_runtime_IFilterLogger_Interface__BASE__C)
                  2000f4f4    00000004     app_pem4.oem4 (.const:xdc_runtime_IGateProvider_Interface__BASE__C)
                  2000f4f8    00000004     app_pem4.oem4 (.const:xdc_runtime_IHeap_Interface__BASE__C)
                  2000f4fc    00000004     app_pem4.oem4 (.const:xdc_runtime_ILogger_Interface__BASE__C)
                  2000f500    00000004     app_pem4.oem4 (.const:xdc_runtime_IModule_Interface__BASE__C)
                  2000f504    00000004     app_pem4.oem4 (.const:xdc_runtime_Log_L_error__C)
                  2000f508    00000004     app_pem4.oem4 (.const:xdc_runtime_LoggerBuf_E_badLevel__C)
                  2000f50c    00000004     app_pem4.oem4 (.const:xdc_runtime_LoggerBuf_Module__gateObj__C)
                  2000f510    00000004     app_pem4.oem4 (.const:xdc_runtime_LoggerBuf_Object__count__C)
                  2000f514    00000004     app_pem4.oem4 (.const:xdc_runtime_LoggerBuf_statusLogger__C)
                  2000f518    00000004     app_pem4.oem4 (.const:xdc_runtime_Memory_defaultHeapInstance__C)
                  2000f51c    00000004     app_pem4.oem4 (.const:xdc_runtime_Startup_execImpl__C)
                  2000f520    00000004     app_pem4.oem4 (.const:xdc_runtime_Startup_maxPasses__C)
                  2000f524    00000004     app_pem4.oem4 (.const:xdc_runtime_Startup_sfxnRts__C)
                  2000f528    00000004     app_pem4.oem4 (.const:xdc_runtime_Startup_sfxnTab__C)
                  2000f52c    00000004     app_pem4.oem4 (.const:xdc_runtime_SysMin_bufSize__C)
                  2000f530    00000004     app_pem4.oem4 (.const:xdc_runtime_SysMin_outputFunc__C)
                  2000f534    00000004     app_pem4.oem4 (.const:xdc_runtime_System_Module__gateObj__C)
                  2000f538    00000004     app_pem4.oem4 (.const:xdc_runtime_System_abortFxn__C)
                  2000f53c    00000004     app_pem4.oem4 (.const:xdc_runtime_System_exitFxn__C)
                  2000f540    00000004     app_pem4.oem4 (.const:xdc_runtime_System_extendFxn__C)
                  2000f544    00000004     app_pem4.oem4 (.const:xdc_runtime_System_maxAtexitHandlers__C)
                  2000f548    00000004     app_pem4.oem4 (.const:xdc_runtime_Text_charTab__C)
                  2000f54c    00000004     app_pem4.oem4 (.const:xdc_runtime_Text_nameEmpty__C)
                  2000f550    00000004     app_pem4.oem4 (.const:xdc_runtime_Text_nameStatic__C)
                  2000f554    00000004     app_pem4.oem4 (.const:xdc_runtime_Text_nameUnknown__C)
                  2000f558    00000004     app_pem4.oem4 (.const:xdc_runtime_Text_nodeTab__C)
                  2000f55c    00000004     app_pem4.oem4 (.const:xdc_runtime_Text_visitRopeFxn__C)
                  2000f560    00000002     app_pem4.oem4 (.const:ti_sysbios_family_arm_m3_Hwi_Module__id__C)
                  2000f562    00000002     app_pem4.oem4 (.const:ti_sysbios_family_arm_m3_Hwi_Module__loggerDefined__C)
                  2000f564    00000002     app_pem4.oem4 (.const:ti_sysbios_family_arm_m3_Timer_Module__id__C)
                  2000f566    00000002     app_pem4.oem4 (.const:ti_sysbios_family_arm_m3_TimestampProvider_configTimer__C)
                  2000f568    00000002     app_pem4.oem4 (.const:ti_sysbios_gates_GateMutex_Module__id__C)
                  2000f56a    00000002     app_pem4.oem4 (.const:ti_sysbios_hal_Hwi_Module__id__C)
                  2000f56c    00000002     app_pem4.oem4 (.const:ti_sysbios_heaps_HeapMem_Module__id__C)
                  2000f56e    00000002     app_pem4.oem4 (.const:ti_sysbios_knl_Clock_Module__id__C)
                  2000f570    00000002     app_pem4.oem4 (.const:ti_sysbios_knl_Clock_Module__loggerDefined__C)
                  2000f572    00000002     app_pem4.oem4 (.const:ti_sysbios_knl_Mailbox_Module__id__C)
                  2000f574    00000002     app_pem4.oem4 (.const:ti_sysbios_knl_Semaphore_Module__id__C)
                  2000f576    00000002     app_pem4.oem4 (.const:ti_sysbios_knl_Semaphore_Module__loggerDefined__C)
                  2000f578    00000002     app_pem4.oem4 (.const:ti_sysbios_knl_Swi_Module__id__C)
                  2000f57a    00000002     app_pem4.oem4 (.const:ti_sysbios_knl_Swi_Module__loggerDefined__C)
                  2000f57c    00000002     app_pem4.oem4 (.const:ti_sysbios_knl_Task_Module__id__C)
                  2000f57e    00000002     app_pem4.oem4 (.const:ti_sysbios_knl_Task_Module__loggerDefined__C)
                  2000f580    00000002     app_pem4.oem4 (.const:xdc_runtime_Core_Module__id__C)
                  2000f582    00000002     app_pem4.oem4 (.const:xdc_runtime_Error_Module__loggerDefined__C)
                  2000f584    00000002     app_pem4.oem4 (.const:xdc_runtime_Error_maxDepth__C)
                  2000f586    00000002     app_pem4.oem4 (.const:xdc_runtime_LoggerBuf_Module__id__C)
                  2000f588    00000002     app_pem4.oem4 (.const:xdc_runtime_LoggerBuf_filterByLevel__C)
                  2000f58a    00000002     app_pem4.oem4 (.const:xdc_runtime_Memory_Module__id__C)
                  2000f58c    00000002     app_pem4.oem4 (.const:xdc_runtime_SysMin_flushAtExit__C)
                  2000f58e    00000002     app_pem4.oem4 (.const:xdc_runtime_Text_charCnt__C)
                  2000f590    00000002     app_pem4.oem4 (.const:xdc_runtime_Text_isLoaded__C)
                  2000f592    00000002     app_pem4.oem4 (.const:xdc_runtime_Text_registryModsLastId__C)
                  2000f594    00000002     app_pem4.oem4 (.const:xdc_runtime_Text_unnamedModsLastId__C)
                  2000f596    00000001     app_pem4.oem4 (.const:xdc_runtime_Error_policy__C)

.cinit     0    2000f598    000001d8     
                  2000f598    000001ad     (.cinit..data.load) [load image, compression = lzss]
                  2000f745    00000003     --HOLE-- [fill = 0]
                  2000f748    0000000c     (__TI_handler_table)
                  2000f754    00000004     --HOLE-- [fill = 0]
                  2000f758    00000008     (.cinit..bss.load) [load image, compression = zero_init]
                  2000f760    00000010     (__TI_cinit_table)

.bss       0    20017000    000095d0     UNINITIALIZED
                  20017000    00008000     (.common:ti_sysbios_heaps_HeapMem_Instance_State_0_buf__A)
                  2001f000    00000800     app_pem4.oem4 (.bss:taskStackSection)
                  2001f800    00000400     (.common:xdc_runtime_LoggerBuf_Instance_State_0_entryArr__A)
                  2001fc00    00000400     (.common:xdc_runtime_SysMin_Module_State_0_outbuf__A)
                  20020000    0000030c     (.common:ti_sysbios_family_arm_m3_Hwi_dispatchTable)
                  2002030c    00000190     (.common:irDurations)
                  2002049c    00000120     rtsv7M4_T_le_eabi.lib : trgmsg.c.obj (.bss:_CIOBUF_)
                  200205bc    00000008     (.common:parmbuf)
                  200205c4    00000004     ir_uart.obj (.bss)
                  200205c8    00000004     (.common:SimpleLinkSpawnTaskHndl)
                  200205cc    00000004     (.common:simpleLink_mailbox)

.data      0    200205d0    000003f0     UNINITIALIZED
                  200205d0    00000080     app_pem4.oem4 (.data:ti_sysbios_knl_Swi_Module_State_0_readyQ__A)
                  20020650    00000080     app_pem4.oem4 (.data:ti_sysbios_knl_Task_Module_State_0_readyQ__A)
                  200206d0    0000004c     app_pem4.oem4 (.data:ti_sysbios_knl_Task_Object__table__V)
                  2002071c    00000044     app_pem4.oem4 (.data:ti_sysbios_knl_Task_Module__state__V)
                  20020760    00000038     app_pem4.oem4 (.data:ti_sysbios_gates_GateMutex_Object__table__V)
                  20020798    00000034     app_pem4.oem4 (.data:ti_sysbios_family_arm_m3_Hwi_Module__state__V)
                  200207cc    00000030     app_pem4.oem4 (.data:ti_sysbios_family_arm_m3_Timer_Object__table__V)
                  200207fc    00000030     app_pem4.oem4 (.data:ti_sysbios_knl_Swi_Object__table__V)
                  2002082c    0000002c     app_pem4.oem4 (.data:ti_sysbios_knl_Clock_Module__state__V)
                  20020858    00000024     app_pem4.oem4 (.data:ti_sysbios_BIOS_Module__state__V)
                  2002087c    00000024     app_pem4.oem4 (.data:xdc_runtime_LoggerBuf_Object__table__V)
                  200208a0    0000001c     app_pem4.oem4 (.data:ti_sysbios_knl_Swi_Module__state__V)
                  200208bc    00000018     app_pem4.oem4 (.data:ti_sysbios_family_arm_m3_Hwi_Object__table__V)
                  200208d4    00000018     app_pem4.oem4 (.data:ti_sysbios_heaps_HeapMem_Object__table__V)
                  200208ec    00000010     ir.obj (.data)
                  200208fc    00000010     app_pem4.oem4 (.data:xdc_runtime_System_Module_State_0_atexitHandlers__A)
                  2002090c    0000000c     app_pem4.oem4 (.data:ti_sysbios_family_arm_m3_Timer_Module__state__V)
                  20020918    0000000c     app_pem4.oem4 (.data:xdc_runtime_SysMin_Module__state__V)
                  20020924    0000000a     ir.obj (.data:protocol)
                  2002092e    00000002     app_pem4.oem4 (.data:ti_sysbios_family_arm_m3_Hwi_Module_State_0_excActive__A)
                  20020930    00000008     rtsv7M4_T_le_eabi.lib : _lock.c.obj (.data:$O1$$)
                  20020938    00000008     app_pem4.oem4 (.data:ti_sysbios_family_arm_m3_Hwi_Module__root__V)
                  20020940    00000008     app_pem4.oem4 (.data:ti_sysbios_gates_GateHwi_Module__root__V)
                  20020948    00000008     app_pem4.oem4 (.data:ti_sysbios_gates_GateMutex_Module__root__V)
                  20020950    00000008     app_pem4.oem4 (.data:ti_sysbios_heaps_HeapMem_Module__root__V)
                  20020958    00000008     app_pem4.oem4 (.data:ti_sysbios_knl_Mailbox_Module__root__V)
                  20020960    00000008     app_pem4.oem4 (.data:ti_sysbios_knl_Queue_Module__root__V)
                  20020968    00000008     app_pem4.oem4 (.data:ti_sysbios_knl_Semaphore_Module__root__V)
                  20020970    00000008     app_pem4.oem4 (.data:ti_sysbios_knl_Task_Module__root__V)
                  20020978    00000008     app_pem4.oem4 (.data:xdc_runtime_LoggerBuf_Module__root__V)
                  20020980    00000008     app_pem4.oem4 (.data:xdc_runtime_Registry_Module__state__V)
                  20020988    00000008     app_pem4.oem4 (.data:xdc_runtime_Startup_Module__state__V)
                  20020990    00000008     app_pem4.oem4 (.data:xdc_runtime_System_Module__state__V)
                  20020998    00000006     app_pem4.oem4 (.data:xdc_runtime_LoggerBuf_Module__state__V)
                  2002099e    00000002     app_pem4.oem4 (.data:xdc_runtime_Error_Module__state__V)
                  200209a0    00000004     rtsv7M4_T_le_eabi.lib : errno.c.obj (.data)
                  200209a4    00000004                           : stkdepth_vars.c.obj (.data)
                  200209a8    00000004     app_pem4.oem4 (.data:ti_sysbios_family_arm_m3_Hwi_Module_State_0_excContext__A)
                  200209ac    00000004     app_pem4.oem4 (.data:ti_sysbios_family_arm_m3_Hwi_Module_State_0_excStack__A)
                  200209b0    00000004     app_pem4.oem4 (.data:ti_sysbios_family_arm_m3_TimestampProvider_Module__state__V)
                  200209b4    00000004     app_pem4.oem4 (.data:ti_sysbios_gates_GateHwi_Object__table__V)
                  200209b8    00000004     app_pem4.oem4 (.data:ti_sysbios_knl_Task_Module_State_0_idleTask__A)
                  200209bc    00000004     app_pem4.oem4 (.data:xdc_runtime_Memory_Module__state__V)

.stack     0    2002e000    00002000     UNINITIALIZED
                  2002e000    00002000     --HOLE--

.bootVecs 
*          0    00000000    00000008     DSECT
                  00000000    00000008     boot.aem4 : boot.oem4 (.bootVecs)

.vecs      0    20004000    00000000     DSECT

.resetVecs 
*          0    20004000    0000030c     
                  20004000    0000030c     app_pem4.oem4 (.resetVecs)

xdc.meta   0    00000000    000000f8     COPY SECTION
                  00000000    000000f8     app_pem4.oem4 (xdc.meta)

__llvm_prf_cnts 
*          0    20017000    00000000     UNINITIALIZED

MODULE SUMMARY

       Module                       code    ro data   rw data
       ------                       ----    -------   -------
    .\
       ir.obj                       1784    0         426    
       ir_uart.obj                  636     0         4      
       main.obj                     140     0         0      
    +--+----------------------------+-------+---------+---------+
       Total:                       2560    0         430    
                                                             
    C:\ti\CC3200SDK_1.5.0\cc3200-sdk\ti_rtos\ti_rtos_config\ccs\Default\configPkg\package\cfg\
       app_pem4.oem4                2290    8982      38610  
    +--+----------------------------+-------+---------+---------+
       Total:                       2290    8982      38610  
                                                             
    C:/ti/CC3200SDK_1.5.0/cc3200-sdk/driverlib/ccs/Release/driverlib.a
       prcm.obj                     800     168       0      
       pin.obj                      274     256       0      
       gpio.obj                     390     0         0      
       uart.obj                     284     0         0      
       interrupt.obj                210     24        0      
       timer.obj                    28      0         0      
       cpu.obj                      20      0         0      
       utils.obj                    6       0         0      
    +--+----------------------------+-------+---------+---------+
       Total:                       2012    448       0      
                                                             
    C:/ti/CC3200SDK_1.5.0/cc3200-sdk/oslib/ccs/ti_rtos/ti_rtos.a
       osi_tirtos.obj               1344    0         8      
    +--+----------------------------+-------+---------+---------+
       Total:                       1344    0         8      
                                                             
    C:\ti\CC3200SDK_1.5.0\cc3200-sdk\ti_rtos\ti_rtos_config\src\sysbios\sysbios.aem4
       BIOS.obj                     14616   0         0      
       m3_Hwi_asm.obj               266     0         0      
       m3_TaskSupport_asm.obj       108     0         0      
       m3_Hwi_asm_switch.obj        102     0         0      
    +--+----------------------------+-------+---------+---------+
       Total:                       15092   0         0      
                                                             
    C:\ti\ccsv8\tools\compiler\ti-cgt-arm_20.2.7.LTS\lib\rtsv7M4_T_le_eabi.lib
       _printfi.c.obj               4835    0         0      
       fd_add_t2.asm.obj            438     0         0      
       trgmsg.c.obj                 108     0         288    
       fd_div_t2.asm.obj            310     0         0      
       fd_cmp_t2.asm.obj            268     0         0      
       ctype.c.obj                  0       257       0      
       fd_mul_t2.asm.obj            252     0         0      
       s_scalbn.c.obj               208     0         0      
       memcpy_t2.asm.obj            156     0         0      
       ull_div_t2.asm.obj           150     0         0      
       vsnprintf.c.obj              136     0         0      
       memset_t2.asm.obj            122     0         0      
       copy_decompress_lzss.c.obj   104     0         0      
       s_frexp.c.obj                92      0         0      
       hostwrite.c.obj              88      0         0      
       _ltoa.c.obj                  84      0         0      
       atoi.c.obj                   76      0         0      
       cpy_tbl.c.obj                76      0         0      
       fd_toi_t2.asm.obj            72      0         0      
       u_divt2.asm.obj              64      0         0      
       i_tofd_t2.asm.obj            46      0         0      
       memmov.c.obj                 40      0         0      
       _lock.c.obj                  26      0         8      
       memccpy.c.obj                28      0         0      
       args_main.c.obj              24      0         0      
       strcmp.c.obj                 24      0         0      
       strchr.c.obj                 22      0         0      
       strcpy.c.obj                 20      0         0      
       strlen.c.obj                 20      0         0      
       wcslen.c.obj                 18      0         0      
       copy_decompress_none.c.obj   14      0         0      
       copy_zero_init.c.obj         12      0         0      
       errno.c.obj                  8       0         4      
       s_copysign.c.obj             12      0         0      
       hostopen.c.obj               0       0         8      
       exit.c.obj                   4       0         0      
       stkdepth_vars.c.obj          0       0         4      
       div0.asm.obj                 2       0         0      
    +--+----------------------------+-------+---------+---------+
       Total:                       7959    257       312    
                                                             
    C:\ti\tirtos_cc32xx_2_15_00_17\products\bios_6_45_00_20\packages\ti\targets\arm\rtsarm\lib\auto_init.aem4
       auto_init.oem4               160     0         0      
    +--+----------------------------+-------+---------+---------+
       Total:                       160     0         0      
                                                             
    C:\ti\tirtos_cc32xx_2_15_00_17\products\bios_6_45_00_20\packages\ti\targets\arm\rtsarm\lib\boot.aem4
       boot.oem4                    68      0         0      
    +--+----------------------------+-------+---------+---------+
       Total:                       68      0         0      
                                                             
    C:\ti\tirtos_cc32xx_2_15_00_17\products\bios_6_45_00_20\packages\ti\targets\arm\rtsarm\lib\ti.targets.arm.rtsarm.aem4
       System.oem4                  1255    0         0      
       LoggerBuf.oem4               1084    0         0      
       Text.oem4                    672     0         0      
       Error.oem4                   524     0         0      
       Core-mem.oem4                358     0         0      
       Startup.oem4                 328     0         0      
       SysMin.oem4                  248     0         0      
       Core-smem.oem4               204     0         0      
       Memory.oem4                  176     0         0      
       Assert.oem4                  84      0         0      
       Core-params.oem4             70      0         0      
       Core-label.oem4              52      0         0      
       Registry.oem4                32      0         0      
       Gate.oem4                    28      0         0      
    +--+----------------------------+-------+---------+---------+
       Total:                       5115    0         0      
                                                             
       Stack:                       0       0         8192   
       Linker Generated:            0       465       0      
    +--+----------------------------+-------+---------+---------+
       Grand Total:                 36600   10152     47552  


LINKER GENERATED COPY TABLES

[...]
2000f0bc  ti_sysbios_heaps_HeapMem_Object__PARAMS__C                  
2000f0e0  ti_sysbios_knl_Semaphore_Object__PARAMS__C                  
2000f104  xdc_runtime_LoggerBuf_Object__PARAMS__C                     
2000f128  ti_sysbios_family_arm_m3_Hwi_Object__DESC__C                
2000f148  ti_sysbios_gates_GateHwi_Object__DESC__C                    
2000f168  ti_sysbios_gates_GateMutex_Object__DESC__C                  
2000f188  ti_sysbios_heaps_HeapMem_Object__DESC__C                    
2000f1a8  ti_sysbios_knl_Mailbox_Object__DESC__C                      
2000f1c8  ti_sysbios_knl_Queue_Object__DESC__C                        
2000f1e8  ti_sysbios_knl_Semaphore_Object__DESC__C                    
2000f208  ti_sysbios_knl_Task_Object__DESC__C                         
2000f228  xdc_runtime_LoggerBuf_Object__DESC__C                       
2000f260  ti_sysbios_gates_GateHwi_Object__PARAMS__C                  
2000f278  ti_sysbios_gates_GateMutex_Object__PARAMS__C                
2000f290  ti_sysbios_knl_Queue_Object__PARAMS__C                      
2000f2a8  xdc_runtime_Startup_sfxnRts__A                              
2000f2c0  xdc_runtime_Startup_firstFxns__A                            
2000f2cc  ti_sysbios_family_arm_m3_Hwi_excHookFuncs__A                
2000f2d4  ti_sysbios_knl_Idle_funcList__C                             
2000f2dc  xdc_runtime_Startup_firstFxns__C                            
2000f2e4  xdc_runtime_Startup_lastFxns__C                             
2000f2ec  ti_sysbios_family_arm_m3_Hwi_E_NMI__C                       
2000f2f0  ti_sysbios_family_arm_m3_Hwi_E_alreadyDefined__C            
2000f2f4  ti_sysbios_family_arm_m3_Hwi_E_busFault__C                  
2000f2f8  ti_sysbios_family_arm_m3_Hwi_E_debugMon__C                  
2000f2fc  ti_sysbios_family_arm_m3_Hwi_E_hardFault__C                 
2000f300  ti_sysbios_family_arm_m3_Hwi_E_memFault__C                  
2000f304  ti_sysbios_family_arm_m3_Hwi_E_noIsr__C                     
2000f308  ti_sysbios_family_arm_m3_Hwi_E_reserved__C                  
2000f30c  ti_sysbios_family_arm_m3_Hwi_E_svCall__C                    
2000f310  ti_sysbios_family_arm_m3_Hwi_E_usageFault__C                
2000f314  ti_sysbios_family_arm_m3_Hwi_LD_end__C                      
2000f318  ti_sysbios_family_arm_m3_Hwi_LM_begin__C                    
2000f31c  ti_sysbios_family_arm_m3_Hwi_Module__diagsEnabled__C        
2000f320  ti_sysbios_family_arm_m3_Hwi_Module__diagsIncluded__C       
2000f324  ti_sysbios_family_arm_m3_Hwi_Module__diagsMask__C           
2000f328  ti_sysbios_family_arm_m3_Hwi_Module__loggerFxn1__C          
2000f32c  ti_sysbios_family_arm_m3_Hwi_Module__loggerFxn8__C          
2000f330  ti_sysbios_family_arm_m3_Hwi_Module__loggerObj__C           
2000f334  ti_sysbios_family_arm_m3_Hwi_NUM_INTERRUPTS__C              
2000f338  ti_sysbios_family_arm_m3_Hwi_Object__count__C               
2000f33c  ti_sysbios_family_arm_m3_Hwi_ccr__C                         
2000f340  ti_sysbios_family_arm_m3_Hwi_excHandlerFunc__C              
2000f344  ti_sysbios_family_arm_m3_Hwi_excHookFuncs__C                
2000f348  ti_sysbios_family_arm_m3_Hwi_nullIsrFunc__C                 
2000f34c  ti_sysbios_family_arm_m3_Hwi_priGroup__C                    
2000f350  ti_sysbios_family_arm_m3_TaskSupport_stackAlignment__C      
2000f354  ti_sysbios_family_arm_m3_Timer_E_cannotSupport__C           
2000f358  ti_sysbios_family_arm_m3_Timer_startupNeeded__C             
2000f35c  ti_sysbios_gates_GateMutex_A_badContext__C                  
2000f360  ti_sysbios_gates_GateMutex_Instance_State_sem__O            
2000f364  ti_sysbios_gates_GateMutex_Module__diagsEnabled__C          
2000f368  ti_sysbios_gates_GateMutex_Module__diagsIncluded__C         
2000f36c  ti_sysbios_gates_GateMutex_Module__diagsMask__C             
2000f370  ti_sysbios_hal_Hwi_E_stackOverflow__C                       
2000f374  ti_sysbios_heaps_HeapMem_A_align__C                         
2000f378  ti_sysbios_heaps_HeapMem_A_heapSize__C                      
2000f37c  ti_sysbios_heaps_HeapMem_A_invalidFree__C                   
2000f380  ti_sysbios_heaps_HeapMem_A_zeroBlock__C                     
2000f384  ti_sysbios_heaps_HeapMem_E_memory__C                        
2000f388  ti_sysbios_heaps_HeapMem_Module__diagsEnabled__C            
2000f38c  ti_sysbios_heaps_HeapMem_Module__diagsIncluded__C           
2000f390  ti_sysbios_heaps_HeapMem_Module__diagsMask__C               
2000f394  ti_sysbios_heaps_HeapMem_Module__gateObj__C                 
2000f398  ti_sysbios_heaps_HeapMem_Object__count__C                   
2000f39c  ti_sysbios_heaps_HeapMem_reqAlign__C                        
2000f3a0  ti_sysbios_knl_Clock_LM_begin__C                            
2000f3a4  ti_sysbios_knl_Clock_LM_tick__C                             
2000f3a8  ti_sysbios_knl_Clock_LW_delayed__C                          
2000f3ac  ti_sysbios_knl_Clock_Module_State_clockQ__O                 
2000f3b0  ti_sysbios_knl_Clock_Module__diagsEnabled__C                
2000f3b4  ti_sysbios_knl_Clock_Module__diagsIncluded__C               
2000f3b8  ti_sysbios_knl_Clock_Module__diagsMask__C                   
2000f3bc  ti_sysbios_knl_Clock_Module__loggerFxn1__C                  
2000f3c0  ti_sysbios_knl_Clock_Module__loggerFxn2__C                  
2000f3c4  ti_sysbios_knl_Clock_Module__loggerObj__C                   
2000f3c8  ti_sysbios_knl_Clock_tickPeriod__C                          
2000f3cc  ti_sysbios_knl_Idle_funcList__A                             
2000f3d0  ti_sysbios_knl_Mailbox_A_invalidBufSize__C                  
2000f3d4  ti_sysbios_knl_Mailbox_Instance_State_dataQue__O            
2000f3d8  ti_sysbios_knl_Mailbox_Instance_State_dataSem__O            
2000f3dc  ti_sysbios_knl_Mailbox_Instance_State_freeQue__O            
2000f3e0  ti_sysbios_knl_Mailbox_Instance_State_freeSem__O            
2000f3e4  ti_sysbios_knl_Mailbox_Module__diagsEnabled__C              
2000f3e8  ti_sysbios_knl_Mailbox_Module__diagsIncluded__C             
2000f3ec  ti_sysbios_knl_Mailbox_Module__diagsMask__C                 
2000f3f0  ti_sysbios_knl_Mailbox_Object__count__C                     
2000f3f4  ti_sysbios_knl_Mailbox_maxTypeAlign__C                      
2000f3f8  ti_sysbios_knl_Semaphore_A_badContext__C                    
2000f3fc  ti_sysbios_knl_Semaphore_A_noEvents__C                      
2000f400  ti_sysbios_knl_Semaphore_A_overflow__C                      
2000f404  ti_sysbios_knl_Semaphore_A_pendTaskDisabled__C              
2000f408  ti_sysbios_knl_Semaphore_Instance_State_pendQ__O            
2000f40c  ti_sysbios_knl_Semaphore_LM_pend__C                         
2000f410  ti_sysbios_knl_Semaphore_LM_post__C                         
2000f414  ti_sysbios_knl_Semaphore_Module__diagsEnabled__C            
2000f418  ti_sysbios_knl_Semaphore_Module__diagsIncluded__C           
2000f41c  ti_sysbios_knl_Semaphore_Module__diagsMask__C               
2000f420  ti_sysbios_knl_Semaphore_Module__loggerFxn2__C              
2000f424  ti_sysbios_knl_Semaphore_Module__loggerFxn4__C              
2000f428  ti_sysbios_knl_Semaphore_Module__loggerObj__C               
2000f42c  ti_sysbios_knl_Swi_LD_end__C                                
2000f430  ti_sysbios_knl_Swi_LM_begin__C                              
2000f434  ti_sysbios_knl_Swi_LM_post__C                               
2000f438  ti_sysbios_knl_Swi_Module__diagsEnabled__C                  
2000f43c  ti_sysbios_knl_Swi_Module__diagsIncluded__C                 
2000f440  ti_sysbios_knl_Swi_Module__diagsMask__C                     
2000f444  ti_sysbios_knl_Swi_Module__loggerFxn1__C                    
2000f448  ti_sysbios_knl_Swi_Module__loggerFxn4__C                    
2000f44c  ti_sysbios_knl_Swi_Module__loggerObj__C                     
2000f450  ti_sysbios_knl_Swi_Object__count__C                         
2000f454  ti_sysbios_knl_Task_A_badPriority__C                        
2000f458  ti_sysbios_knl_Task_A_badTaskState__C                       
2000f45c  ti_sysbios_knl_Task_A_badThreadType__C                      
2000f460  ti_sysbios_knl_Task_A_badTimeout__C                         
2000f464  ti_sysbios_knl_Task_A_noPendElem__C                         
2000f468  ti_sysbios_knl_Task_A_sleepTaskDisabled__C                  
2000f46c  ti_sysbios_knl_Task_E_spOutOfBounds__C                      
2000f470  ti_sysbios_knl_Task_E_stackOverflow__C                      
2000f474  ti_sysbios_knl_Task_LD_block__C                             
2000f478  ti_sysbios_knl_Task_LD_exit__C                              
2000f47c  ti_sysbios_knl_Task_LD_ready__C                             
2000f480  ti_sysbios_knl_Task_LM_sleep__C                             
2000f484  ti_sysbios_knl_Task_LM_switch__C                            
2000f488  ti_sysbios_knl_Task_LM_yield__C                             
2000f48c  ti_sysbios_knl_Task_Module_State_inactiveQ__O               
2000f490  ti_sysbios_knl_Task_Module__diagsEnabled__C                 
2000f494  ti_sysbios_knl_Task_Module__diagsIncluded__C                
2000f498  ti_sysbios_knl_Task_Module__diagsMask__C                    
2000f49c  ti_sysbios_knl_Task_Module__loggerFxn2__C                   
2000f4a0  ti_sysbios_knl_Task_Module__loggerFxn4__C                   
2000f4a4  ti_sysbios_knl_Task_Module__loggerObj__C                    
2000f4a8  ti_sysbios_knl_Task_Object__count__C                        
2000f4ac  ti_sysbios_knl_Task_allBlockedFunc__C                       
2000f4b0  ti_sysbios_knl_Task_defaultStackHeap__C                     
2000f4b4  ti_sysbios_knl_Task_defaultStackSize__C                     
2000f4b8  ti_sysbios_knl_Task_numConstructedTasks__C                  
2000f4bc  xdc_runtime_Assert_E_assertFailed__C                        
2000f4c0  xdc_runtime_Core_A_initializedParams__C                     
2000f4c4  xdc_runtime_Core_Module__diagsEnabled__C                    
2000f4c8  xdc_runtime_Core_Module__diagsIncluded__C                   
2000f4cc  xdc_runtime_Core_Module__diagsMask__C                       
2000f4d0  xdc_runtime_Error_E_memory__C                               
2000f4d4  xdc_runtime_Error_Module__diagsEnabled__C                   
2000f4d8  xdc_runtime_Error_Module__diagsIncluded__C                  
2000f4dc  xdc_runtime_Error_Module__diagsMask__C                      
2000f4e0  xdc_runtime_Error_Module__loggerFxn8__C                     
2000f4e4  xdc_runtime_Error_Module__loggerObj__C                      
2000f4e8  xdc_runtime_Error_policyFxn__C                              
2000f4ec  xdc_runtime_Error_raiseHook__C                              
2000f4f0  xdc_runtime_IFilterLogger_Interface__BASE__C                
2000f4f4  xdc_runtime_IGateProvider_Interface__BASE__C                
2000f4f8  xdc_runtime_IHeap_Interface__BASE__C                        
2000f4fc  xdc_runtime_ILogger_Interface__BASE__C                      
2000f500  xdc_runtime_IModule_Interface__BASE__C                      
2000f504  xdc_runtime_Log_L_error__C                                  
2000f508  xdc_runtime_LoggerBuf_E_badLevel__C                         
2000f50c  xdc_runtime_LoggerBuf_Module__gateObj__C                    
2000f510  xdc_runtime_LoggerBuf_Object__count__C                      
2000f514  xdc_runtime_LoggerBuf_statusLogger__C                       
2000f518  xdc_runtime_Memory_defaultHeapInstance__C                   
2000f51c  xdc_runtime_Startup_execImpl__C                             
2000f520  xdc_runtime_Startup_maxPasses__C                            
2000f524  xdc_runtime_Startup_sfxnRts__C                              
2000f528  xdc_runtime_Startup_sfxnTab__C                              
2000f52c  xdc_runtime_SysMin_bufSize__C                               
2000f530  xdc_runtime_SysMin_outputFunc__C                            
2000f534  xdc_runtime_System_Module__gateObj__C                       
2000f538  xdc_runtime_System_abortFxn__C                              
2000f53c  xdc_runtime_System_exitFxn__C                               
2000f540  xdc_runtime_System_extendFxn__C                             
2000f544  xdc_runtime_System_maxAtexitHandlers__C                     
2000f548  xdc_runtime_Text_charTab__C                                 
2000f54c  xdc_runtime_Text_nameEmpty__C                               
2000f550  xdc_runtime_Text_nameStatic__C                              
2000f554  xdc_runtime_Text_nameUnknown__C                             
2000f558  xdc_runtime_Text_nodeTab__C                                 
2000f55c  xdc_runtime_Text_visitRopeFxn__C                            
2000f560  ti_sysbios_family_arm_m3_Hwi_Module__id__C                  
2000f562  ti_sysbios_family_arm_m3_Hwi_Module__loggerDefined__C       
2000f564  ti_sysbios_family_arm_m3_Timer_Module__id__C                
2000f566  ti_sysbios_family_arm_m3_TimestampProvider_configTimer__C   
2000f568  ti_sysbios_gates_GateMutex_Module__id__C                    
2000f56a  ti_sysbios_hal_Hwi_Module__id__C                            
2000f56c  ti_sysbios_heaps_HeapMem_Module__id__C                      
2000f56e  ti_sysbios_knl_Clock_Module__id__C                          
2000f570  ti_sysbios_knl_Clock_Module__loggerDefined__C               
2000f572  ti_sysbios_knl_Mailbox_Module__id__C                        
2000f574  ti_sysbios_knl_Semaphore_Module__id__C                      
2000f576  ti_sysbios_knl_Semaphore_Module__loggerDefined__C           
2000f578  ti_sysbios_knl_Swi_Module__id__C                            
2000f57a  ti_sysbios_knl_Swi_Module__loggerDefined__C                 
2000f57c  ti_sysbios_knl_Task_Module__id__C                           
2000f57e  ti_sysbios_knl_Task_Module__loggerDefined__C                
2000f580  xdc_runtime_Core_Module__id__C                              
2000f582  xdc_runtime_Error_Module__loggerDefined__C                  
2000f584  xdc_runtime_Error_maxDepth__C                               
2000f586  xdc_runtime_LoggerBuf_Module__id__C                         
2000f588  xdc_runtime_LoggerBuf_filterByLevel__C                      
2000f58a  xdc_runtime_Memory_Module__id__C                            
2000f58c  xdc_runtime_SysMin_flushAtExit__C                           
2000f58e  xdc_runtime_Text_charCnt__C                                 
2000f590  xdc_runtime_Text_isLoaded__C                                
2000f592  xdc_runtime_Text_registryModsLastId__C                      
2000f594  xdc_runtime_Text_unnamedModsLastId__C                       
2000f596  xdc_runtime_Error_policy__C                                 
2000f598  __TI_static_base__                                          
2000f748  __TI_Handler_Table_Base                                     
2000f754  __TI_Handler_Table_Limit                                    
2000f760  __TI_CINIT_Base                                             
2000f770  __TI_CINIT_Limit                                            
20017000  __start___llvm_prf_cnts                                     
20017000  __stop___llvm_prf_cnts                                      
20017000  ti_sysbios_heaps_HeapMem_Instance_State_0_buf__A            
2001f000  ti_sysbios_knl_Task_Instance_State_0_stack__A               
2001f800  xdc_runtime_LoggerBuf_Instance_State_0_entryArr__A          
2001fc00  xdc_runtime_SysMin_Module_State_0_outbuf__A                 
20020000  ti_sysbios_family_arm_m3_Hwi_dispatchTable                  
2002030c  irDurations                                                 
2002049c  __CIOBUF_                                                   
200205bc  parmbuf                                                     
200205c8  SimpleLinkSpawnTaskHndl                                     
200205cc  simpleLink_mailbox                                          
200205d0  ti_sysbios_knl_Swi_Module_State_0_readyQ__A                 
20020650  ti_sysbios_knl_Task_Module_State_0_readyQ__A                
200206d0  ti_sysbios_knl_Task_Object__table__V                        
2002071c  ti_sysbios_knl_Task_Module__state__V                        
20020760  ti_sysbios_gates_GateMutex_Object__table__V                 
20020798  ti_sysbios_family_arm_m3_Hwi_Module__state__V               
200207cc  ti_sysbios_family_arm_m3_Timer_Object__table__V             
200207fc  ti_sysbios_knl_Swi_Object__table__V                         
2002082c  ti_sysbios_knl_Clock_Module__state__V                       
20020858  ti_sysbios_BIOS_Module__state__V                            
2002087c  xdc_runtime_LoggerBuf_Object__table__V                      
200208a0  ti_sysbios_knl_Swi_Module__state__V                         
200208bc  ti_sysbios_family_arm_m3_Hwi_Object__table__V               
200208d4  ti_sysbios_heaps_HeapMem_Object__table__V                   
200208ec  edgeIndex                                                   
200208f0  lastEdgeTime                                                
200208f4  irCaptured                                                  
200208f8  decodedIR                                                   
200208fc  xdc_runtime_System_Module_State_0_atexitHandlers__A         
2002090c  ti_sysbios_family_arm_m3_Timer_Module__state__V             
20020918  xdc_runtime_SysMin_Module__state__V                         
20020924  protocol                                                    
2002092e  ti_sysbios_family_arm_m3_Hwi_Module_State_0_excActive__A    
20020930  _lock                                                       
20020934  _unlock                                                     
20020938  ti_sysbios_family_arm_m3_Hwi_Module__root__V                
20020940  ti_sysbios_gates_GateHwi_Module__root__V                    
20020948  ti_sysbios_gates_GateMutex_Module__root__V                  
20020950  ti_sysbios_heaps_HeapMem_Module__root__V                    
20020958  ti_sysbios_knl_Mailbox_Module__root__V                      
20020960  ti_sysbios_knl_Queue_Module__root__V                        
20020968  ti_sysbios_knl_Semaphore_Module__root__V                    
20020970  ti_sysbios_knl_Task_Module__root__V                         
20020978  xdc_runtime_LoggerBuf_Module__root__V                       
20020980  xdc_runtime_Registry_Module__state__V                       
20020988  xdc_runtime_Startup_Module__state__V                        
20020990  xdc_runtime_System_Module__state__V                         
20020998  xdc_runtime_LoggerBuf_Module__state__V                      
2002099e  xdc_runtime_Error_Module__state__V                          
200209a0  errno                                                       
200209a4  main_func_sp                                                
200209a8  ti_sysbios_family_arm_m3_Hwi_Module_State_0_excContext__A   
200209ac  ti_sysbios_family_arm_m3_Hwi_Module_State_0_excStack__A     
200209b0  ti_sysbios_family_arm_m3_TimestampProvider_Module__state__V 
200209b4  ti_sysbios_gates_GateHwi_Object__table__V                   
200209b8  ti_sysbios_knl_Task_Module_State_0_idleTask__A              
200209bc  xdc_runtime_Memory_Module__state__V                         
2002e000  __stack                                                     
20030000  __STACK_END                                                 
e000e000  ti_sysbios_family_arm_m3_Hwi_nvic                           
ffffffff  __TI_pprof_out_hndl                                         
ffffffff  __TI_prof_data_size                                         
ffffffff  __TI_prof_data_start                                        
ffffffff  __binit__                                                   
ffffffff  __c_args__                                                  
ffffffff  binit                                                       
UNDEFED   SHT$$INIT_ARRAY$$Base                                       
UNDEFED   SHT$$INIT_ARRAY$$Limit                                      

[766 symbols]
